 WindowsiCreate_sfun

 Timestamp is 52f52ce1 (Fri Feb 07 10:58:41 2014)

 Preferred load address is 10000000

 Start         Length     Name                   Class
 0001:00000000 00034114H .text                   CODE
 0002:00000000 00000254H .idata$5                DATA
 0002:00000254 00000004H .CRT$XCA                DATA
 0002:00000258 00000004H .CRT$XCZ                DATA
 0002:0000025c 00000004H .CRT$XIA                DATA
 0002:00000260 00000004H .CRT$XIAA               DATA
 0002:00000264 00000004H .CRT$XIC                DATA
 0002:00000268 00000004H .CRT$XIZ                DATA
 0002:00000270 000045e0H .rdata                  DATA
 0002:00004850 00000004H .rdata$sxdata           DATA
 0002:00004854 00000004H .rtc$IAA                DATA
 0002:00004858 00000004H .rtc$IZZ                DATA
 0002:0000485c 00000004H .rtc$TAA                DATA
 0002:00004860 00000004H .rtc$TZZ                DATA
 0002:00004868 00000064H .xdata$x                DATA
 0002:000048cc 000000a0H .idata$2                DATA
 0002:0000496c 00000014H .idata$3                DATA
 0002:00004980 00000254H .idata$4                DATA
 0002:00004bd4 00000b02H .idata$6                DATA
 0002:000056e0 00000059H .edata                  DATA
 0003:00000000 00002800H .data                   DATA
 0003:00002800 000020c8H .bss                    DATA

  Address         Publics by Value              Rva+Base       Lib:Object

 0000:00000000       __except_list              00000000     <absolute>
 0000:00000001       ___safe_se_handler_count   00000001     <absolute>
 0000:00009876       __fltused                  00009876     <absolute>
 0000:00009876       __ldused                   00009876     <absolute>
 0000:00000000       ___ImageBase               10000000     <linker-defined>
 0001:00000020       _sf_c1_WindowsiCreate_get_eml_resolved_functions_info 10001020 f   c1_WindowsiCreate.obj
 0001:00000070       _sf_c1_WindowsiCreate_get_check_sum 10001070 f   c1_WindowsiCreate.obj
 0001:000000d0       _sf_c1_WindowsiCreate_get_autoinheritance_info 100010d0 f   c1_WindowsiCreate.obj
 0001:00000d90       _sf_c1_WindowsiCreate_third_party_uses_info 10001d90 f   c1_WindowsiCreate.obj
 0001:00000db0       _sf_internal_get_sim_state_c1_WindowsiCreate 10001db0 f   c1_WindowsiCreate.obj
 0001:00001190       _sf_internal_set_sim_state_c1_WindowsiCreate 10002190 f   c1_WindowsiCreate.obj
 0001:00001560       _c1_WindowsiCreate_method_dispatcher 10002560 f   c1_WindowsiCreate.obj
 0001:00004550       _sf_c2_WindowsiCreate_get_eml_resolved_functions_info 10005550 f   c2_WindowsiCreate.obj
 0001:00004ed0       _sf_c2_WindowsiCreate_get_check_sum 10005ed0 f   c2_WindowsiCreate.obj
 0001:00004f30       _sf_c2_WindowsiCreate_get_autoinheritance_info 10005f30 f   c2_WindowsiCreate.obj
 0001:00005440       _sf_c2_WindowsiCreate_third_party_uses_info 10006440 f   c2_WindowsiCreate.obj
 0001:00005460       _sf_internal_get_sim_state_c2_WindowsiCreate 10006460 f   c2_WindowsiCreate.obj
 0001:000056f0       _sf_internal_set_sim_state_c2_WindowsiCreate 100066f0 f   c2_WindowsiCreate.obj
 0001:00005a00       _c2_WindowsiCreate_method_dispatcher 10006a00 f   c2_WindowsiCreate.obj
 0001:0000aea0       _sf_process_check_sum_call 1000bea0 f   WindowsiCreate_sfun_registry.obj
 0001:0000aed0       _sf_process_autoinheritance_call 1000bed0 f   WindowsiCreate_sfun_registry.obj
 0001:0000b010       _sf_process_get_third_party_uses_info_call 1000c010 f   WindowsiCreate_sfun_registry.obj
 0001:0000b150       _sf_process_get_eml_resolved_functions_info_call 1000c150 f   WindowsiCreate_sfun_registry.obj
 0001:0000b270       _sf_mex_unlock_call        1000c270 f   WindowsiCreate_sfun_registry.obj
 0001:0000b300       _sf_machine_global_initializer_called 1000c300 f   WindowsiCreate_sfun_registry.obj
 0001:0000b320       _sf_machine_global_method_dispatcher 1000c320 f   WindowsiCreate_sfun_registry.obj
 0001:0000b360       _sf_machine_global_terminator 1000c360 f   WindowsiCreate_sfun_registry.obj
 0001:0000b3a0       _sf_register_machine_exported_symbols 1000c3a0 f   WindowsiCreate_sfun_registry.obj
 0001:0000b3c0       _callCustomFcn             1000c3c0 f   WindowsiCreate_sfun_registry.obj
 0001:0000b3d0       _sf_machine_global_initializer 1000c3d0 f   WindowsiCreate_sfun_registry.obj
 0001:0000b440       __ssSetStateAbsTol         1000c440 f   WindowsiCreate_sfun_registry.obj
 0001:0000b4e0       __ssGetAbsTol              1000c4e0 f   WindowsiCreate_sfun_registry.obj
 0001:0000b530       __ssSetInputPortMatrixDimensions 1000c530 f   WindowsiCreate_sfun_registry.obj
 0001:0000b5e0       __ssSetOutputPortMatrixDimensions 1000c5e0 f   WindowsiCreate_sfun_registry.obj
 0001:0000b690       __ssSetInputPortVectorDimension 1000c690 f   WindowsiCreate_sfun_registry.obj
 0001:0000b710       __ssSetOutputPortVectorDimension 1000c710 f   WindowsiCreate_sfun_registry.obj
 0001:0000b790       _ssIsRunTimeParamTunable   1000c790 f   WindowsiCreate_sfun_registry.obj
 0001:0000b7f0       _ssGetSFuncBlockHandle     1000c7f0 f   WindowsiCreate_sfun_registry.obj
 0001:0000b840       __ssGetCurrentInputPortWidth 1000c840 f   WindowsiCreate_sfun_registry.obj
 0001:0000b910       __ssGetCurrentOutputPortWidth 1000c910 f   WindowsiCreate_sfun_registry.obj
 0001:0000b9e0       __ssGetCallSystemNumFcnCallDestinations 1000c9e0 f   WindowsiCreate_sfun_registry.obj
 0001:0000ba40       _ssWarning                 1000ca40 f   WindowsiCreate_sfun_registry.obj
 0001:0000bb20       _ssGetIsZeroCrossControlDisabled 1000cb20 f   WindowsiCreate_sfun_registry.obj
 0001:0000bb80       _ssSetIsInputPortUsedForContZcSignal 1000cb80 f   WindowsiCreate_sfun_registry.obj
 0001:0000bbd0       _ssSetZcSignalIsZcElementDisc 1000cbd0 f   WindowsiCreate_sfun_registry.obj
 0001:0000bc50       _ssSetZcSignalName         1000cc50 f   WindowsiCreate_sfun_registry.obj
 0001:0000bca0       _ssSetZcSignalWidth        1000cca0 f   WindowsiCreate_sfun_registry.obj
 0001:0000bcf0       _ssSetZcSignalZcEventType  1000ccf0 f   WindowsiCreate_sfun_registry.obj
 0001:0000bd40       _ssSetZcSignalType         1000cd40 f   WindowsiCreate_sfun_registry.obj
 0001:0000bd90       _ssSetZcSignalZcTol        1000cd90 f   WindowsiCreate_sfun_registry.obj
 0001:0000bde0       _ssSetZcSignalNeedsEventNotification 1000cde0 f   WindowsiCreate_sfun_registry.obj
 0001:0000be30       _ssCreateAndAddZcSignalInfo 1000ce30 f   WindowsiCreate_sfun_registry.obj
 0001:0000be90       _ssCloneAndAddZcSignalInfo 1000ce90 f   WindowsiCreate_sfun_registry.obj
 0001:0000bef0       _ssGetNumZcSignals         1000cef0 f   WindowsiCreate_sfun_registry.obj
 0001:0000bf50       _ssGetZcSignalVector       1000cf50 f   WindowsiCreate_sfun_registry.obj
 0001:0000bfb0       _ssGetZcSignalZcEvents     1000cfb0 f   WindowsiCreate_sfun_registry.obj
 0001:0000c010       _ssGetZcSignalName         1000d010 f   WindowsiCreate_sfun_registry.obj
 0001:0000c070       _ssGetZcSignalWidth        1000d070 f   WindowsiCreate_sfun_registry.obj
 0001:0000c0d0       _ssGetZcSignalZcEventType  1000d0d0 f   WindowsiCreate_sfun_registry.obj
 0001:0000c130       _ssGetZcSignalType         1000d130 f   WindowsiCreate_sfun_registry.obj
 0001:0000c190       _ssGetZcSignalZcTol        1000d190 f   WindowsiCreate_sfun_registry.obj
 0001:0000c1f0       _ssGetZcSignalNeedsEventNotification 1000d1f0 f   WindowsiCreate_sfun_registry.obj
 0001:0000c250       _ssGetZcSignalIsZcElementDisc 1000d250 f   WindowsiCreate_sfun_registry.obj
 0001:0000c2d0       _ssGetIsInputPortElementContinuous 1000d2d0 f   WindowsiCreate_sfun_registry.obj
 0001:0000c350       __ssGetInputPortSignalPtrsFcn 1000d350 f   WindowsiCreate_sfun_registry.obj
 0001:0000c550       __ssGetInputPortSignalFcn  1000d550 f   WindowsiCreate_sfun_registry.obj
 0001:0000c6e0       __ssSetInputPortDirectFeedThroughFcn 1000d6e0 f   WindowsiCreate_sfun_registry.obj
 0001:0000c810       __ssSetInputPortReusableFcn 1000d810 f   WindowsiCreate_sfun_registry.obj
 0001:0000c8a0       __ssSetOutputPortReusableFcn 1000d8a0 f   WindowsiCreate_sfun_registry.obj
 0001:0000c930       _ssGetDTypeIdFromMxArray   1000d930 f   WindowsiCreate_sfun_registry.obj
 0001:0000ca20       _ssWriteRTWStr             1000da20 f   WindowsiCreate_sfun_registry.obj
 0001:0000ca60       _ssWriteRTWMxVectParam     1000da60 f   WindowsiCreate_sfun_registry.obj
 0001:0000caa0       _ssWriteRTWMx2dMatParam    1000daa0 f   WindowsiCreate_sfun_registry.obj
 0001:0000cae0       _ssWriteRTWNameValuePair   1000dae0 f   WindowsiCreate_sfun_registry.obj
 0001:0000ce50       _ssWriteRTWParameters      1000de50 f   WindowsiCreate_sfun_registry.obj
 0001:0000d1f0       _ssWriteRTWParamSettings   1000e1f0 f   WindowsiCreate_sfun_registry.obj
 0001:0000d6a0       _ssWriteRTWWorkVect        1000e6a0 f   WindowsiCreate_sfun_registry.obj
 0001:0000da30       _mexFunction               1000ea30 f   WindowsiCreate_sfun_registry.obj
 0001:0000f1b0       _ProcessMexSfunctionEveryCall 100101b0 f   WindowsiCreate_sfun_registry.obj
 0001:0000f2c0       _WindowsiCreate_initializer 100102c0 f   WindowsiCreate_sfun.obj
 0001:0000f2d0       _WindowsiCreate_terminator 100102d0 f   WindowsiCreate_sfun.obj
 0001:0000f2e0       _sf_WindowsiCreate_method_dispatcher 100102e0 f   WindowsiCreate_sfun.obj
 0001:0000f330       _sf_WindowsiCreate_process_check_sum_call 10010330 f   WindowsiCreate_sfun.obj
 0001:0000f6f0       _sf_WindowsiCreate_autoinheritance_info 100106f0 f   WindowsiCreate_sfun.obj
 0001:0000f850       _sf_WindowsiCreate_get_eml_resolved_functions_info 10010850 f   WindowsiCreate_sfun.obj
 0001:0000f970       _sf_WindowsiCreate_third_party_uses_info 10010970 f   WindowsiCreate_sfun.obj
 0001:0000fad0       _WindowsiCreate_debug_initialize 10010ad0 f   WindowsiCreate_sfun.obj
 0001:0000fb30       _WindowsiCreate_register_exported_symbols 10010b30 f   WindowsiCreate_sfun.obj
 0001:0000fb40       _load_WindowsiCreate_optimization_info 10010b40 f   WindowsiCreate_sfun.obj
 0001:0000fb80       _unload_WindowsiCreate_optimization_info 10010b80 f   WindowsiCreate_sfun.obj
 0001:0000fc50       _sf_mex_mx_is_numeric      10010c50 f   sfc_mexmsvc80:sfc_mex.obj
 0001:0000fc90       _strcmp_ignore_ws          10010c90 f   sfc_mexmsvc80:sfc_mex.obj
 0001:0000fdb0       _sf_mex_duplicatearraysafe 10010db0 f   sfc_mexmsvc80:sfc_mex.obj
 0001:0000ff90       _sf_set_error_debugger_context_message_fcn 10010f90 f   sfc_mexmsvc80:sfc_mex.obj
 0001:0000ffb0       _sf_set_debugger_matlab_error_fcn 10010fb0 f   sfc_mexmsvc80:sfc_mex.obj
 0001:0000ffe0       _sf_set_error_prefix_string 10010fe0 f   sfc_mexmsvc80:sfc_mex.obj
 0001:00010010       _sf_get_error_prefix_string 10011010 f   sfc_mexmsvc80:sfc_mex.obj
 0001:00010020       _sf_mex_enter_parallel_region 10011020 f   sfc_mexmsvc80:sfc_mex.obj
 0001:00010030       _sf_mex_exit_parallel_region 10011030 f   sfc_mexmsvc80:sfc_mex.obj
 0001:00010040       _sf_get_current_jmp_buf_ptr 10011040 f   sfc_mexmsvc80:sfc_mex.obj
 0001:00010050       _sf_set_current_jmp_buf_ptr 10011050 f   sfc_mexmsvc80:sfc_mex.obj
 0001:00010060       _sf_mex_set_halt_simulation 10011060 f   sfc_mexmsvc80:sfc_mex.obj
 0001:00010070       _sf_mex_get_halt_simulation 10011070 f   sfc_mexmsvc80:sfc_mex.obj
 0001:00010080       _sf_mex_clear_error_message 10011080 f   sfc_mexmsvc80:sfc_mex.obj
 0001:000100a0       _sf_mex_get_error_message_for_read 100110a0 f   sfc_mexmsvc80:sfc_mex.obj
 0001:000100b0       _sf_mex_get_error_message_buffer_length 100110b0 f   sfc_mexmsvc80:sfc_mex.obj
 0001:00010180       _sf_mex_warning_message    10011180 f   sfc_mexmsvc80:sfc_mex.obj
 0001:000101d0       _sf_mex_v_errbuf_createf   100111d0 f   sfc_mexmsvc80:sfc_mex.obj
 0001:000101f0       _sf_mex_errbuf_createf     100111f0 f   sfc_mexmsvc80:sfc_mex.obj
 0001:00010210       _sf_mex_v_errbuf_catf      10011210 f   sfc_mexmsvc80:sfc_mex.obj
 0001:00010250       _sf_mex_errbuf_catf        10011250 f   sfc_mexmsvc80:sfc_mex.obj
 0001:00010290       _sf_mex_errbuf_copy        10011290 f   sfc_mexmsvc80:sfc_mex.obj
 0001:000102b0       _sf_mex_errbuf_clear       100112b0 f   sfc_mexmsvc80:sfc_mex.obj
 0001:000102c0       _sf_mex_errbuf_isempty     100112c0 f   sfc_mexmsvc80:sfc_mex.obj
 0001:00010350       _sf_mex_set_error_status   10011350 f   sfc_mexmsvc80:sfc_mex.obj
 0001:00010380       _sf_mex_error_direct_call  10011380 f   sfc_mexmsvc80:sfc_mex.obj
 0001:000103a0       _sf_mex_error_message_no_long_jump 100113a0 f   sfc_mexmsvc80:sfc_mex.obj
 0001:000103d0       _sf_mex_long_jump_on_error 100113d0 f   sfc_mexmsvc80:sfc_mex.obj
 0001:00010400       _sf_mex_call_matlab        10011400 f   sfc_mexmsvc80:sfc_mex.obj
 0001:000104d0       _sf_mex_check_builtin      100114d0 f   sfc_mexmsvc80:sfc_mex.obj
 0001:00010530       _sf_mex_check_builtin_vs   10011530 f   sfc_mexmsvc80:sfc_mex.obj
 0001:00010590       _sf_mex_check_enum         10011590 f   sfc_mexmsvc80:sfc_mex.obj
 0001:000105e0       _sf_mex_create_enum        100115e0 f   sfc_mexmsvc80:sfc_mex.obj
 0001:00010630       _sf_mex_get_enum_element   10011630 f   sfc_mexmsvc80:sfc_mex.obj
 0001:00010640       _sf_mex_createcellarray    10011640 f   sfc_mexmsvc80:sfc_mex.obj
 0001:00010660       _sf_mex_setcell            10011660 f   sfc_mexmsvc80:sfc_mex.obj
 0001:00010670       _sf_mex_getcell            10011670 f   sfc_mexmsvc80:sfc_mex.obj
 0001:00010680       _sf_mex_dup                10011680 f   sfc_mexmsvc80:sfc_mex.obj
 0001:000106b0       _sf_mex_assign             100116b0 f   sfc_mexmsvc80:sfc_mex.obj
 0001:00010700       _sf_mex_destroy            10011700 f   sfc_mexmsvc80:sfc_mex.obj
 0001:00010720       _mx_array_has_fi_type      10011720 f   sfc_mexmsvc80:sfc_mex.obj
 0001:00010750       _sf_mex_convert_from_fi    10011750 f   sfc_mexmsvc80:sfc_mex.obj
 0001:00010830       _sf_mex_convert_to_double  10011830 f   sfc_mexmsvc80:sfc_mex.obj
 0001:00010870       _sf_mex_import_fi_vs       10011870 f   sfc_mexmsvc80:sfc_mex.obj
 0001:000109d0       _sf_matrix_matrix_index_ok 100119d0 f   sfc_mexmsvc80:sfc_mex.obj
 0001:00010a40       _sf_vector_vector_index_ok 10011a40 f   sfc_mexmsvc80:sfc_mex.obj
 0001:00010a70       _ssGetCurrentInputPortDimensions_wrapper 10011a70 f   sfc_mexmsvc80:sfc_mex.obj
 0001:00010a90       _ssGetCurrentOutputPortDimensions_wrapper 10011a90 f   sfc_mexmsvc80:sfc_mex.obj
 0001:00010ab0       _sf_mex_emlrt_context_is_debug_mode 10011ab0 f   sfc_mexmsvc80:sfc_mex.obj
 0001:00010ac0       _sf_mex_emlrt_context_set_debug_mode 10011ac0 f   sfc_mexmsvc80:sfc_mex.obj
 0001:00010ad0       _sf_mex_emlrtNameCapturePostProcessR2012a 10011ad0 f   sfc_mexmsvc80:sfc_mex.obj
 0001:00010b30       _sf_clear_error_manager_info 10011b30 f   sfc_mexmsvc80:sfc_mex.obj
 0001:00010b80       _sf_mex_stop_simulation_abruptly_wo_error 10011b80 f   sfc_mexmsvc80:sfc_mex.obj
 0001:00010bb0       _sf_mex_error_message      10011bb0 f   sfc_mexmsvc80:sfc_mex.obj
 0001:00010c00       _sf_react_to_error_in_matlab_call 10011c00 f   sfc_mexmsvc80:sfc_mex.obj
 0001:00010c30       _sf_mex_addfield           10011c30 f   sfc_mexmsvc80:sfc_mex.obj
 0001:00010cb0       _sf_mex_getfield           10011cb0 f   sfc_mexmsvc80:sfc_mex.obj
 0001:00010f30       _sf_mex_check_class        10011f30 f   sfc_mexmsvc80:sfc_mex.obj
 0001:00010fb0       _sf_mex_is_real            10011fb0 f   sfc_mexmsvc80:sfc_mex.obj
 0001:000111c0       _sf_mex_decode_encoded_mx_struct_array 100121c0 f   sfc_mexmsvc80:sfc_mex.obj
 0001:00011360       _sf_mex_lw_bounds_check    10012360 f   sfc_mexmsvc80:sfc_mex.obj
 0001:00011390       _sf_mex_lw_size_eq_check_1d 10012390 f   sfc_mexmsvc80:sfc_mex.obj
 0001:000113b0       _sf_mex_lw_size_eq_check_nd 100123b0 f   sfc_mexmsvc80:sfc_mex.obj
 0001:00011490       _sf_mex_lw_dim_size_eq_check 10012490 f   sfc_mexmsvc80:sfc_mex.obj
 0001:000114c0       _sf_mex_lw_dim_size_geq_check 100124c0 f   sfc_mexmsvc80:sfc_mex.obj
 0001:000114f0       _sf_mex_lw_sub_assign_size_check_nd 100124f0 f   sfc_mexmsvc80:sfc_mex.obj
 0001:00011620       _sf_mex_lw_runtime_error_msgid 10012620 f   sfc_mexmsvc80:sfc_mex.obj
 0001:000116d0       _sf_mex_lw_matrix_matrix_index_check 100126d0 f   sfc_mexmsvc80:sfc_mex.obj
 0001:00011700       _sf_mex_lw_vector_vector_index_check 10012700 f   sfc_mexmsvc80:sfc_mex.obj
 0001:00011740       _sf_mex_lw_for_loop_vector_check 10012740 f   sfc_mexmsvc80:sfc_mex.obj
 0001:000117a0       _sf_mex_lw_non_negative_check 100127a0 f   sfc_mexmsvc80:sfc_mex.obj
 0001:000117d0       _sf_mex_overflow_error     100127d0 f   sfc_mexmsvc80:sfc_mex.obj
 0001:000117e0       _sf_mex_dividebyzero_error 100127e0 f   sfc_mexmsvc80:sfc_mex.obj
 0001:000117f0       _sf_mex_unsafe_enum_error  100127f0 f   sfc_mexmsvc80:sfc_mex.obj
 0001:00011800       _sf_emlrtErrHandler        10012800 f   sfc_mexmsvc80:sfc_mex.obj
 0001:000118c0       _sf_mex_size_one_check     100128c0 f   sfc_mexmsvc80:sfc_mex.obj
 0001:000118e0       _sf_mex_printf             100128e0 f   sfc_mexmsvc80:sfc_mex.obj
 0001:000119c0       _sf_mex_check_size         100129c0 f   sfc_mexmsvc80:sfc_mex.obj
 0001:00011c40       _sf_mex_check_struct       10012c40 f   sfc_mexmsvc80:sfc_mex.obj
 0001:00011e90       _sf_mex_check_struct_vs    10012e90 f   sfc_mexmsvc80:sfc_mex.obj
 0001:00011ed0       _sf_mex_check_fi           10012ed0 f   sfc_mexmsvc80:sfc_mex.obj
 0001:00011fa0       _sf_mex_check_fi_vs        10012fa0 f   sfc_mexmsvc80:sfc_mex.obj
 0001:00011ff0       _sf_echo_expression        10012ff0 f   sfc_mexmsvc80:sfc_mex.obj
 0001:00012040       _sf_assertion_failed       10013040 f   sfc_mexmsvc80:sfc_mex.obj
 0001:000122d0       _sf_mex_evalin             100132d0 f   sfc_mexmsvc80:sfc_mex.obj
 0001:00012530       _sf_mex_export             10013530 f   sfc_mexmsvc80:sfc_mex.obj
 0001:000125e0       _sf_mex_get_ml_var_no_error 100135e0 f   sfc_mexmsvc80:sfc_mex.obj
 0001:00012740       _sf_mex_get_ml_var         10013740 f   sfc_mexmsvc80:sfc_mex.obj
 0001:00012c10       _ml_set_element_value_in_array 10013c10 f   sfc_mexmsvc80:sfc_mex.obj
 0001:00013d40       _sf_mex_call_impl          10014d40 f   sfc_mexmsvc80:sfc_mex.obj
 0001:000140e0       _sf_mex_call_debug         100150e0 f   sfc_mexmsvc80:sfc_mex.obj
 0001:00014100       _sf_mex_call               10015100 f   sfc_mexmsvc80:sfc_mex.obj
 0001:00014810       _sf_mex_createstruct       10015810 f   sfc_mexmsvc80:sfc_mex.obj
 0001:000148b0       _sf_mex_createstructarray  100158b0 f   sfc_mexmsvc80:sfc_mex.obj
 0001:00014910       _sf_mex_get_mx_datatype_from_sf_datatype 10015910 f   sfc_mexmsvc80:sfc_mex.obj
 0001:00014ba0       _sf_mex_ml_var_sub         10015ba0 f   sfc_mexmsvc80:sfc_mex.obj
 0001:00014d10       _sf_mex_ml_var_subsasgn    10015d10 f   sfc_mexmsvc80:sfc_mex.obj
 0001:00015020       _sf_mex_sub                10016020 f   sfc_mexmsvc80:sfc_mex.obj
 0001:000151c0       _sf_mex_subsasgn           100161c0 f   sfc_mexmsvc80:sfc_mex.obj
 0001:000155b0       _sf_mex_create             100165b0 f   sfc_mexmsvc80:sfc_mex.obj
 0001:00015ea0       _sf_mex_import_named       10016ea0 f   sfc_mexmsvc80:sfc_mex.obj
 0001:00015ef0       _sf_mex_import             10016ef0 f   sfc_mexmsvc80:sfc_mex.obj
 0001:00015f30       _sf_mex_import_vs          10016f30 f   sfc_mexmsvc80:sfc_mex.obj
 0001:00015fc0       _sf_mex_lower_fixpt_mx_array 10016fc0 f   sfc_mexmsvc80:sfc_mex.obj
 0001:00016190       _sf_send_message_wrapper   10017190 f   sfc_mexmsvc80:sfc_sf.obj
 0001:000161c0       _sf_receive_message_wrapper 100171c0 f   sfc_mexmsvc80:sfc_sf.obj
 0001:00016200       _sf_check_out_message_wrapper 10017200 f   sfc_mexmsvc80:sfc_sf.obj
 0001:00016240       _sf_check_in_message_wrapper 10017240 f   sfc_mexmsvc80:sfc_sf.obj
 0001:00016280       _sf_no_message_wrapper     10017280 f   sfc_mexmsvc80:sfc_sf.obj
 0001:000164f0       _sim_mode_is_rtw_gen       100174f0 f   sfc_mexmsvc80:sfc_sf.obj
 0001:00016530       _sim_mode_is_external      10017530 f   sfc_mexmsvc80:sfc_sf.obj
 0001:00016550       _sim_mode_is_modelref_sim  10017550 f   sfc_mexmsvc80:sfc_sf.obj
 0001:00016580       _mdlInitializeSizes        10017580 f   sfc_mexmsvc80:sfc_sf.obj
 0001:000165a0       _mdlInitializeSampleTimes  100175a0 f   sfc_mexmsvc80:sfc_sf.obj
 0001:000165e0       _mdlZeroCrossings          100175e0 f   sfc_mexmsvc80:sfc_sf.obj
 0001:00016690       _mdlDerivatives            10017690 f   sfc_mexmsvc80:sfc_sf.obj
 0001:00016730       _mdl_initialize_conditions_processing 10017730 f   sfc_mexmsvc80:sfc_sf.obj
 0001:00016760       _mdlInitializeConditions   10017760 f   sfc_mexmsvc80:sfc_sf.obj
 0001:00016800       _mdlGetSimState            10017800 f   sfc_mexmsvc80:sfc_sf.obj
 0001:00016820       _mdlSetSimState            10017820 f   sfc_mexmsvc80:sfc_sf.obj
 0001:00016840       _mdl_ext_mode_exec_processing 10017840 f   sfc_mexmsvc80:sfc_sf.obj
 0001:00016860       _mdlExtModeExec            10017860 f   sfc_mexmsvc80:sfc_sf.obj
 0001:000169f0       _mdlTerminate              100179f0 f   sfc_mexmsvc80:sfc_sf.obj
 0001:00016a50       _mdlRTW                    10017a50 f   sfc_mexmsvc80:sfc_sf.obj
 0001:00016a80       _mdlSetWorkWidths          10017a80 f   sfc_mexmsvc80:sfc_sf.obj
 0001:00016aa0       _mdlProcessParameters      10017aa0 f   sfc_mexmsvc80:sfc_sf.obj
 0001:00016ac0       _mdl_start_processing      10017ac0 f   sfc_mexmsvc80:sfc_sf.obj
 0001:00016b10       _mdlStart                  10017b10 f   sfc_mexmsvc80:sfc_sf.obj
 0001:00016bc0       _mdlEnable                 10017bc0 f   sfc_mexmsvc80:sfc_sf.obj
 0001:00016c70       _mdlDisable                10017c70 f   sfc_mexmsvc80:sfc_sf.obj
 0001:00016d00       _sf_get_chart_instance_ptr 10017d00 f   sfc_mexmsvc80:sfc_sf.obj
 0001:00016d20       _sf_load_rtw_optimization_info 10017d20 f   sfc_mexmsvc80:sfc_sf.obj
 0001:00016dc0       _sf_update_buildInfo       10017dc0 f   sfc_mexmsvc80:sfc_sf.obj
 0001:00016e80       _sf_rtw_info_uint_prop     10017e80 f   sfc_mexmsvc80:sfc_sf.obj
 0001:00016fa0       _sf_is_chart_inlinable     10017fa0 f   sfc_mexmsvc80:sfc_sf.obj
 0001:00016fd0       _sf_mark_output_events_with_multiple_callers 10017fd0 f   sfc_mexmsvc80:sfc_sf.obj
 0001:00017130       _sf_mark_chart_reusable_outputs 10018130 f   sfc_mexmsvc80:sfc_sf.obj
 0001:00017290       _sf_mark_chart_expressionable_inputs 10018290 f   sfc_mexmsvc80:sfc_sf.obj
 0001:000173f0       _sf_get_subchart_simstruct 100183f0 f   sfc_mexmsvc80:sfc_sf.obj
 0001:00017430       _sf_get_fixpt_data_type_id 10018430 f   sfc_mexmsvc80:sfc_sf.obj
 0001:00017470       _sf_get_enum_data_type_id  10018470 f   sfc_mexmsvc80:sfc_sf.obj
 0001:000174b0       _sf_get_param_data_type_id 100184b0 f   sfc_mexmsvc80:sfc_sf.obj
 0001:000174e0       _sf_mex_listen_for_ctrl_c_force 100184e0 f   sfc_mexmsvc80:sfc_sf.obj
 0001:000175e0       _sf_mex_draw_now           100185e0 f   sfc_mexmsvc80:sfc_sf.obj
 0001:00017620       _sf_mex_set_debugger_sim_status_listener_fcn 10018620 f   sfc_mexmsvc80:sfc_sf.obj
 0001:00017630       _sf_mex_listen_for_ctrl_c  10018630 f   sfc_mexmsvc80:sfc_sf.obj
 0001:000176c0       _sf_mex_get_sfun_param     100186c0 f   sfc_mexmsvc80:sfc_sf.obj
 0001:00017710       _sf_get_runtime_param_data 10018710 f   sfc_mexmsvc80:sfc_sf.obj
 0001:00017750       _sf_call_output_fcn_call   10018750 f   sfc_mexmsvc80:sfc_sf.obj
 0001:00017870       _sf_call_output_fcn_enable 10018870 f   sfc_mexmsvc80:sfc_sf.obj
 0001:000178f0       _sf_call_output_fcn_disable 100188f0 f   sfc_mexmsvc80:sfc_sf.obj
 0001:00017970       _sf_clear_rtw_identifier   10018970 f   sfc_mexmsvc80:sfc_sf.obj
 0001:00018260       _sf_set_encoded_dwork_info 10019260 f   sfc_mexmsvc80:sfc_sf.obj
 0001:000182a0       _sf_get_dwork_info_from_mat_file 100192a0 f   sfc_mexmsvc80:sfc_sf.obj
 0001:000183f0       _sf_set_rtw_dwork_info     100193f0 f   sfc_mexmsvc80:sfc_sf.obj
 0001:00018520       _mdlOutputs                10019520 f   sfc_mexmsvc80:sfc_sf.obj
 0001:000185c0       _sf_debug_chart_instance_initialized_quick 100195c0 f   sfc_debugmsvc80:sfcdebug.obj
 0001:00018640       _sf_debug_disp             10019640 f   sfc_debugmsvc80:sfcdebug.obj
 0001:00018840       _sf_debug_data_runtime_size_mismatch_error_check 10019840 f   sfc_debugmsvc80:sfcdebug.obj
 0001:00018890       _sf_debug_try_loading_machine 10019890 f   sfc_debugmsvc80:sfcdebug.obj
 0001:00018970       _sf_debug_reset_current_state_configuration 10019970 f   sfc_debugmsvc80:sfcdebug.obj
 0001:000189b0       _sf_debug_store_current_state_configuration 100199b0 f   sfc_debugmsvc80:sfcdebug.obj
 0001:000189f0       _sf_debug_restore_previous_state_configuration 100199f0 f   sfc_debugmsvc80:sfcdebug.obj
 0001:00018a30       _sf_debug_restore_previous_state_configuration2 10019a30 f   sfc_debugmsvc80:sfcdebug.obj
 0001:00018a70       _sf_debug_get_event_scope  10019a70 f   sfc_debugmsvc80:sfcdebug.obj
 0001:00018b90       _use_debugger_step_animation 10019b90 f   sfc_debugmsvc80:sfcdebug.obj
 0001:00018bc0       _sf_debug_get_script_id    10019bc0 f   sfc_debugmsvc80:sfcdebug.obj
 0001:00018c50       _sf_debug_set_script_translation 10019c50 f   sfc_debugmsvc80:sfcdebug.obj
 0001:00018d80       _sf_debug_extract_message_post_receive_info 10019d80 f   sfc_debugmsvc80:sfcdebug.obj
 0001:00018e40       _sf_debug_get_current_machine_id 10019e40 f   sfc_debugmsvc80:sfcdebug.obj
 0001:00018e60       _sf_debug_get_current_optional_integer 10019e60 f   sfc_debugmsvc80:sfcdebug.obj
 0001:00018e70       _sf_debug_get_current_machine_number 10019e70 f   sfc_debugmsvc80:sfcdebug.obj
 0001:00018e90       _sf_debug_get_current_machine_name 10019e90 f   sfc_debugmsvc80:sfcdebug.obj
 0001:00018eb0       _sf_debug_get_current_chart_id 10019eb0 f   sfc_debugmsvc80:sfcdebug.obj
 0001:00018ef0       _sf_debug_get_current_chart_number 10019ef0 f   sfc_debugmsvc80:sfcdebug.obj
 0001:00018f00       _sf_debug_get_current_instance_number 10019f00 f   sfc_debugmsvc80:sfcdebug.obj
 0001:00018f10       _sf_debug_get_current_is_minor_time_step 10019f10 f   sfc_debugmsvc80:sfcdebug.obj
 0001:00018f90       _sf_debug_get_current_object_type 10019f90 f   sfc_debugmsvc80:sfcdebug.obj
 0001:00018fa0       _sf_debug_get_current_instance_handle 10019fa0 f   sfc_debugmsvc80:sfcdebug.obj
 0001:00019000       _sf_debug_get_current_event_type 1001a000 f   sfc_debugmsvc80:sfcdebug.obj
 0001:00019010       _sf_debug_get_current_object_id 1001a010 f   sfc_debugmsvc80:sfcdebug.obj
 0001:00019040       _sf_debug_get_current_active_event_type 1001a040 f   sfc_debugmsvc80:sfcdebug.obj
 0001:00019050       _sf_debug_get_current_active_event_id 1001a050 f   sfc_debugmsvc80:sfcdebug.obj
 0001:00019080       _sf_debug_get_current_tag_type 1001a080 f   sfc_debugmsvc80:sfcdebug.obj
 0001:00019090       _sf_debug_get_current_simulation_time 1001a090 f   sfc_debugmsvc80:sfcdebug.obj
 0001:000190a0       _sf_debug_get_current_coverage_percentage 1001a0a0 f   sfc_debugmsvc80:sfcdebug.obj
 0001:000190b0       _sf_debug_current_statement_context 1001a0b0 f   sfc_debugmsvc80:sfcdebug.obj
 0001:00019140       _sf_debug_get_current_statement_info 1001a140 f   sfc_debugmsvc80:sfcdebug.obj
 0001:00019290       _sf_debug_terminate_instance 1001a290 f   sfc_debugmsvc80:sfcdebug.obj
 0001:00019540       _sf_debug_assertion_failed 1001a540 f   sfc_debugmsvc80:sfcdebug.obj
 0001:00019710       _sf_debug_create_debug_instance_struct 1001a710 f   sfc_debugmsvc80:sfcdebug.obj
 0001:00019750       _sf_debug_set_number_of_data_with_change_event_for_machine 1001a750 f   sfc_debugmsvc80:sfcdebug.obj
 0001:000197a0       _sf_debug_set_machine_event_thresholds 1001a7a0 f   sfc_debugmsvc80:sfcdebug.obj
 0001:000197d0       _sf_debug_set_machine_event_scope 1001a7d0 f   sfc_debugmsvc80:sfcdebug.obj
 0001:00019820       _sf_debug_set_machine_data_thresholds 1001a820 f   sfc_debugmsvc80:sfcdebug.obj
 0001:00019870       _sf_debug_set_machine_data_scope 1001a870 f   sfc_debugmsvc80:sfcdebug.obj
 0001:00019900       _sf_debug_set_machine_data_name 1001a900 f   sfc_debugmsvc80:sfcdebug.obj
 0001:00019950       _sf_debug_set_machine_data_size 1001a950 f   sfc_debugmsvc80:sfcdebug.obj
 0001:00019a50       _sf_debug_set_machine_data_type 1001aa50 f   sfc_debugmsvc80:sfcdebug.obj
 0001:00019b80       _sf_debug_get_chart_data_number 1001ab80 f   sfc_debugmsvc80:sfcdebug.obj
 0001:00019bb0       _sf_debug_get_chart_event_number 1001abb0 f   sfc_debugmsvc80:sfcdebug.obj
 0001:00019be0       _sf_debug_set_chart_state_info 1001abe0 f   sfc_debugmsvc80:sfcdebug.obj
 0001:00019c60       _sf_debug_set_chart_decomposition 1001ac60 f   sfc_debugmsvc80:sfcdebug.obj
 0001:00019cd0       _sf_debug_set_chart_substate_count 1001acd0 f   sfc_debugmsvc80:sfcdebug.obj
 0001:00019da0       _sf_debug_set_chart_substate_index 1001ada0 f   sfc_debugmsvc80:sfcdebug.obj
 0001:00019e20       _sf_debug_set_chart_state_substate_count 1001ae20 f   sfc_debugmsvc80:sfcdebug.obj
 0001:00019f10       _sf_debug_set_chart_state_substate_index 1001af10 f   sfc_debugmsvc80:sfcdebug.obj
 0001:00019f90       _sf_debug_set_number_of_data_with_change_event_for_chart 1001af90 f   sfc_debugmsvc80:sfcdebug.obj
 0001:0001a010       _sf_debug_set_number_of_states_with_entry_event_for_chart 1001b010 f   sfc_debugmsvc80:sfcdebug.obj
 0001:0001a090       _sf_debug_set_number_of_states_with_exit_event_for_chart 1001b090 f   sfc_debugmsvc80:sfcdebug.obj
 0001:0001a110       _sf_debug_set_chart_disable_implicit_casting 1001b110 f   sfc_debugmsvc80:sfcdebug.obj
 0001:0001a180       _sf_debug_set_chart_event_thresholds 1001b180 f   sfc_debugmsvc80:sfcdebug.obj
 0001:0001a200       _sf_debug_set_chart_data_compiled_props 1001b200 f   sfc_debugmsvc80:sfcdebug.obj
 0001:0001a480       _sf_debug_set_chart_data_props 1001b480 f   sfc_debugmsvc80:sfcdebug.obj
 0001:0001a700       _sf_debug_check_fi_license 1001b700 f   sfc_debugmsvc80:sfcdebug.obj
 0001:0001a890       _sf_debug_symbol_scope_push 1001b890 f   sfc_debugmsvc80:sfcdebug.obj
 0001:0001a8c0       _sf_debug_symbol_scope_push_eml 1001b8c0 f   sfc_debugmsvc80:sfcdebug.obj
 0001:0001a900       _sf_debug_symbol_scope_pop 1001b900 f   sfc_debugmsvc80:sfcdebug.obj
 0001:0001a940       _sf_debug_symbol_scope_add_importable 1001b940 f   sfc_debugmsvc80:sfcdebug.obj
 0001:0001a9a0       _sf_debug_symbol_scope_add 1001b9a0 f   sfc_debugmsvc80:sfcdebug.obj
 0001:0001a9f0       _sf_debug_symbol_scope_add_dyn_importable 1001b9f0 f   sfc_debugmsvc80:sfcdebug.obj
 0001:0001aa60       _sf_debug_symbol_scope_add_dyn 1001ba60 f   sfc_debugmsvc80:sfcdebug.obj
 0001:0001aa90       _sf_debug_symbol_scope_add_eml_importable 1001ba90 f   sfc_debugmsvc80:sfcdebug.obj
 0001:0001aac0       _sf_debug_symbol_scope_add_eml 1001bac0 f   sfc_debugmsvc80:sfcdebug.obj
 0001:0001aaf0       _sf_debug_symbol_scope_add_eml_dyn_importable 1001baf0 f   sfc_debugmsvc80:sfcdebug.obj
 0001:0001ab40       _sf_debug_symbol_scope_add_eml_dyn 1001bb40 f   sfc_debugmsvc80:sfcdebug.obj
 0001:0001ab90       _sf_debug_symbol_switch    1001bb90 f   sfc_debugmsvc80:sfcdebug.obj
 0001:0001abb0       _sf_debug_symbol_scope_add_verbose 1001bbb0 f   sfc_debugmsvc80:sfcdebug.obj
 0001:0001ac20       _sf_debug_set_machine_data_value_ptr 1001bc20 f   sfc_debugmsvc80:sfcdebug.obj
 0001:0001ac60       _sf_debug_set_instance_data_value_ptr 1001bc60 f   sfc_debugmsvc80:sfcdebug.obj
 0001:0001acc0       _sf_debug_unset_instance_data_value_ptr 1001bcc0 f   sfc_debugmsvc80:sfcdebug.obj
 0001:0001ad10       _sf_debug_set_chart_event_scope 1001bd10 f   sfc_debugmsvc80:sfcdebug.obj
 0001:0001ad90       _sf_debug_set_chart_transition_coverage_maps 1001bd90 f   sfc_debugmsvc80:sfcdebug.obj
 0001:0001ae20       _sf_debug_set_chart_state_coverage_maps 1001be20 f   sfc_debugmsvc80:sfcdebug.obj
 0001:0001aea0       _sf_debug_set_instance_transition_coverage_weights 1001bea0 f   sfc_debugmsvc80:sfcdebug.obj
 0001:0001af10       _sf_debug_set_instance_state_coverage_weights 1001bf10 f   sfc_debugmsvc80:sfcdebug.obj
 0001:0001b110       _sf_debug_unload_machine   1001c110 f   sfc_debugmsvc80:sfcdebug.obj
 0001:0001b160       _sf_debug_load_machine     1001c160 f   sfc_debugmsvc80:sfcdebug.obj
 0001:0001b200       _sf_debug_set_active_instance_in_data_dictionary 1001c200 f   sfc_debugmsvc80:sfcdebug.obj
 0001:0001b380       _sf_debug_set_active_instance 1001c380 f   sfc_debugmsvc80:sfcdebug.obj
 0001:0001b480       _sf_debug_chart_visiblity_change 1001c480 f   sfc_debugmsvc80:sfcdebug.obj
 0001:0001b520       _sf_debug_select_chart     1001c520 f   sfc_debugmsvc80:sfcdebug.obj
 0001:0001b610       _sf_debug_set_instance_cv_ids 1001c610 f   sfc_debugmsvc80:sfcdebug.obj
 0001:0001b7d0       _sf_debug_select_charts    1001c7d0 f   sfc_debugmsvc80:sfcdebug.obj
 0001:0001b920       _sf_debug_initialized      1001c920 f   sfc_debugmsvc80:sfcdebug.obj
 0001:0001b940       _sf_debug_is_uninterruptible 1001c940 f   sfc_debugmsvc80:sfcdebug.obj
 0001:0001b980       _sf_debug_initialize_debugger_gui 1001c980 f   sfc_debugmsvc80:sfcdebug.obj
 0001:0001bd10       _sf_debug_resume           1001cd10 f   sfc_debugmsvc80:sfcdebug.obj
 0001:0001bd40       _sf_debug_go               1001cd40 f   sfc_debugmsvc80:sfcdebug.obj
 0001:0001bd60       _sf_debug_break            1001cd60 f   sfc_debugmsvc80:sfcdebug.obj
 0001:0001bd80       _sf_debug_step_over        1001cd80 f   sfc_debugmsvc80:sfcdebug.obj
 0001:0001bda0       _sf_debug_step_out         1001cda0 f   sfc_debugmsvc80:sfcdebug.obj
 0001:0001bdc0       _sf_debug_set_disable_all_breakpoints 1001cdc0 f   sfc_debugmsvc80:sfcdebug.obj
 0001:0001bde0       _sf_debug_disable_all_breakpoints_and_go 1001cde0 f   sfc_debugmsvc80:sfcdebug.obj
 0001:0001be00       _sf_debug_break_on_chart_entry 1001ce00 f   sfc_debugmsvc80:sfcdebug.obj
 0001:0001be20       _sf_debug_break_on_event_broadcast 1001ce20 f   sfc_debugmsvc80:sfcdebug.obj
 0001:0001be40       _sf_debug_break_on_state_entry 1001ce40 f   sfc_debugmsvc80:sfcdebug.obj
 0001:0001be60       _sf_debug_break_between_times 1001ce60 f   sfc_debugmsvc80:sfcdebug.obj
 0001:0001be90       _sf_debug_browse_data      1001ce90 f   sfc_debugmsvc80:sfcdebug.obj
 0001:0001bea0       _sf_debug_watch_data       1001cea0 f   sfc_debugmsvc80:sfcdebug.obj
 0001:0001bed0       _sf_debug_assign_data      1001ced0 f   sfc_debugmsvc80:sfcdebug.obj
 0001:0001bee0       _sf_debug_whos             1001cee0 f   sfc_debugmsvc80:sfcdebug.obj
 0001:0001bf00       _sf_debug_get_consistency_info 1001cf00 f   sfc_debugmsvc80:sfcdebug.obj
 0001:0001bf10       _sf_debug_browse_trace     1001cf10 f   sfc_debugmsvc80:sfcdebug.obj
 0001:0001bf20       _sf_debug_set_breakpoints  1001cf20 f   sfc_debugmsvc80:sfcdebug.obj
 0001:0001bfe0       _sf_debug_set_eml_breakpoints 1001cfe0 f   sfc_debugmsvc80:sfcdebug.obj
 0001:0001c0f0       _sf_debug_set_script_breakpoints 1001d0f0 f   sfc_debugmsvc80:sfcdebug.obj
 0001:0001c170       _sf_debug_add_script_breakpoints 1001d170 f   sfc_debugmsvc80:sfcdebug.obj
 0001:0001c1e0       _sf_debug_clear_script_breakpoints 1001d1e0 f   sfc_debugmsvc80:sfcdebug.obj
 0001:0001c250       _sf_debug_query_script_breakpoints 1001d250 f   sfc_debugmsvc80:sfcdebug.obj
 0001:0001c2e0       _sf_debug_get_eml_script_id 1001d2e0 f   sfc_debugmsvc80:sfcdebug.obj
 0001:0001c330       _sf_debug_set_watch        1001d330 f   sfc_debugmsvc80:sfcdebug.obj
 0001:0001c4c0       _sf_debug_get_instance_handle 1001d4c0 f   sfc_debugmsvc80:sfcdebug.obj
 0001:0001c540       _sf_debug_get_active_states 1001d540 f   sfc_debugmsvc80:sfcdebug.obj
 0001:0001c560       _sf_debug_set_honor_breakpoints 1001d560 f   sfc_debugmsvc80:sfcdebug.obj
 0001:0001c580       _sf_debug_get_animation    1001d580 f   sfc_debugmsvc80:sfcdebug.obj
 0001:0001c590       _sf_debug_set_animation    1001d590 f   sfc_debugmsvc80:sfcdebug.obj
 0001:0001c5b0       _sf_debug_animate          1001d5b0 f   sfc_debugmsvc80:sfcdebug.obj
 0001:0001c5e0       _sf_debug_cycle_detection_check 1001d5e0 f   sfc_debugmsvc80:sfcdebug.obj
 0001:0001c600       _sf_debug_data_range_check 1001d600 f   sfc_debugmsvc80:sfcdebug.obj
 0001:0001c620       _sf_debug_transition_conflict_check 1001d620 f   sfc_debugmsvc80:sfcdebug.obj
 0001:0001c640       _sf_debug_state_consistency_check 1001d640 f   sfc_debugmsvc80:sfcdebug.obj
 0001:0001c660       _sf_debug_data_range_check_enabled 1001d660 f   sfc_debugmsvc80:sfcdebug.obj
 0001:0001c680       _sf_debug_transition_conflict_check_enabled 1001d680 f   sfc_debugmsvc80:sfcdebug.obj
 0001:0001c6a0       _sf_debug_transition_conflict_check_begin 1001d6a0 f   sfc_debugmsvc80:sfcdebug.obj
 0001:0001c6c0       _sf_debug_transition_conflict_check_end 1001d6c0 f   sfc_debugmsvc80:sfcdebug.obj
 0001:0001c6e0       _sf_debug_stop_debugging   1001d6e0 f   sfc_debugmsvc80:sfcdebug.obj
 0001:0001c710       _sf_debug_is_cycle_detected 1001d710 f   sfc_debugmsvc80:sfcdebug.obj
 0001:0001c720       _sf_debug_is_array_bounds_detected 1001d720 f   sfc_debugmsvc80:sfcdebug.obj
 0001:0001c730       _sf_debug_get_state_vectors_data_size 1001d730 f   sfc_debugmsvc80:sfcdebug.obj
 0001:0001c780       _sf_debug_get_state_vectors_data 1001d780 f   sfc_debugmsvc80:sfcdebug.obj
 0001:0001c850       _sf_debug_set_state_vectors_data 1001d850 f   sfc_debugmsvc80:sfcdebug.obj
 0001:0001ca80       _sf_debug_get_script_index 1001da80 f   sfc_debugmsvc80:sfcdebug.obj
 0001:0001cbb0       _sf_debug_add_script       1001dbb0 f   sfc_debugmsvc80:sfcdebug.obj
 0001:0001cd00       _cv_eval_point             1001dd00 f   sfc_debugmsvc80:sfcdebug.obj
 0001:0001cdd0       _cv_eval_testobjective     1001ddd0 f   sfc_debugmsvc80:sfcdebug.obj
 0001:0001ce90       _sf_debug_cv_init_state    1001de90 f   sfc_debugmsvc80:sfcdebug.obj
 0001:0001cf30       _sf_debug_cv_init_chart    1001df30 f   sfc_debugmsvc80:sfcdebug.obj
 0001:0001cfb0       _sf_debug_cv_init_trans    1001dfb0 f   sfc_debugmsvc80:sfcdebug.obj
 0001:0001d040       _sf_debug_cv_init_saturation 1001e040 f   sfc_debugmsvc80:sfcdebug.obj
 0001:0001d0e0       _sf_debug_cv_init_testobjectives 1001e0e0 f   sfc_debugmsvc80:sfcdebug.obj
 0001:0001d220       _cv_eml_init_script        1001e220 f   sfc_debugmsvc80:sfcdebug.obj
 0001:0001d2b0       _cv_eml_init_fcn           1001e2b0 f   sfc_debugmsvc80:sfcdebug.obj
 0001:0001d310       _cv_eml_init_testobjective 1001e310 f   sfc_debugmsvc80:sfcdebug.obj
 0001:0001d390       _cv_eml_init_saturation    1001e390 f   sfc_debugmsvc80:sfcdebug.obj
 0001:0001d410       _cv_eml_init_if            1001e410 f   sfc_debugmsvc80:sfcdebug.obj
 0001:0001d490       _cv_eml_init_for           1001e490 f   sfc_debugmsvc80:sfcdebug.obj
 0001:0001d510       _cv_eml_init_while         1001e510 f   sfc_debugmsvc80:sfcdebug.obj
 0001:0001d590       _cv_eml_init_mcdc          1001e590 f   sfc_debugmsvc80:sfcdebug.obj
 0001:0001d620       _cv_eml_init_switch        1001e620 f   sfc_debugmsvc80:sfcdebug.obj
 0001:0001d6b0       _cv_eml_eval               1001e6b0 f   sfc_debugmsvc80:sfcdebug.obj
 0001:0001d740       _sf_debug_bm_is_a_eml_breakpoint 1001e740 f   sfc_debugmsvc80:sfcdebug.obj
 0001:0001d870       _sf_debug_temporal_threshold 1001e870 f   sfc_debugmsvc80:sfcdebug.obj
 0001:0001db60       _sf_debug_transition_conflict_error 1001eb60 f   sfc_debugmsvc80:sfcdebug.obj
 0001:0001de00       _sf_debug_state_inconsistency_error 1001ee00 f   sfc_debugmsvc80:sfcdebug.obj
 0001:0001df00       _sf_debug_check_for_state_inconsistency 1001ef00 f   sfc_debugmsvc80:sfcdebug.obj
 0001:0001df40       _sf_debug_cycle_detecton_error 1001ef40 f   sfc_debugmsvc80:sfcdebug.obj
 0001:0001e580       _sf_debug_size_eq_check_1d 1001f580 f   sfc_debugmsvc80:sfcdebug.obj
 0001:0001e5b0       _sf_debug_size_eq_check_nd 1001f5b0 f   sfc_debugmsvc80:sfcdebug.obj
 0001:0001e690       _sf_debug_dim_size_eq_check 1001f690 f   sfc_debugmsvc80:sfcdebug.obj
 0001:0001e6c0       _sf_debug_dim_size_geq_check 1001f6c0 f   sfc_debugmsvc80:sfcdebug.obj
 0001:0001e6f0       _sf_debug_sub_assign_size_check_nd 1001f6f0 f   sfc_debugmsvc80:sfcdebug.obj
 0001:0001e830       _sf_debug_matrix_matrix_index_check 1001f830 f   sfc_debugmsvc80:sfcdebug.obj
 0001:0001e870       _sf_debug_vector_vector_index_check 1001f870 f   sfc_debugmsvc80:sfcdebug.obj
 0001:0001e8b0       _sf_debug_for_loop_vector_check 1001f8b0 f   sfc_debugmsvc80:sfcdebug.obj
 0001:0001e910       _sf_debug_runtime_error_msgid 1001f910 f   sfc_debugmsvc80:sfcdebug.obj
 0001:0001e9a0       _sf_debug_data_array_bounds_error_check 1001f9a0 f   sfc_debugmsvc80:sfcdebug.obj
 0001:0001ea10       _sf_debug_eml_data_array_bounds_error_check 1001fa10 f   sfc_debugmsvc80:sfcdebug.obj
 0001:0001ed10       _sf_debug_integer_check    1001fd10 f   sfc_debugmsvc80:sfcdebug.obj
 0001:0001ed90       _sf_debug_not_nan_check    1001fd90 f   sfc_debugmsvc80:sfcdebug.obj
 0001:0001edf0       _sf_debug_non_negative_check 1001fdf0 f   sfc_debugmsvc80:sfcdebug.obj
 0001:0001ee60       _sf_debug_overflow_detection 1001fe60 f   sfc_debugmsvc80:sfcdebug.obj
 0001:0001f3a0       _sf_debug_cast_to_real32_T 100203a0 f   sfc_debugmsvc80:sfcdebug.obj
 0001:0001f410       _sf_debug_cast_to_int8_T   10020410 f   sfc_debugmsvc80:sfcdebug.obj
 0001:0001f490       _sf_debug_cast_to_uint8_T  10020490 f   sfc_debugmsvc80:sfcdebug.obj
 0001:0001f520       _sf_debug_cast_to_int16_T  10020520 f   sfc_debugmsvc80:sfcdebug.obj
 0001:0001f5a0       _sf_debug_cast_to_uint16_T 100205a0 f   sfc_debugmsvc80:sfcdebug.obj
 0001:0001f640       _sf_debug_cast_to_int32_T  10020640 f   sfc_debugmsvc80:sfcdebug.obj
 0001:0001f6b0       _sf_debug_cast_to_uint32_T 100206b0 f   sfc_debugmsvc80:sfcdebug.obj
 0001:0001f750       _sf_debug_data_range_error 10020750 f   sfc_debugmsvc80:sfcdebug.obj
 0001:0001f9d0       _sf_debug_read_before_write_check 100209d0 f   sfc_debugmsvc80:sfcdebug.obj
 0001:0001fd30       _sf_debug_data_range_error_wrapper_min_max 10020d30 f   sfc_debugmsvc80:sfcdebug.obj
 0001:0001fdb0       _sf_debug_data_range_error_wrapper_min 10020db0 f   sfc_debugmsvc80:sfcdebug.obj
 0001:0001fe20       _sf_debug_data_range_error_wrapper_max 10020e20 f   sfc_debugmsvc80:sfcdebug.obj
 0001:0001fe90       _sf_debug_data_range_wrapper 10020e90 f   sfc_debugmsvc80:sfcdebug.obj
 0001:0001fee0       _sf_debug_set_current_status_info 10020ee0 f   sfc_debugmsvc80:sfcdebug.obj
 0001:00020240       _sf_debug_register_message_post_receive_info 10021240 f   sfc_debugmsvc80:sfcdebug.obj
 0001:00020400       _sf_debug_call             10021400 f   sfc_debugmsvc80:sfcdebug.obj
 0001:00020c00       _sf_debug_initialize_machine 10021c00 f   sfc_debugmsvc80:sfcdebug.obj
 0001:00020e80       _sf_debug_initialize_chart 10021e80 f   sfc_debugmsvc80:sfcdebug.obj
 0001:00021180       _sf_debug_ensure_script    10022180 f   sfc_debugmsvc80:sfcdebug.obj
 0001:00021220       _cv_eval_saturation        10022220 f   sfc_debugmsvc80:sfcdebug.obj
 0001:00021300       _cv_saturation_accum       10022300 f   sfc_debugmsvc80:sfcdebug.obj
 0001:000213c0       _cv_script_init_script     100223c0 f   sfc_debugmsvc80:sfcdebug.obj
 0001:00021430       _cv_script_init_fcn        10022430 f   sfc_debugmsvc80:sfcdebug.obj
 0001:00021490       _cv_script_init_testobjective 10022490 f   sfc_debugmsvc80:sfcdebug.obj
 0001:000214f0       _cv_script_init_saturation 100224f0 f   sfc_debugmsvc80:sfcdebug.obj
 0001:00021550       _cv_script_init_if         10022550 f   sfc_debugmsvc80:sfcdebug.obj
 0001:000215b0       _cv_script_init_for        100225b0 f   sfc_debugmsvc80:sfcdebug.obj
 0001:00021610       _cv_script_init_while      10022610 f   sfc_debugmsvc80:sfcdebug.obj
 0001:00021670       _cv_script_init_mcdc       10022670 f   sfc_debugmsvc80:sfcdebug.obj
 0001:000216e0       _cv_script_init_switch     100226e0 f   sfc_debugmsvc80:sfcdebug.obj
 0001:00021750       _cv_script_eval            10022750 f   sfc_debugmsvc80:sfcdebug.obj
 0001:000217c0       _eml_debug_line_call       100227c0 f   sfc_debugmsvc80:sfcdebug.obj
 0001:000218b0       _sf_debug_terminate        100228b0 f   sfc_debugmsvc80:sfcdebug.obj
 0001:000219f0       _sf_debug_set_script_cv_ids 100229f0 f   sfc_debugmsvc80:sfcdebug.obj
 0001:00021af0       _sf_debug_api              10022af0 f   sfc_debugmsvc80:sfc_api.obj
 0001:00023570       _sf_debug_sm_terminate     10024570 f   sfc_debugmsvc80:sfdb_animation.obj
 0001:000236d0       _sf_debug_reset_path_objects 100246d0 f   sfc_debugmsvc80:sfdb_animation.obj
 0001:00023740       _sf_debug_sm_reset_object_selection_status 10024740 f   sfc_debugmsvc80:sfdb_animation.obj
 0001:000237e0       _sf_debug_sm_reset_state_buffer 100247e0 f   sfc_debugmsvc80:sfdb_animation.obj
 0001:000238a0       _sf_debug_sm_store_state_buffer 100248a0 f   sfc_debugmsvc80:sfdb_animation.obj
 0001:00023920       _sf_debug_sm_restore_state_buffer1 10024920 f   sfc_debugmsvc80:sfdb_animation.obj
 0001:00023980       _sf_debug_sm_restore_state_buffer2 10024980 f   sfc_debugmsvc80:sfdb_animation.obj
 0001:000239e0       _sf_debug_sm_chart_active  100249e0 f   sfc_debugmsvc80:sfdb_animation.obj
 0001:00023a30       _sf_debug_sm_select_active_objects 10024a30 f   sfc_debugmsvc80:sfdb_animation.obj
 0001:00023df0       _sf_debug_sm_is_chart_active 10024df0 f   sfc_debugmsvc80:sfdb_animation.obj
 0001:00023e30       _sf_debug_sm_is_state_active 10024e30 f   sfc_debugmsvc80:sfdb_animation.obj
 0001:00023fe0       _sf_debug_sm_get_active_states 10024fe0 f   sfc_debugmsvc80:sfdb_animation.obj
 0001:00024410       _sf_debug_sm_initialize_instance 10025410 f   sfc_debugmsvc80:sfdb_animation.obj
 0001:00024620       _sf_debug_sm_change_object_selection_status 10025620 f   sfc_debugmsvc80:sfdb_animation.obj
 0001:00024810       _cv_create_interface       10025810 f   sfc_debugmsvc80:cv_sfinterface.obj
 0001:00024b00       _cv_init_trans             10025b00 f   sfc_debugmsvc80:cv_sfinterface.obj
 0001:00024b50       _cv_init_saturation        10025b50 f   sfc_debugmsvc80:cv_sfinterface.obj
 0001:00024ba0       _cv_init_testobjective     10025ba0 f   sfc_debugmsvc80:cv_sfinterface.obj
 0001:00024bf0       _cv_init_state             10025bf0 f   sfc_debugmsvc80:cv_sfinterface.obj
 0001:00024c50       _cv_init_chart             10025c50 f   sfc_debugmsvc80:cv_sfinterface.obj
 0001:00024ca0       _cv_dec_update_call        10025ca0 f   sfc_debugmsvc80:cv_sfinterface.obj
 0001:00024ce0       _cv_cond_update_call       10025ce0 f   sfc_debugmsvc80:cv_sfinterface.obj
 0001:00024d20       _cv_saturation_update_call 10025d20 f   sfc_debugmsvc80:cv_sfinterface.obj
 0001:00024d60       _cv_saturation_update_accum 10025d60 f   sfc_debugmsvc80:cv_sfinterface.obj
 0001:00024da0       _cv_testobjective_update_call 10025da0 f   sfc_debugmsvc80:cv_sfinterface.obj
 0001:00024de0       _cv_sigrange_update        10025de0 f   sfc_debugmsvc80:cv_sfinterface.obj
 0001:00024e30       _cvsf_eml_eval             10025e30 f   sfc_debugmsvc80:cv_sfinterface.obj
 0001:00024f10       _cvsf_eml_init_script      10025f10 f   sfc_debugmsvc80:cv_sfinterface.obj
 0001:00024f80       _cvsf_eml_init_fcn         10025f80 f   sfc_debugmsvc80:cv_sfinterface.obj
 0001:00024fe0       _cvsf_eml_init_testobjective 10025fe0 f   sfc_debugmsvc80:cv_sfinterface.obj
 0001:00025040       _cvsf_eml_init_saturation  10026040 f   sfc_debugmsvc80:cv_sfinterface.obj
 0001:000250a0       _cvsf_eml_init_if          100260a0 f   sfc_debugmsvc80:cv_sfinterface.obj
 0001:00025100       _cvsf_eml_init_for         10026100 f   sfc_debugmsvc80:cv_sfinterface.obj
 0001:00025160       _cvsf_eml_init_while       10026160 f   sfc_debugmsvc80:cv_sfinterface.obj
 0001:000251c0       _cvsf_eml_init_mcdc        100261c0 f   sfc_debugmsvc80:cv_sfinterface.obj
 0001:00025230       _cvsf_eml_init_switch      10026230 f   sfc_debugmsvc80:cv_sfinterface.obj
 0001:00025290       _cvsf_script_eval          10026290 f   sfc_debugmsvc80:cv_sfinterface.obj
 0001:00025370       _cvsf_script_init_script   10026370 f   sfc_debugmsvc80:cv_sfinterface.obj
 0001:000253e0       _cvsf_script_init_fcn      100263e0 f   sfc_debugmsvc80:cv_sfinterface.obj
 0001:00025440       _cvsf_script_init_testobjective 10026440 f   sfc_debugmsvc80:cv_sfinterface.obj
 0001:000254a0       _cvsf_script_init_saturation 100264a0 f   sfc_debugmsvc80:cv_sfinterface.obj
 0001:00025500       _cvsf_script_init_if       10026500 f   sfc_debugmsvc80:cv_sfinterface.obj
 0001:00025560       _cvsf_script_init_for      10026560 f   sfc_debugmsvc80:cv_sfinterface.obj
 0001:000255b0       _cvsf_script_init_while    100265b0 f   sfc_debugmsvc80:cv_sfinterface.obj
 0001:00025600       _cvsf_script_init_mcdc     10026600 f   sfc_debugmsvc80:cv_sfinterface.obj
 0001:00025670       _cvsf_script_init_switch   10026670 f   sfc_debugmsvc80:cv_sfinterface.obj
 0001:000256d0       _cv_destroy_interface      100266d0 f   sfc_debugmsvc80:cv_sfinterface.obj
 0001:000256f0       _cv_create_instance_objects 100266f0 f   sfc_debugmsvc80:cv_sfinterface.obj
 0001:00025a20       _cv_is_enabled             10026a20 f   sfc_debugmsvc80:cv_sfinterface.obj
 0001:00025a30       _sf_debug_cv_initialize_script 10026a30 f   sfc_debugmsvc80:cv_sfinterface.obj
 0001:00025bb0       _sf_debug_cv_initialize_instance 10026bb0 f   sfc_debugmsvc80:cv_sfinterface.obj
 0001:00025ea0       _sf_debug_cv_terminate_chart 10026ea0 f   sfc_debugmsvc80:cv_sfinterface.obj
 0001:00025fa0       _cv_call_trans_test        10026fa0 f   sfc_debugmsvc80:cv_sfinterface.obj
 0001:00025fb0       _cv_call_sub_cond_test     10026fb0 f   sfc_debugmsvc80:cv_sfinterface.obj
 0001:00025ff0       _sf_debug_st_initialize_machine 10026ff0 f   sfc_debugmsvc80:sfdb_data_browse.obj
 0001:000260a0       _sf_debug_st_initialize_instance 100270a0 f   sfc_debugmsvc80:sfdb_data_browse.obj
 0001:00026250       _sf_debug_st_terminate     10027250 f   sfc_debugmsvc80:sfdb_data_browse.obj
 0001:000263b0       _sf_debug_st_set_data_value_ptr_in_machine 100273b0 f   sfc_debugmsvc80:sfdb_data_browse.obj
 0001:00026420       _sf_debug_st_set_data_value_ptr_in_instance 10027420 f   sfc_debugmsvc80:sfdb_data_browse.obj
 0001:000264d0       _sf_debug_st_unset_data_value_ptr_in_machine 100274d0 f   sfc_debugmsvc80:sfdb_data_browse.obj
 0001:00026530       _sf_debug_st_unset_data_value_ptr_in_instance 10027530 f   sfc_debugmsvc80:sfdb_data_browse.obj
 0001:00026840       _sf_debug_mx_value         10027840 f   sfc_debugmsvc80:sfdb_data_browse.obj
 0001:00026890       _sf_debug_mx_packed_vector 10027890 f   sfc_debugmsvc80:sfdb_data_browse.obj
 0001:00026930       _sf_debug_mx_uint_vector   10027930 f   sfc_debugmsvc80:sfdb_data_browse.obj
 0001:000269b0       _sf_debug_st_get_double_value_from_void_ptr_vector 100279b0 f   sfc_debugmsvc80:sfdb_data_browse.obj
 0001:000271b0       _sf_debug_st_browse_data   100281b0 f   sfc_debugmsvc80:sfdb_data_browse.obj
 0001:00027890       _sf_debug_hm_initialize_instance 10028890 f   sfc_debugmsvc80:sfdb_handle_management.obj
 0001:00027d30       _sf_debug_hm_get_object_id 10028d30 f   sfc_debugmsvc80:sfdb_handle_management.obj
 0001:00028750       _sf_debug_hm_update_chart_visibility 10029750 f   sfc_debugmsvc80:sfdb_handle_management.obj
 0001:00029750       _sf_debug_object_is_eml_function 1002a750 f   sfc_debugmsvc80:sfdb_handle_management.obj
 0001:000297b0       _sf_debug_hm_initialize_ids_in_machine 1002a7b0 f   sfc_debugmsvc80:sfdb_handle_management.obj
 0001:00029900       _sf_debug_hm_initialize_ids_in_chart 1002a900 f   sfc_debugmsvc80:sfdb_handle_management.obj
 0001:000299f0       _sf_debug_hm_initialize_chart 1002a9f0 f   sfc_debugmsvc80:sfdb_handle_management.obj
 0001:0002a0b0       _sf_debug_hm_terminate     1002b0b0 f   sfc_debugmsvc80:sfdb_handle_management.obj
 0001:0002a110       _sf_debug_hm_initialize_machine 1002b110 f   sfc_debugmsvc80:sfdb_handle_management.obj
 0001:0002a7e0       _sf_debug_ss_initialize    1002b7e0 f   sfc_debugmsvc80:sfdb_symbol_scope.obj
 0001:0002a800       _sf_debug_ss_terminate     1002b800 f   sfc_debugmsvc80:sfdb_symbol_scope.obj
 0001:0002a880       _sf_debug_ss_push_symbol_scope 1002b880 f   sfc_debugmsvc80:sfdb_symbol_scope.obj
 0001:0002a940       _sf_debug_ss_push_symbol_scope_eml 1002b940 f   sfc_debugmsvc80:sfdb_symbol_scope.obj
 0001:0002a990       _sf_debug_ss_pop_symbol_scope 1002b990 f   sfc_debugmsvc80:sfdb_symbol_scope.obj
 0001:0002aa30       _sf_debug_ss_add_symbol    1002ba30 f   sfc_debugmsvc80:sfdb_symbol_scope.obj
 0001:0002ab20       _sf_debug_ss_add_symbol_eml 1002bb20 f   sfc_debugmsvc80:sfdb_symbol_scope.obj
 0001:0002b430       _sf_debug_ss_set_data_value 1002c430 f   sfc_debugmsvc80:sfdb_symbol_scope.obj
 0001:0002b780       _getInstanceNumber         1002c780 f   sfc_debugmsvc80:sfdb_symbol_scope.obj
 0001:0002b850       _sf_debug_ss_watch_data    1002c850 f   sfc_debugmsvc80:sfdb_symbol_scope.obj
 0001:0002b940       _sf_debug_ss_assign_data   1002c940 f   sfc_debugmsvc80:sfdb_symbol_scope.obj
 0001:0002c1e0       _get_data_entry_name       1002d1e0 f   sfc_debugmsvc80:sfdb_symbol_scope.obj
 0001:0002c230       _sf_debug_ss_whos          1002d230 f   sfc_debugmsvc80:sfdb_symbol_scope.obj
 0001:0002c6e0       _sf_debug_cc_initialize_chart 1002d6e0 f   sfc_debugmsvc80:sfdb_coverage.obj
 0001:0002d040       _sf_debug_cc_initialize_instance 1002e040 f   sfc_debugmsvc80:sfdb_coverage.obj
 0001:0002dc70       _sf_debug_cc_terminate     1002ec70 f   sfc_debugmsvc80:sfdb_coverage.obj
 0001:0002dd40       _sf_debug_cc_set_transition_maps 1002ed40 f   sfc_debugmsvc80:sfdb_coverage.obj
 0001:0002de40       _sf_debug_cc_set_state_maps 1002ee40 f   sfc_debugmsvc80:sfdb_coverage.obj
 0001:0002df10       _sf_debug_cc_set_transition_weights 1002ef10 f   sfc_debugmsvc80:sfdb_coverage.obj
 0001:0002e140       _sf_debug_cc_set_state_weights 1002f140 f   sfc_debugmsvc80:sfdb_coverage.obj
 0001:0002e370       _sf_debug_cc_mark_transition_guard 1002f370 f   sfc_debugmsvc80:sfdb_coverage.obj
 0001:0002e3f0       _sf_debug_cc_mark_transition_trigger 1002f3f0 f   sfc_debugmsvc80:sfdb_coverage.obj
 0001:0002e470       _sf_debug_cc_mark_transition_decision 1002f470 f   sfc_debugmsvc80:sfdb_coverage.obj
 0001:0002e4d0       _sf_debug_cc_mark_transition_condition_action 1002f4d0 f   sfc_debugmsvc80:sfdb_coverage.obj
 0001:0002e520       _sf_debug_cc_mark_transition_transition_action 1002f520 f   sfc_debugmsvc80:sfdb_coverage.obj
 0001:0002e570       _sf_debug_cc_mark_state_entry 1002f570 f   sfc_debugmsvc80:sfdb_coverage.obj
 0001:0002e5c0       _sf_debug_cc_mark_state_during 1002f5c0 f   sfc_debugmsvc80:sfdb_coverage.obj
 0001:0002e610       _sf_debug_cc_mark_state_exit 1002f610 f   sfc_debugmsvc80:sfdb_coverage.obj
 0001:0002e660       _sf_debug_bm_clear_script_breakpoints 1002f660 f   sfc_debugmsvc80:sfdb_breakpoints.obj
 0001:0002e6a0       _sf_debug_bm_set_script_breakpoint 1002f6a0 f   sfc_debugmsvc80:sfdb_breakpoints.obj
 0001:0002e710       _sf_debug_bm_clear_single_script_breakpoint 1002f710 f   sfc_debugmsvc80:sfdb_breakpoints.obj
 0001:0002e780       _sf_debug_bm_query_script_breakpoint 1002f780 f   sfc_debugmsvc80:sfdb_breakpoints.obj
 0001:0002e7d0       _sf_debug_bm_initialize_scripts 1002f7d0 f   sfc_debugmsvc80:sfdb_breakpoints.obj
 0001:0002ed70       _sf_debug_bm_terminate     1002fd70 f   sfc_debugmsvc80:sfdb_breakpoints.obj
 0001:0002f020       _sf_debug_bm_remove_all_breakpoints_in_machine 10030020 f   sfc_debugmsvc80:sfdb_breakpoints.obj
 0001:0002f070       _sf_debug_bm_remove_all_breakpoints_in_chart 10030070 f   sfc_debugmsvc80:sfdb_breakpoints.obj
 0001:0002f1a0       _sf_debug_bm_initialize_global_breakpoints 100301a0 f   sfc_debugmsvc80:sfdb_breakpoints.obj
 0001:0002f350       _sf_debug_bm_set_breakpoint 10030350 f   sfc_debugmsvc80:sfdb_breakpoints.obj
 0001:0002f8b0       _sf_debug_bm_set_eml_breakpoint 100308b0 f   sfc_debugmsvc80:sfdb_breakpoints.obj
 0001:0002f930       _sf_debug_bm_initialize_machine_breakpoint_map 10030930 f   sfc_debugmsvc80:sfdb_breakpoints.obj
 0001:0002fcd0       _sf_debug_bm_is_a_breakpoint 10030cd0 f   sfc_debugmsvc80:sfdb_breakpoints.obj
 0001:000301b0       _sf_debug_bm_get_all_breakpoints_in_machine 100311b0 f   sfc_debugmsvc80:sfdb_breakpoints.obj
 0001:00030450       _sf_debug_bm_get_all_breakpoints_in_chart 10031450 f   sfc_debugmsvc80:sfdb_breakpoints.obj
 0001:00030e80       _sf_debug_bm_initialize_machine 10031e80 f   sfc_debugmsvc80:sfdb_breakpoints.obj
 0001:00030f20       _sf_debug_bm_initialize_chart 10031f20 f   sfc_debugmsvc80:sfdb_breakpoints.obj
 0001:000312a0       _sf_debug_sc_terminate     100322a0 f   sfc_debugmsvc80:sfdb_state_consistency.obj
 0001:00031520       _sf_debug_sc_is_chart_consistent 10032520 f   sfc_debugmsvc80:sfdb_state_consistency.obj
 0001:00031700       _sf_debug_sc_get_consistency_error_info 10032700 f   sfc_debugmsvc80:sfdb_state_consistency.obj
 0001:00031a70       _sf_debug_tm_terminate     10032a70 f   sfc_debugmsvc80:sfdb_call_stack.obj
 0001:00031b10       _sf_debug_tm_push_chart_instance 10032b10 f   sfc_debugmsvc80:sfdb_call_stack.obj
 0001:00031c30       _sf_debug_tm_pop_chart_instance 10032c30 f   sfc_debugmsvc80:sfdb_call_stack.obj
 0001:00031c90       _sf_debug_tm_push_trace_node 10032c90 f   sfc_debugmsvc80:sfdb_call_stack.obj
 0001:00031da0       _sf_debug_tm_pop_trace_node 10032da0 f   sfc_debugmsvc80:sfdb_call_stack.obj
 0001:00031e20       _sf_debug_tm_get_current_global_trace_index 10032e20 f   sfc_debugmsvc80:sfdb_call_stack.obj
 0001:00031e40       _sf_debug_tm_get_current_local_trace_index 10032e40 f   sfc_debugmsvc80:sfdb_call_stack.obj
 0001:00031e70       _sf_debug_tm_set_cycle_detected_flag 10032e70 f   sfc_debugmsvc80:sfdb_call_stack.obj
 0001:00031ec0       _sf_debug_tm_set_cycle_started_flag 10032ec0 f   sfc_debugmsvc80:sfdb_call_stack.obj
 0001:00031f10       _sf_debug_tm_get_chart_number_from_stack 10032f10 f   sfc_debugmsvc80:sfdb_call_stack.obj
 0001:000320b0       _sf_debug_tm_browse_trace  100330b0 f   sfc_debugmsvc80:sfdb_call_stack.obj
 0001:00032320       _sf_debug_cd_initialize_instance 10033320 f   sfc_debugmsvc80:sfdb_cycle_detection.obj
 0001:00032550       _sf_debug_cd_mark_processed_transition_in_instance 10033550 f   sfc_debugmsvc80:sfdb_cycle_detection.obj
 0001:000325d0       _sf_debug_cd_checksum_push 100335d0 f   sfc_debugmsvc80:sfdb_cycle_detection.obj
 0001:000328d0       _sf_debug_cd_checksum_pop  100338d0 f   sfc_debugmsvc80:sfdb_cycle_detection.obj
 0001:00032930       _sf_debug_cd_turn_off_cycle_detection 10033930 f   sfc_debugmsvc80:sfdb_cycle_detection.obj
 0001:00032970       _sf_debug_cd_terminate     10033970 f   sfc_debugmsvc80:sfdb_cycle_detection.obj
 0001:00032b40       _md5_initialize_state      10033b40 f   sfc_debugmsvc80:ckmd5.obj
 0001:000333d0       _md5_update_state          100343d0 f   sfc_debugmsvc80:ckmd5.obj
 0001:000333f0       _md5_get_hash              100343f0 f   sfc_debugmsvc80:ckmd5.obj
 0001:00033410       _md5_get_hash_for_a_single_string 10034410 f   sfc_debugmsvc80:ckmd5.obj
 0001:0003347a       _mxGetPr                   1003447a f   libmx:libmx.dll
 0001:00033480       _mxCreateDoubleScalar      10034480 f   libmx:libmx.dll
 0001:00033486       _mxCreateDoubleMatrix_730  10034486 f   libmx:libmx.dll
 0001:0003348c       _mxSetField_730            1003448c f   libmx:libmx.dll
 0001:00033492       _mxCreateString            10034492 f   libmx:libmx.dll
 0001:00033498       _mxCreateStructMatrix_730  10034498 f   libmx:libmx.dll
 0001:0003349e       _mxCreateCellMatrix_730    1003449e f   libmx:libmx.dll
 0001:000334a4       _mxDestroyArray            100344a4 f   libmx:libmx.dll
 0001:000334aa       _mxDuplicateArray          100344aa f   libmx:libmx.dll
 0001:000334b0       _mxGetString_730           100344b0 f   libmx:libmx.dll
 0001:000334b6       _mxIsChar                  100344b6 f   libmx:libmx.dll
 0001:000334bc       _mxGetClassID              100344bc f   libmx:libmx.dll
 0001:000334c2       _mxIsNumeric               100344c2 f   libmx:libmx.dll
 0001:000334c8       _mxIsComplex               100344c8 f   libmx:libmx.dll
 0001:000334ce       _mxGetN                    100344ce f   libmx:libmx.dll
 0001:000334d4       _mxGetM                    100344d4 f   libmx:libmx.dll
 0001:000334da       _mxCalloc                  100344da f   libmx:libmx.dll
 0001:000334e0       _mxGetScalar               100344e0 f   libmx:libmx.dll
 0001:000334e6       _mxIsLogical               100344e6 f   libmx:libmx.dll
 0001:000334ec       _mxCreateDoubleMatrix_700  100344ec f   libmx:libmx.dll
 0001:000334f2       _mxFree                    100344f2 f   libmx:libmx.dll
 0001:000334f8       _mxArrayToString           100344f8 f   libmx:libmx.dll
 0001:000334fe       _mxCreateCellMatrix_700    100344fe f   libmx:libmx.dll
 0001:00033504       _mxSetCell_700             10034504 f   libmx:libmx.dll
 0001:0003350a       _mxGetCell_700             1003450a f   libmx:libmx.dll
 0001:00033510       _mxGetClassName            10034510 f   libmx:libmx.dll
 0001:00033516       _mxSetField_700            10034516 f   libmx:libmx.dll
 0001:0003351c       _mxAddField                1003451c f   libmx:libmx.dll
 0001:00033522       _mxGetField_700            10034522 f   libmx:libmx.dll
 0001:00033528       _mxGetNumberOfElements     10034528 f   libmx:libmx.dll
 0001:0003352e       _mxIsStruct                1003452e f   libmx:libmx.dll
 0001:00033534       _mxIsA                     10034534 f   libmx:libmx.dll
 0001:0003353a       _mxIsClass                 1003453a f   libmx:libmx.dll
 0001:00033540       _mxGetLogicals             10034540 f   libmx:libmx.dll
 0001:00033546       _mxIsSparse                10034546 f   libmx:libmx.dll
 0001:0003354c       _mxSetFieldByNumber_700    1003454c f   libmx:libmx.dll
 0001:00033552       _mxGetFieldByNumber_700    10034552 f   libmx:libmx.dll
 0001:00033558       _mxGetFieldNameByNumber    10034558 f   libmx:libmx.dll
 0001:0003355e       _mxGetNumberOfFields       1003455e f   libmx:libmx.dll
 0001:00033564       _mxCreateStructMatrix_700  10034564 f   libmx:libmx.dll
 0001:0003356a       _mxGetFieldNumber          1003456a f   libmx:libmx.dll
 0001:00033570       _mxIsNaN                   10034570 f   libmx:libmx.dll
 0001:00033576       _mxIsEmpty                 10034576 f   libmx:libmx.dll
 0001:0003357c       _mxGetData                 1003457c f   libmx:libmx.dll
 0001:00033582       _mxGetImagData             10034582 f   libmx:libmx.dll
 0001:00033588       _mxArrayClassIDName        10034588 f   libmx:libmx.dll
 0001:0003358e       _mxCreateNumericMatrix_700 1003458e f   libmx:libmx.dll
 0001:00033594       _mxCreateStructArray_700   10034594 f   libmx:libmx.dll
 0001:0003359a       _mxCalcSingleSubscript_700 1003459a f   libmx:libmx.dll
 0001:000335a0       _mxGetDimensions_700       100345a0 f   libmx:libmx.dll
 0001:000335a6       _mxGetNumberOfDimensions_700 100345a6 f   libmx:libmx.dll
 0001:000335ac       _mxCreateNumericArray_700  100345ac f   libmx:libmx.dll
 0001:000335b2       _mxGetElementSize          100345b2 f   libmx:libmx.dll
 0001:000335b8       _mxCreateStringFromNChars_700 100345b8 f   libmx:libmx.dll
 0001:000335be       _mxGetString_700           100345be f   libmx:libmx.dll
 0001:000335c4       _mxIsLogicalScalarTrue     100345c4 f   libmx:libmx.dll
 0001:000335ca       _mxCreateLogicalScalar     100345ca f   libmx:libmx.dll
 0001:000335d0       _mexUnlock                 100345d0 f   libmex:libmex.dll
 0001:000335d6       _mexIsLocked               100345d6 f   libmex:libmex.dll
 0001:000335dc       _mexWarnMsgTxt             100345dc f   libmex:libmex.dll
 0001:000335e2       _mexCallMATLAB             100345e2 f   libmex:libmex.dll
 0001:000335e8       _mexErrMsgTxt              100345e8 f   libmex:libmex.dll
 0001:000335ee       _mexMakeArrayPersistent    100345ee f   libmex:libmex.dll
 0001:000335f4       _mexSetTrapFlag            100345f4 f   libmex:libmex.dll
 0001:000335fa       _mexPutVariable            100345fa f   libmex:libmex.dll
 0001:00033600       _mexGetVariable            10034600 f   libmex:libmex.dll
 0001:00033606       _mexLock                   10034606 f   libmex:libmex.dll
 0001:0003360c       _mexMakeMemoryPersistent   1003460c f   libmex:libmex.dll
 0001:00033612       _mexFunctionName           10034612 f   libmex:libmex.dll
 0001:00033618       _ssRegisterDataTypeFxpFSlopeFixExpBias 10034618 f   libfixedpoint:libfixedpoint.dll
 0001:0003361e       _ssRegisterDataTypeFxpScaledDouble 1003461e f   libfixedpoint:libfixedpoint.dll
 0001:00033624       _utMalloc                  10034624 f   libut:libut.dll
 0001:0003362a       _utFree                    1003462a f   libut:libut.dll
 0001:00033630       _utVSNprintf               10034630 f   libut:libut.dll
 0001:00033636       _utCPUtime                 10034636 f   libut:libut.dll
 0001:0003363c       _utCalloc                  1003463c f   libut:libut.dll
 0001:00033642       _utRealloc                 10034642 f   libut:libut.dll
 0001:00033648       _muDoubleScalarFloor       10034648 f   libmwmathutil:libmwmathutil.dll
 0001:0003364e       _muDoubleScalarRem         1003464e f   libmwmathutil:libmwmathutil.dll
 0001:00033654       _muDoubleScalarPower       10034654 f   libmwmathutil:libmwmathutil.dll
 0001:0003365a       _emlrtCreateRootTLS        1003465a f   libemlrt:libemlrt.dll
 0001:00033660       _emlrtDestroyRootTLS       10034660 f   libemlrt:libemlrt.dll
 0001:00033666       _emlrtCheckBuiltInR2012b   10034666 f   libemlrt:libemlrt.dll
 0001:0003366c       _emlrtCheckVsBuiltInR2012b 1003466c f   libemlrt:libemlrt.dll
 0001:00033672       _emlrtCheckEnumR2012b      10034672 f   libemlrt:libemlrt.dll
 0001:00033678       _emlrtCreateEnumR2012b     10034678 f   libemlrt:libemlrt.dll
 0001:0003367e       _emlrtGetEnumElementR2009a 1003467e f   libemlrt:libemlrt.dll
 0001:00033684       _emlrtCreateReference      10034684 f   libemlrt:libemlrt.dll
 0001:0003368a       _emlrtImportVsFiArrayR2009b 1003468a f   libemlrt:libemlrt.dll
 0001:00033690       _emlrtNameCapturePostProcessR2012a 10034690 f   libemlrt:libemlrt.dll
 0001:00033696       _emlrtExtractMessageId     10034696 f   libemlrt:libemlrt.dll
 0001:0003369c       _emlrtTranslateMessageIDtoLCPstring 1003469c f   libemlrt:libemlrt.dll
 0001:000336a2       _emlrtForLoopVectorIsValidR2011b 100346a2 f   libemlrt:libemlrt.dll
 0001:000336a8       _emlrtTranslateUTF16MessagetoLCPstring 100346a8 f   libemlrt:libemlrt.dll
 0001:000336ae       _emlrtGetEnumUnderlyingArrayR2009a 100346ae f   libemlrt:libemlrt.dll
 0001:000336b4       _emlrtIsEnumR2009a         100346b4 f   libemlrt:libemlrt.dll
 0001:000336c0       _memset                    100346c0 f   MSVCRT:MSVCR100.dll
 0001:000336c6       @__security_check_cookie@4 100346c6 f   MSVCRT:secchk.obj
 0001:000336d6       _strlen                    100346d6 f   MSVCRT:MSVCR100.dll
 0001:000336e0       __ftol2_sse                100346e0 f   MSVCRT:ftol2.obj
 0001:000336e9       __ftol2_pentium4           100346e9 f   MSVCRT:ftol2.obj
 0001:000336fc       __ftol2_sse_excpt          100346fc f   MSVCRT:ftol2.obj
 0001:00033716       __ftol2                    10034716 f   MSVCRT:ftol2.obj
 0001:0003378c       _strcmp                    1003478c f   MSVCRT:MSVCR100.dll
 0001:00033792       _free                      10034792 f   MSVCRT:MSVCR100.dll
 0001:00033798       _sprintf                   10034798 f   MSVCRT:MSVCR100.dll
 0001:0003379e       _malloc                    1003479e f   MSVCRT:MSVCR100.dll
 0001:000337a4       _strcat                    100347a4 f   MSVCRT:MSVCR100.dll
 0001:000337aa       _memcpy                    100347aa f   MSVCRT:MSVCR100.dll
 0001:000337b0       _NtCurrentTeb              100347b0 f i MSVCRT:crtdll.obj
 0001:00033805       __CRT_INIT@12              10034805 f   MSVCRT:crtdll.obj
 0001:00033b25       __DllMainCRTStartup@12     10034b25 f   MSVCRT:crtdll.obj
 0001:00033b48       _strncpy                   10034b48 f   MSVCRT:MSVCR100.dll
 0001:00033b50       __chkstk                   10034b50 f   MSVCRT:chkstk.obj
 0001:00033b50       __alloca_probe             10034b50     MSVCRT:chkstk.obj
 0001:00033b7c       _longjmp                   10034b7c f   MSVCRT:MSVCR100.dll
 0001:00033b82       _strncmp                   10034b82 f   MSVCRT:MSVCR100.dll
 0001:00033b88       _ceil                      10034b88 f   MSVCRT:MSVCR100.dll
 0001:00033b8e       _strrchr                   10034b8e f   MSVCRT:MSVCR100.dll
 0001:00033b94       __setjmp3                  10034b94 f   MSVCRT:MSVCR100.dll
 0001:00033b9a       _ldexp                     10034b9a f   MSVCRT:MSVCR100.dll
 0001:00033ba0       ___report_gsfailure        10034ba0 f   MSVCRT:gs_report.obj
 0001:00033ca6       ___sse2_available_init     10034ca6 f   MSVCRT:cpu_disp.obj
 0001:00033cb6       ___clean_type_info_names   10034cb6 f   MSVCRT:tncleanup.obj
 0001:00033cc2       __onexit                   10034cc2 f   MSVCRT:atonexit.obj
 0001:00033d63       _atexit                    10034d63 f   MSVCRT:atonexit.obj
 0001:00033d7a       __RTC_Initialize           10034d7a f   MSVCRT:_initsect_.obj
 0001:00033da0       __RTC_Terminate            10034da0 f   MSVCRT:_initsect_.obj
 0001:00033dc6       __malloc_crt               10034dc6 f   MSVCRT:MSVCR100.dll
 0001:00033dcc       __encoded_null             10034dcc f   MSVCRT:MSVCR100.dll
 0001:00033de0       __ValidateImageBase        10034de0 f   MSVCRT:pesect.obj
 0001:00033e20       __FindPESection            10034e20 f   MSVCRT:pesect.obj
 0001:00033e70       __IsNonwritableInCurrentImage 10034e70 f   MSVCRT:pesect.obj
 0001:00033f2c       __initterm                 10034f2c f   MSVCRT:MSVCR100.dll
 0001:00033f32       __initterm_e               10034f32 f   MSVCRT:MSVCR100.dll
 0001:00033f38       __amsg_exit                10034f38 f   MSVCRT:MSVCR100.dll
 0001:00033f3e       ___CppXcptFilter           10034f3e f   MSVCRT:MSVCR100.dll
 0001:00033f44       _DllMain@12                10034f44 f   MSVCRT:dllmain.obj
 0001:00033f70       __SEH_prolog4              10034f70 f   MSVCRT:sehprolg4.obj
 0001:00033fb5       __SEH_epilog4              10034fb5 f   MSVCRT:sehprolg4.obj
 0001:00033fc9       __except_handler4          10034fc9 f   MSVCRT:chandler4gs.obj
 0001:00033fee       ___security_init_cookie    10034fee f   MSVCRT:gs_support.obj
 0001:0003408a       __crt_debugger_hook        1003508a f   MSVCRT:MSVCR100.dll
 0001:00034090       ___clean_type_info_names_internal 10035090 f   MSVCRT:MSVCR100.dll
 0001:00034096       __unlock                   10035096 f   MSVCRT:MSVCR100.dll
 0001:0003409c       ___dllonexit               1003509c f   MSVCRT:MSVCR100.dll
 0001:000340a2       __lock                     100350a2 f   MSVCRT:MSVCR100.dll
 0001:000340a8       __except_handler4_common   100350a8 f   MSVCRT:MSVCR100.dll
 0001:000340ae       _EncodePointer@4           100350ae f   kernel32:KERNEL32.dll
 0001:000340b4       _DecodePointer@4           100350b4 f   kernel32:KERNEL32.dll
 0001:000340ba       _InterlockedExchange@8     100350ba f   kernel32:KERNEL32.dll
 0001:000340c0       _Sleep@4                   100350c0 f   kernel32:KERNEL32.dll
 0001:000340c6       _InterlockedCompareExchange@12 100350c6 f   kernel32:KERNEL32.dll
 0001:000340cc       _TerminateProcess@8        100350cc f   kernel32:KERNEL32.dll
 0001:000340d2       _GetCurrentProcess@0       100350d2 f   kernel32:KERNEL32.dll
 0001:000340d8       _UnhandledExceptionFilter@4 100350d8 f   kernel32:KERNEL32.dll
 0001:000340de       _SetUnhandledExceptionFilter@4 100350de f   kernel32:KERNEL32.dll
 0001:000340e4       _IsDebuggerPresent@0       100350e4 f   kernel32:KERNEL32.dll
 0001:000340ea       _IsProcessorFeaturePresent@4 100350ea f   kernel32:KERNEL32.dll
 0001:000340f0       _DisableThreadLibraryCalls@4 100350f0 f   kernel32:KERNEL32.dll
 0001:000340f6       _QueryPerformanceCounter@4 100350f6 f   kernel32:KERNEL32.dll
 0001:000340fc       _GetTickCount@0            100350fc f   kernel32:KERNEL32.dll
 0001:00034102       _GetCurrentThreadId@0      10035102 f   kernel32:KERNEL32.dll
 0001:00034108       _GetCurrentProcessId@0     10035108 f   kernel32:KERNEL32.dll
 0001:0003410e       _GetSystemTimeAsFileTime@4 1003510e f   kernel32:KERNEL32.dll
 0002:00000000       __imp__IsDebuggerPresent@0 10036000     kernel32:KERNEL32.dll
 0002:00000004       __imp__SetUnhandledExceptionFilter@4 10036004     kernel32:KERNEL32.dll
 0002:00000008       __imp__UnhandledExceptionFilter@4 10036008     kernel32:KERNEL32.dll
 0002:0000000c       __imp__GetCurrentProcess@0 1003600c     kernel32:KERNEL32.dll
 0002:00000010       __imp__TerminateProcess@8  10036010     kernel32:KERNEL32.dll
 0002:00000014       __imp__InterlockedCompareExchange@12 10036014     kernel32:KERNEL32.dll
 0002:00000018       __imp__Sleep@4             10036018     kernel32:KERNEL32.dll
 0002:0000001c       __imp__InterlockedExchange@8 1003601c     kernel32:KERNEL32.dll
 0002:00000020       __imp__DecodePointer@4     10036020     kernel32:KERNEL32.dll
 0002:00000024       __imp__EncodePointer@4     10036024     kernel32:KERNEL32.dll
 0002:00000028       __imp__DisableThreadLibraryCalls@4 10036028     kernel32:KERNEL32.dll
 0002:0000002c       __imp__QueryPerformanceCounter@4 1003602c     kernel32:KERNEL32.dll
 0002:00000030       __imp__GetTickCount@0      10036030     kernel32:KERNEL32.dll
 0002:00000034       __imp__GetCurrentThreadId@0 10036034     kernel32:KERNEL32.dll
 0002:00000038       __imp__GetCurrentProcessId@0 10036038     kernel32:KERNEL32.dll
 0002:0000003c       __imp__GetSystemTimeAsFileTime@4 1003603c     kernel32:KERNEL32.dll
 0002:00000040       __imp__IsProcessorFeaturePresent@4 10036040     kernel32:KERNEL32.dll
 0002:00000044       \177KERNEL32_NULL_THUNK_DATA 10036044     kernel32:KERNEL32.dll
 0002:00000048       __imp___except_handler4_common 10036048     MSVCRT:MSVCR100.dll
 0002:0000004c       __imp___onexit             1003604c     MSVCRT:MSVCR100.dll
 0002:00000050       __imp___lock               10036050     MSVCRT:MSVCR100.dll
 0002:00000054       __imp____dllonexit         10036054     MSVCRT:MSVCR100.dll
 0002:00000058       __imp___unlock             10036058     MSVCRT:MSVCR100.dll
 0002:0000005c       __imp____clean_type_info_names_internal 1003605c     MSVCRT:MSVCR100.dll
 0002:00000060       __imp___crt_debugger_hook  10036060     MSVCRT:MSVCR100.dll
 0002:00000064       __imp____CppXcptFilter     10036064     MSVCRT:MSVCR100.dll
 0002:00000068       __imp___amsg_exit          10036068     MSVCRT:MSVCR100.dll
 0002:0000006c       __imp___initterm_e         1003606c     MSVCRT:MSVCR100.dll
 0002:00000070       __imp___initterm           10036070     MSVCRT:MSVCR100.dll
 0002:00000074       __imp___encoded_null       10036074     MSVCRT:MSVCR100.dll
 0002:00000078       __imp___malloc_crt         10036078     MSVCRT:MSVCR100.dll
 0002:0000007c       __imp__ldexp               1003607c     MSVCRT:MSVCR100.dll
 0002:00000080       __imp___setjmp3            10036080     MSVCRT:MSVCR100.dll
 0002:00000084       __imp__strrchr             10036084     MSVCRT:MSVCR100.dll
 0002:00000088       __imp__ceil                10036088     MSVCRT:MSVCR100.dll
 0002:0000008c       __imp__strncmp             1003608c     MSVCRT:MSVCR100.dll
 0002:00000090       __imp__longjmp             10036090     MSVCRT:MSVCR100.dll
 0002:00000094       __imp__strncpy             10036094     MSVCRT:MSVCR100.dll
 0002:00000098       __imp__memcpy              10036098     MSVCRT:MSVCR100.dll
 0002:0000009c       __imp__strcat              1003609c     MSVCRT:MSVCR100.dll
 0002:000000a0       __imp__malloc              100360a0     MSVCRT:MSVCR100.dll
 0002:000000a4       __imp__sprintf             100360a4     MSVCRT:MSVCR100.dll
 0002:000000a8       __imp__free                100360a8     MSVCRT:MSVCR100.dll
 0002:000000ac       __imp__strcmp              100360ac     MSVCRT:MSVCR100.dll
 0002:000000b0       __imp__strlen              100360b0     MSVCRT:MSVCR100.dll
 0002:000000b4       __imp__memset              100360b4     MSVCRT:MSVCR100.dll
 0002:000000b8       \177MSVCR100_NULL_THUNK_DATA 100360b8     MSVCRT:MSVCR100.dll
 0002:000000bc       __imp__emlrtIsEnumR2009a   100360bc     libemlrt:libemlrt.dll
 0002:000000c0       __imp__emlrtGetEnumUnderlyingArrayR2009a 100360c0     libemlrt:libemlrt.dll
 0002:000000c4       __imp__emlrtTranslateUTF16MessagetoLCPstring 100360c4     libemlrt:libemlrt.dll
 0002:000000c8       __imp__emlrtForLoopVectorIsValidR2011b 100360c8     libemlrt:libemlrt.dll
 0002:000000cc       __imp__emlrtTranslateMessageIDtoLCPstring 100360cc     libemlrt:libemlrt.dll
 0002:000000d0       __imp__emlrtExtractMessageId 100360d0     libemlrt:libemlrt.dll
 0002:000000d4       __imp__emlrtNameCapturePostProcessR2012a 100360d4     libemlrt:libemlrt.dll
 0002:000000d8       __imp__emlrtImportVsFiArrayR2009b 100360d8     libemlrt:libemlrt.dll
 0002:000000dc       __imp__emlrtCreateReference 100360dc     libemlrt:libemlrt.dll
 0002:000000e0       __imp__emlrtGetEnumElementR2009a 100360e0     libemlrt:libemlrt.dll
 0002:000000e4       __imp__emlrtCreateEnumR2012b 100360e4     libemlrt:libemlrt.dll
 0002:000000e8       __imp__emlrtCheckEnumR2012b 100360e8     libemlrt:libemlrt.dll
 0002:000000ec       __imp__emlrtCheckVsBuiltInR2012b 100360ec     libemlrt:libemlrt.dll
 0002:000000f0       __imp__emlrtCheckBuiltInR2012b 100360f0     libemlrt:libemlrt.dll
 0002:000000f4       __imp__emlrtDestroyRootTLS 100360f4     libemlrt:libemlrt.dll
 0002:000000f8       __imp__emlrtCreateRootTLS  100360f8     libemlrt:libemlrt.dll
 0002:000000fc       \177libemlrt_NULL_THUNK_DATA 100360fc     libemlrt:libemlrt.dll
 0002:00000100       __imp__ssRegisterDataTypeFxpFSlopeFixExpBias 10036100     libfixedpoint:libfixedpoint.dll
 0002:00000104       __imp__ssRegisterDataTypeFxpScaledDouble 10036104     libfixedpoint:libfixedpoint.dll
 0002:00000108       \177libfixedpoint_NULL_THUNK_DATA 10036108     libfixedpoint:libfixedpoint.dll
 0002:0000010c       __imp__mexLock             1003610c     libmex:libmex.dll
 0002:00000110       __imp__mexMakeMemoryPersistent 10036110     libmex:libmex.dll
 0002:00000114       __imp__mexFunctionName     10036114     libmex:libmex.dll
 0002:00000118       __imp__mexIsLocked         10036118     libmex:libmex.dll
 0002:0000011c       __imp__mexGetVariable      1003611c     libmex:libmex.dll
 0002:00000120       __imp__mexPutVariable      10036120     libmex:libmex.dll
 0002:00000124       __imp__mexSetTrapFlag      10036124     libmex:libmex.dll
 0002:00000128       __imp__mexWarnMsgTxt       10036128     libmex:libmex.dll
 0002:0000012c       __imp__mexCallMATLAB       1003612c     libmex:libmex.dll
 0002:00000130       __imp__mexErrMsgTxt        10036130     libmex:libmex.dll
 0002:00000134       __imp__mexMakeArrayPersistent 10036134     libmex:libmex.dll
 0002:00000138       __imp__mexUnlock           10036138     libmex:libmex.dll
 0002:0000013c       \177libmex_NULL_THUNK_DATA 1003613c     libmex:libmex.dll
 0002:00000140       __imp__muDoubleScalarFloor 10036140     libmwmathutil:libmwmathutil.dll
 0002:00000144       __imp__muDoubleScalarRem   10036144     libmwmathutil:libmwmathutil.dll
 0002:00000148       __imp__muDoubleScalarPower 10036148     libmwmathutil:libmwmathutil.dll
 0002:0000014c       \177libmwmathutil_NULL_THUNK_DATA 1003614c     libmwmathutil:libmwmathutil.dll
 0002:00000150       __imp__mxGetClassID        10036150     libmx:libmx.dll
 0002:00000154       __imp__mxIsComplex         10036154     libmx:libmx.dll
 0002:00000158       __imp__mxGetN              10036158     libmx:libmx.dll
 0002:0000015c       __imp__mxGetM              1003615c     libmx:libmx.dll
 0002:00000160       __imp__mxCalloc            10036160     libmx:libmx.dll
 0002:00000164       __imp__mxGetScalar         10036164     libmx:libmx.dll
 0002:00000168       __imp__mxIsNumeric         10036168     libmx:libmx.dll
 0002:0000016c       __imp__mxCreateLogicalScalar 1003616c     libmx:libmx.dll
[...]
 0001:00010960       _sfrtGenSizeString         10011960 f   sfc_mexmsvc80:sfc_mex.obj
 0001:00010990       _sfIsProperVector          10011990 f   sfc_mexmsvc80:sfc_mex.obj
 0001:000109c0       _sfIsRowVector             100119c0 f   sfc_mexmsvc80:sfc_mex.obj
 0001:00010af0       _sf_ExtractMessageId       10011af0 f   sfc_mexmsvc80:sfc_mex.obj
 0001:00010d40       _sf_mex_err                10011d40 f   sfc_mexmsvc80:sfc_mex.obj
 0001:00010dd0       _sf_error_dimension_out_of_bound 10011dd0 f   sfc_mexmsvc80:sfc_mex.obj
 0001:00010e70       _sf_mex_check_and_set_actual_dimensions 10011e70 f   sfc_mexmsvc80:sfc_mex.obj
 0001:00010ff0       _sf_mex_check_complex      10011ff0 f   sfc_mexmsvc80:sfc_mex.obj
 0001:00011060       _sf_mex_check_sparse       10012060 f   sfc_mexmsvc80:sfc_mex.obj
 0001:000110a0       _sf_mex_check_numerictype  100120a0 f   sfc_mexmsvc80:sfc_mex.obj
 0001:00011130       _sf_mex_check_fimath       10012130 f   sfc_mexmsvc80:sfc_mex.obj
 0001:00011830       _size_mismatch_error       10012830 f   sfc_mexmsvc80:sfc_mex.obj
 0001:00012080       _check_array_dimensions    10013080 f   sfc_mexmsvc80:sfc_mex.obj
 0001:000120d0       _check_input_mxarray       100130d0 f   sfc_mexmsvc80:sfc_mex.obj
 0001:00012770       _sf_numeric_value_to_double 10013770 f   sfc_mexmsvc80:sfc_mex.obj
 0001:000127b0       _ml_generic_out_of_bounds_check 100137b0 f   sfc_mexmsvc80:sfc_mex.obj
 0001:00012940       _ml_get_element_value_from_array 10013940 f   sfc_mexmsvc80:sfc_mex.obj
 0001:00012e10       __ml_generic_castability_check 10013e10 f   sfc_mexmsvc80:sfc_mex.obj
 0001:000136a0       _ml_generic_castability_check 100146a0 f   sfc_mexmsvc80:sfc_mex.obj
 0001:00013700       _ml_check_mx_array_for_single_castability 10014700 f   sfc_mexmsvc80:sfc_mex.obj
 0001:00013770       _ml_check_mx_array_for_logical_castability 10014770 f   sfc_mexmsvc80:sfc_mex.obj
 0001:000137d0       _ml_check_mx_array_for_int8_castability 100147d0 f   sfc_mexmsvc80:sfc_mex.obj
 0001:00013860       _ml_check_mx_array_for_uint8_castability 10014860 f   sfc_mexmsvc80:sfc_mex.obj
 0001:000138d0       _ml_check_mx_array_for_int16_castability 100148d0 f   sfc_mexmsvc80:sfc_mex.obj
 0001:00013940       _ml_check_mx_array_for_uint16_castability 10014940 f   sfc_mexmsvc80:sfc_mex.obj
 0001:000139b0       _ml_check_mx_array_for_int32_castability 100149b0 f   sfc_mexmsvc80:sfc_mex.obj
 0001:00013a20       _ml_check_mx_array_for_uint32_castability 10014a20 f   sfc_mexmsvc80:sfc_mex.obj
 0001:00013a90       _ml_check_mx_array_for_castability 10014a90 f   sfc_mexmsvc80:sfc_mex.obj
 0001:00014120       _set_data_value            10015120 f   sfc_mexmsvc80:sfc_mex.obj
 0001:000145f0       _get_data_value            100155f0 f   sfc_mexmsvc80:sfc_mex.obj
 0001:000146f0       _get_next_element_address  100156f0 f   sfc_mexmsvc80:sfc_mex.obj
 0001:00014790       _sf_normalize_index        10015790 f   sfc_mexmsvc80:sfc_mex.obj
 0001:00014a20       _ml_array_index_bound_check 10015a20 f   sfc_mexmsvc80:sfc_mex.obj
 0001:00015310       _mx_value                  10016310 f   sfc_mexmsvc80:sfc_mex.obj
 0001:00015360       _sf_create_numeric_array   10016360 f   sfc_mexmsvc80:sfc_mex.obj
 0001:000153e0       _sf_mex_assign_to_mx_array 100163e0 f   sfc_mexmsvc80:sfc_mex.obj
 0001:00015640       _assign_from_mx_array      10016640 f   sfc_mexmsvc80:sfc_mex.obj
 0001:00015e00       _sf_mex_import_v           10016e00 f   sfc_mexmsvc80:sfc_mex.obj
 0001:000162c0       _get_machine_and_chart_file_number 100172c0 f   sfc_mexmsvc80:sfc_sf.obj
 0001:00016380       _get_sfun_block_specialization 10017380 f   sfc_mexmsvc80:sfc_sf.obj
 0001:00016400       _call_sf_machine_global_method_dispatcher 10017400 f   sfc_mexmsvc80:sfc_sf.obj
 0001:000165c0       _mdl_zeroCrossings_processing 100175c0 f   sfc_mexmsvc80:sfc_sf.obj
 0001:00016670       _mdl_derivatives_processing 10017670 f   sfc_mexmsvc80:sfc_sf.obj
 0001:000168f0       _mdl_outputs_continuous_legacy 100178f0 f   sfc_mexmsvc80:sfc_sf.obj
 0001:00016970       _mdl_outputs_processing    10017970 f   sfc_mexmsvc80:sfc_sf.obj
 0001:00016ba0       _mdl_enable_processing     10017ba0 f   sfc_mexmsvc80:sfc_sf.obj
 0001:00016c50       _mdl_disable_processing    10017c50 f   sfc_mexmsvc80:sfc_sf.obj
 0001:000177c0       _sf_call_output_fcn_enable_disable 100187c0 f   sfc_mexmsvc80:sfc_sf.obj
 0001:000179e0       _set_dwork_information_from_mx_array 100189e0 f   sfc_mexmsvc80:sfc_sf.obj
 0001:00018380       _ptr2mxStruct              10019380 f   sfc_mexmsvc80:sfc_sf.obj
 0001:000185a0       _SNPRINTF_WRAPPER          100195a0 f   sfc_debugmsvc80:sfcdebug.obj
 0001:000185e0       _sf_debug_chart_instance_initialized 100195e0 f   sfc_debugmsvc80:sfcdebug.obj
 0001:00018760       _sfrtAddSize               10019760 f   sfc_debugmsvc80:sfcdebug.obj
 0001:00018810       _sfrtGenSizeString         10019810 f   sfc_debugmsvc80:sfcdebug.obj
 0001:00018cc0       _fill_single_message_info  10019cc0 f   sfc_debugmsvc80:sfcdebug.obj
 0001:00018e20       _sf_debug_sim_status_listener 10019e20 f   sfc_debugmsvc80:sfcdebug.obj
 0001:000192f0       _sf_debug_form_mask_bits   1001a2f0 f   sfc_debugmsvc80:sfcdebug.obj
 0001:00019330       _sf_debug_form_sf_data_type_offsets 1001a330 f   sfc_debugmsvc80:sfcdebug.obj
 0001:000193c0       _sf_debug_free_all         1001a3c0 f   sfc_debugmsvc80:sfcdebug.obj
 0001:00019560       _sf_debug_append_debugger_context 1001a560 f   sfc_debugmsvc80:sfcdebug.obj
 0001:000198c0       _local_strdup              1001a8c0 f   sfc_debugmsvc80:sfcdebug.obj
 0001:0001a5c0       _sf_debug_em_terminate     1001b5c0 f   sfc_debugmsvc80:sfcdebug.obj
 0001:0001a600       _sf_debug_push_eml_function 1001b600 f   sfc_debugmsvc80:sfcdebug.obj
 0001:0001a690       _sf_debug_pop_eml_function 1001b690 f   sfc_debugmsvc80:sfcdebug.obj
 0001:0001af60       _sf_debug_get_machine_number_from_id_or_name 1001bf60 f   sfc_debugmsvc80:sfcdebug.obj
 0001:0001b0c0       _sf_debug_get_chart_number_from_id 1001c0c0 f   sfc_debugmsvc80:sfcdebug.obj
 0001:0001bad0       _sf_debug_transfer_control_to_debugger_GUI 1001cad0 f   sfc_debugmsvc80:sfcdebug.obj
 0001:0001c920       _sf_debug_scripts_rehash   1001d920 f   sfc_debugmsvc80:sfcdebug.obj
 0001:0001cad0       _sf_debug_get_script_line_count 1001dad0 f   sfc_debugmsvc80:sfcdebug.obj
 0001:0001d180       _cv_eml_state_cvId         1001e180 f   sfc_debugmsvc80:sfcdebug.obj
 0001:0001d1d0       _cv_eml_trans_cvId         1001e1d0 f   sfc_debugmsvc80:sfcdebug.obj
 0001:0001e040       _sf_debug_data_array_bounds_error 1001f040 f   sfc_debugmsvc80:sfcdebug.obj
 0001:0001e350       _eml_debug_runtime_error_doclink 1001f350 f   sfc_debugmsvc80:sfcdebug.obj
 0001:0001e480       _sf_debug_runtime_error    1001f480 f   sfc_debugmsvc80:sfcdebug.obj
 0001:0001e4d0       _sf_debug_matlab_error     1001f4d0 f   sfc_debugmsvc80:sfcdebug.obj
 0001:0001eaa0       _sf_debug_data_value_error 1001faa0 f   sfc_debugmsvc80:sfcdebug.obj
 0001:0001f0d0       _sf_debug_data_loss_error  100200d0 f   sfc_debugmsvc80:sfcdebug.obj
 0001:0001fc40       _call_cv_range_check       10020c40 f   sfc_debugmsvc80:sfcdebug.obj
 0001:000201e0       _sf_debug_invoke_cycle_detection_code 100211e0 f   sfc_debugmsvc80:sfcdebug.obj
 0001:00020b60       _sf_reset_debug_info_struct 10021b60 f   sfc_debugmsvc80:sfcdebug.obj
 0001:000211c0       _cv_script_cvId            100221c0 f   sfc_debugmsvc80:sfcdebug.obj
 0001:00021c20       _sfc_api_chart_visible     10022c20 f   sfc_debugmsvc80:sfc_api.obj
 0001:00021ce0       _sfc_api_active_instance   10022ce0 f   sfc_debugmsvc80:sfc_api.obj
 0001:00021d80       _sfc_api_machine_load      10022d80 f   sfc_debugmsvc80:sfc_api.obj
 0001:00021e90       _sfc_api_debugger_alive    10022e90 f   sfc_debugmsvc80:sfc_api.obj
 0001:00021eb0       _sfc_api_go                10022eb0 f   sfc_debugmsvc80:sfc_api.obj
 0001:00021ed0       _sfc_api_step_over         10022ed0 f   sfc_debugmsvc80:sfc_api.obj
 0001:00021ef0       _sfc_api_step_out          10022ef0 f   sfc_debugmsvc80:sfc_api.obj
 0001:00021f10       _sfc_api_resume            10022f10 f   sfc_debugmsvc80:sfc_api.obj
 0001:00021f30       _sfc_api_break             10022f30 f   sfc_debugmsvc80:sfc_api.obj
 0001:00021f50       _sfc_api_stop_debugging    10022f50 f   sfc_debugmsvc80:sfc_api.obj
 0001:00021fa0       _sfc_api_is_cycle_detected 10022fa0 f   sfc_debugmsvc80:sfc_api.obj
 0001:00021ff0       _sfc_api_is_array_bounds_detected 10022ff0 f   sfc_debugmsvc80:sfc_api.obj
 0001:00022040       _sfc_api_set_disable_all_breakpoints 10023040 f   sfc_debugmsvc80:sfc_api.obj
 0001:000220d0       _sfc_api_disable_all_breakpoints_and_go 100230d0 f   sfc_debugmsvc80:sfc_api.obj
 0001:000220f0       _sfc_api_close             100230f0 f   sfc_debugmsvc80:sfc_api.obj
 0001:00022110       _sfc_api_browse_data       10023110 f   sfc_debugmsvc80:sfc_api.obj
 0001:00022190       _sfc_api_watch_data        10023190 f   sfc_debugmsvc80:sfc_api.obj
 0001:00022290       _sfc_api_extract_message_post_receive_info 10023290 f   sfc_debugmsvc80:sfc_api.obj
 0001:000222b0       _sfc_api_assign_data       100232b0 f   sfc_debugmsvc80:sfc_api.obj
 0001:00022330       _sfc_api_whos              10023330 f   sfc_debugmsvc80:sfc_api.obj
 0001:000223c0       _sfc_api_get_consistency_info 100233c0 f   sfc_debugmsvc80:sfc_api.obj
 0001:000223e0       _sfc_api_browse_trace      100233e0 f   sfc_debugmsvc80:sfc_api.obj
 0001:00022400       _sfc_api_break_on_chart_entry 10023400 f   sfc_debugmsvc80:sfc_api.obj
 0001:00022440       _sfc_api_break_on_event_broadcast 10023440 f   sfc_debugmsvc80:sfc_api.obj
 0001:00022480       _sfc_api_break_on_state_entry 10023480 f   sfc_debugmsvc80:sfc_api.obj
 0001:000224c0       _sfc_api_set_watch         100234c0 f   sfc_debugmsvc80:sfc_api.obj
 0001:000225a0       _sfc_api_set_breakpoints   100235a0 f   sfc_debugmsvc80:sfc_api.obj
 0001:00022680       _sfc_api_set_eml_breakpoints 10023680 f   sfc_debugmsvc80:sfc_api.obj
 0001:00022730       _sfc_api_set_script_breakpoints 10023730 f   sfc_debugmsvc80:sfc_api.obj
 0001:000227a0       _sfc_api_add_script_breakpoints 100237a0 f   sfc_debugmsvc80:sfc_api.obj
 0001:00022810       _sfc_api_clear_script_breakpoints 10023810 f   sfc_debugmsvc80:sfc_api.obj
 0001:00022880       _sfc_api_query_script_breakpoints 10023880 f   sfc_debugmsvc80:sfc_api.obj
 0001:000228f0       _sfc_api_get_script_id     100238f0 f   sfc_debugmsvc80:sfc_api.obj
 0001:00022990       _sfc_api_get_active_states 10023990 f   sfc_debugmsvc80:sfc_api.obj
 0001:00022a00       _sfc_api_break_between_times 10023a00 f   sfc_debugmsvc80:sfc_api.obj
 0001:00022a60       _sfc_api_get_instance_handle 10023a60 f   sfc_debugmsvc80:sfc_api.obj
 0001:00022b40       _sfc_api_set_animation     10023b40 f   sfc_debugmsvc80:sfc_api.obj
 0001:00022ba0       _sfc_api_select_chart      10023ba0 f   sfc_debugmsvc80:sfc_api.obj
 0001:00022c30       _sfc_api_select_charts     10023c30 f   sfc_debugmsvc80:sfc_api.obj
 0001:00022c60       _sfc_api_cycle_detection_check 10023c60 f   sfc_debugmsvc80:sfc_api.obj
 0001:00022cc0       _sfc_api_data_range_check  10023cc0 f   sfc_debugmsvc80:sfc_api.obj
 0001:00022d20       _sfc_api_transition_conflict_check 10023d20 f   sfc_debugmsvc80:sfc_api.obj
 0001:00022d80       _sfc_api_state_consistency_check 10023d80 f   sfc_debugmsvc80:sfc_api.obj
 0001:00022de0       _sfc_api_set_instance_cv_ids 10023de0 f   sfc_debugmsvc80:sfc_api.obj
 0001:00022f10       _sfc_api_set_script_cv_ids 10023f10 f   sfc_debugmsvc80:sfc_api.obj
 0001:00022fe0       _sfc_api_get_current_machine_id 10023fe0 f   sfc_debugmsvc80:sfc_api.obj
 0001:00023020       _sfc_api_get_current_machine_number 10024020 f   sfc_debugmsvc80:sfc_api.obj
 0001:00023060       _sfc_api_get_current_chart_number 10024060 f   sfc_debugmsvc80:sfc_api.obj
 0001:000230a0       _sfc_api_get_current_instance_number 100240a0 f   sfc_debugmsvc80:sfc_api.obj
 0001:000230e0       _sfc_api_get_current_instance_handle 100240e0 f   sfc_debugmsvc80:sfc_api.obj
 0001:00023100       _sfc_api_get_current_is_minor_time_step 10024100 f   sfc_debugmsvc80:sfc_api.obj
 0001:00023140       _sfc_api_get_current_machine_name 10024140 f   sfc_debugmsvc80:sfc_api.obj
 0001:00023160       _sfc_api_get_current_chart_id 10024160 f   sfc_debugmsvc80:sfc_api.obj
 0001:000231a0       _sfc_api_get_current_object_type 100241a0 f   sfc_debugmsvc80:sfc_api.obj
 0001:000231e0       _sfc_api_get_current_event_type 100241e0 f   sfc_debugmsvc80:sfc_api.obj
 0001:00023220       _sfc_api_get_current_object_id 10024220 f   sfc_debugmsvc80:sfc_api.obj
 0001:00023260       _sfc_get_current_active_event_type 10024260 f   sfc_debugmsvc80:sfc_api.obj
 0001:000232a0       _sfc_api_get_current_active_event_id 100242a0 f   sfc_debugmsvc80:sfc_api.obj
 0001:000232e0       _sfc_api_get_current_simulation_time 100242e0 f   sfc_debugmsvc80:sfc_api.obj
 0001:00023300       _sfc_get_current_tag_type  10024300 f   sfc_debugmsvc80:sfc_api.obj
 0001:00023340       _sfc_get_current_coverage_percentage 10024340 f   sfc_debugmsvc80:sfc_api.obj
 0001:00023360       _sfc_get_current_statement_context 10024360 f   sfc_debugmsvc80:sfc_api.obj
 0001:00023380       _sfc_get_current_optional_integer 10024380 f   sfc_debugmsvc80:sfc_api.obj
 0001:000233b0       _sfc_get_current_statement_info 100243b0 f   sfc_debugmsvc80:sfc_api.obj
 0001:00023450       _sfc_api_get               10024450 f   sfc_debugmsvc80:sfc_api.obj
 0001:00023ea0       _sf_debug_sm_fill_state_activity_data 10024ea0 f   sfc_debugmsvc80:sfdb_animation.obj
 0001:00026170       _void_ptr_stack_vector_free_total 10027170 f   sfc_debugmsvc80:sfdb_data_browse.obj
 0001:000261d0       _sf_debug_st_terminate_machine 100271d0 f   sfc_debugmsvc80:sfdb_data_browse.obj
 0001:00026200       _sf_debug_st_terminate_instance 10027200 f   sfc_debugmsvc80:sfdb_data_browse.obj
 0001:00026380       _push_on_to_void_ptr_stack 10027380 f   sfc_debugmsvc80:sfdb_data_browse.obj
 0001:000264b0       _pop_from_void_ptr_stack   100274b0 f   sfc_debugmsvc80:sfdb_data_browse.obj
 0001:000265b0       _sf_debug_st_get_data_value 100275b0 f   sfc_debugmsvc80:sfdb_data_browse.obj
 0001:00026a50       _mx_value                  10027a50 f   sfc_debugmsvc80:sfdb_data_browse.obj
 0001:00026a80       _sf_debug_st_fill_data_struct 10027a80 f   sfc_debugmsvc80:sfdb_data_browse.obj
 0001:00026d50       _data_type_format_strings  10027d50 f   sfc_debugmsvc80:sfdb_data_browse.obj
 0001:00026dc0       _sf_debug_st_fill_data     10027dc0 f   sfc_debugmsvc80:sfdb_data_browse.obj
 0001:000277c0       _sf_debug_hm_get_simulink_handle 100287c0 f   sfc_debugmsvc80:sfdb_handle_management.obj
 0001:00028140       _sf_debug_hm_initialize_globals 10029140 f   sfc_debugmsvc80:sfdb_handle_management.obj
 0001:00028230       _sf_debug_hm_get_machine_debug_flag 10029230 f   sfc_debugmsvc80:sfdb_handle_management.obj
 0001:00028380       _sf_debug_hm_get_machine_id 10029380 f   sfc_debugmsvc80:sfdb_handle_management.obj
 0001:00028490       _sf_debug_hm_get_chart_id  10029490 f   sfc_debugmsvc80:sfdb_handle_management.obj
 0001:00028600       _sf_debug_hm_register_executing_SFunction 10029600 f   sfc_debugmsvc80:sfdb_handle_management.obj
 0001:00028900       _sf_debug_hm_form_object_boolean_properties 10029900 f   sfc_debugmsvc80:sfdb_handle_management.obj
 0001:00028b70       _sf_debug_hm_form_object_properties 10029b70 f   sfc_debugmsvc80:sfdb_handle_management.obj
 0001:00028d70       _sf_debug_hm_terminate_charts 10029d70 f   sfc_debugmsvc80:sfdb_handle_management.obj
 0001:00029390       _sf_debug_hm_terminate_machines 1002a390 f   sfc_debugmsvc80:sfdb_handle_management.obj
 0001:0002abb0       _sf_debug_ss_copy_dimension 1002bbb0 f   sfc_debugmsvc80:sfdb_symbol_scope.obj
 0001:0002ac20       _sf_debug_ss_get_number_elements 1002bc20 f   sfc_debugmsvc80:sfdb_symbol_scope.obj
 0001:0002ac40       _sf_debug_ss_fill_data_struct 1002bc40 f   sfc_debugmsvc80:sfdb_symbol_scope.obj
 0001:0002ae30       _sf_debug_ss_reset_data_info 1002be30 f   sfc_debugmsvc80:sfdb_symbol_scope.obj
 0001:0002ae80       _sf_debug_fill_data_info_by_symbol_scope_entry 1002be80 f   sfc_debugmsvc80:sfdb_symbol_scope.obj
 0001:0002af30       _sf_debug_fill_data_info_by_data_vector 1002bf30 f   sfc_debugmsvc80:sfdb_symbol_scope.obj
 0001:0002b0f0       _get_data_info_helper      1002c0f0 f   sfc_debugmsvc80:sfdb_symbol_scope.obj
 0001:0002b170       _sf_debug_ss_get_data_info 1002c170 f   sfc_debugmsvc80:sfdb_symbol_scope.obj
 0001:0002b320       _sf_debug_select_mex_function 1002c320 f   sfc_debugmsvc80:sfdb_symbol_scope.obj
 0001:0002b350       _sf_debug_is_dyn_matrix_initialized 1002c350 f   sfc_debugmsvc80:sfdb_symbol_scope.obj
 0001:0002b370       _sf_debug_ss_set_data_value_try 1002c370 f   sfc_debugmsvc80:sfdb_symbol_scope.obj
 0001:0002b4a0       _sf_debug_ss_get_data_value 1002c4a0 f   sfc_debugmsvc80:sfdb_symbol_scope.obj
 0001:0002b9d0       _sf_debug_ss_data_bytes_string 1002c9d0 f   sfc_debugmsvc80:sfdb_symbol_scope.obj
 0001:0002ba40       _sf_debug_ss_data_class_string 1002ca40 f   sfc_debugmsvc80:sfdb_symbol_scope.obj
 0001:0002bd90       _sf_debug_ss_data_size_string 1002cd90 f   sfc_debugmsvc80:sfdb_symbol_scope.obj
 0001:0002be50       _sf_debug_ss_data_create_data_info_struct 1002ce50 f   sfc_debugmsvc80:sfdb_symbol_scope.obj
 0001:0002c0b0       _sf_debug_ss_data_create_name_value_pair 1002d0b0 f   sfc_debugmsvc80:sfdb_symbol_scope.obj
 0001:0002c110       _sf_debug_ss_data_get_whos_info 1002d110 f   sfc_debugmsvc80:sfdb_symbol_scope.obj
 0001:0002c140       _same_named_data_in_data_array 1002d140 f   sfc_debugmsvc80:sfdb_symbol_scope.obj
 0001:0002d5d0       _sf_debug_cc_terminate_chart 1002e5d0 f   sfc_debugmsvc80:sfdb_coverage.obj
 0001:0002d8e0       _sf_debug_cc_terminate_instance 1002e8e0 f   sfc_debugmsvc80:sfdb_coverage.obj
 0001:0002e310       _sf_debug_cc_mark_object_if_needed 1002f310 f   sfc_debugmsvc80:sfdb_coverage.obj
 0001:0002ea90       _sf_debug_bm_initialize_eml 1002fa90 f   sfc_debugmsvc80:sfdb_breakpoints.obj
 0001:0002fa60       _sf_debug_bm_map_debug_tag_to_breakpoint_tag 10030a60 f   sfc_debugmsvc80:sfdb_breakpoints.obj
 0001:0002fb00       _sf_debug_bm_is_a_eml_breakpoint_impl 10030b00 f   sfc_debugmsvc80:sfdb_breakpoints.obj
 0001:00031160       _sf_debug_sc_push_on_error_stack 10032160 f   sfc_debugmsvc80:sfdb_state_consistency.obj
 0001:00031260       _sf_debug_sc_reset_error_stack 10032260 f   sfc_debugmsvc80:sfdb_state_consistency.obj
 0001:000313b0       _sf_debug_sc_is_state_inconsistent 100323b0 f   sfc_debugmsvc80:sfdb_state_consistency.obj
 0001:000315d0       _sf_debug_sc_fill_consistency_info 100325d0 f   sfc_debugmsvc80:sfdb_state_consistency.obj
 0001:00031a60       _void_assertion_fcn        10032a60 f   sfc_debugmsvc80:sfdb_call_stack.obj
 0001:00031f40       _sf_debug_tm_fill_local_trace 10032f40 f   sfc_debugmsvc80:sfdb_call_stack.obj
 0001:000323c0       _sf_debug_cd_terminate_instance 100333c0 f   sfc_debugmsvc80:sfdb_cycle_detection.obj
 0001:00032420       _sf_debug_cd_free_checksum_stack 10033420 f   sfc_debugmsvc80:sfdb_cycle_detection.obj
 0001:00032450       _sf_debug_cd_reset_pack_strings 10033450 f   sfc_debugmsvc80:sfdb_cycle_detection.obj
 0001:00032a90       _md5file_clear             10033a90 f   sfc_debugmsvc80:ckmd5.obj
 0001:00032ac0       _Encode                    10033ac0 f   sfc_debugmsvc80:ckmd5.obj
 0001:00032b00       _Decode                    10033b00 f   sfc_debugmsvc80:ckmd5.obj
 0001:00032b80       _MD5Transform              10033b80 f   sfc_debugmsvc80:ckmd5.obj
 0001:00033240       _md5file_addn              10034240 f   sfc_debugmsvc80:ckmd5.obj
 0001:000332f0       _md5file_hash              100342f0 f   sfc_debugmsvc80:ckmd5.obj
 0001:000337b7       _pre_c_init                100347b7 f   MSVCRT:crtdll.obj
 0001:00033a0f       ___DllMainCRTStartup       10034a0f f   MSVCRT:crtdll.obj
