 EndEffectorVSCube_v2_sfun

 Timestamp is 51b0c966 (Thu Jun 06 10:39:50 2013)

 Preferred load address is 0000000180000000

 Start         Length     Name                   Class
 0001:00000000 0007f504H .text                   CODE
 0001:0007f510 00000092H .text$x                 CODE
 0002:00000000 000004b8H .idata$5                DATA
 0002:000004b8 00000008H .CRT$XCA                DATA
 0002:000004c0 00000008H .CRT$XCZ                DATA
 0002:000004c8 00000008H .CRT$XIA                DATA
 0002:000004d0 00000008H .CRT$XIAA               DATA
 0002:000004d8 00000008H .CRT$XIZ                DATA
 0002:000004e0 00004c6cH .rdata                  DATA
 0002:00005150 00000008H .rtc$IAA                DATA
 0002:00005158 00000008H .rtc$IZZ                DATA
 0002:00005160 00000008H .rtc$TAA                DATA
 0002:00005168 00000008H .rtc$TZZ                DATA
 0002:00005170 0000523cH .xdata                  DATA
 0002:0000a3ac 000000a0H .idata$2                DATA
 0002:0000a44c 00000014H .idata$3                DATA
 0002:0000a460 000004b8H .idata$4                DATA
 0002:0000a918 00000b18H .idata$6                DATA
 0002:0000b430 0000005fH .edata                  DATA
 0003:00000000 0000cc48H .data                   DATA
 0003:0000cc60 000024b8H .bss                    DATA
 0004:00000000 0000456cH .pdata                  DATA

  Address         Publics by Value              Rva+Base               Lib:Object

 0000:00000000       ___safe_se_handler_table   0000000000000000     <absolute>
 0000:00000000       ___safe_se_handler_count   0000000000000000     <absolute>
 0000:00000000       __ImageBase                0000000180000000     <linker-defined>
 0001:00000000       sf_c1_EndEffectorVSCube_v2_get_eml_resolved_functions_info 0000000180001000 f   c1_EndEffectorVSCube_v2.obj
 0001:000009d0       sf_c1_EndEffectorVSCube_v2_get_check_sum 00000001800019d0 f   c1_EndEffectorVSCube_v2.obj
 0001:00000a50       sf_c1_EndEffectorVSCube_v2_get_autoinheritance_info 0000000180001a50 f   c1_EndEffectorVSCube_v2.obj
 0001:00001b40       sf_c1_EndEffectorVSCube_v2_third_party_uses_info 0000000180002b40 f   c1_EndEffectorVSCube_v2.obj
 0001:00001b70       sf_internal_get_sim_state_c1_EndEffectorVSCube_v2 0000000180002b70 f   c1_EndEffectorVSCube_v2.obj
 0001:00002280       sf_internal_set_sim_state_c1_EndEffectorVSCube_v2 0000000180003280 f   c1_EndEffectorVSCube_v2.obj
 0001:00002bf0       c1_EndEffectorVSCube_v2_method_dispatcher 0000000180003bf0 f   c1_EndEffectorVSCube_v2.obj
 0001:00009ee0       sf_c2_EndEffectorVSCube_v2_get_eml_resolved_functions_info 000000018000aee0 f   c2_EndEffectorVSCube_v2.obj
 0001:0000c870       sf_c2_EndEffectorVSCube_v2_get_check_sum 000000018000d870 f   c2_EndEffectorVSCube_v2.obj
 0001:0000c8f0       sf_c2_EndEffectorVSCube_v2_get_autoinheritance_info 000000018000d8f0 f   c2_EndEffectorVSCube_v2.obj
 0001:0000ed30       sf_c2_EndEffectorVSCube_v2_third_party_uses_info 000000018000fd30 f   c2_EndEffectorVSCube_v2.obj
 0001:0000ed60       sf_internal_get_sim_state_c2_EndEffectorVSCube_v2 000000018000fd60 f   c2_EndEffectorVSCube_v2.obj
 0001:0000fd00       sf_internal_set_sim_state_c2_EndEffectorVSCube_v2 0000000180010d00 f   c2_EndEffectorVSCube_v2.obj
 0001:00010eb0       c2_EndEffectorVSCube_v2_method_dispatcher 0000000180011eb0 f   c2_EndEffectorVSCube_v2.obj
 0001:0001ff10       sf_c3_EndEffectorVSCube_v2_get_eml_resolved_functions_info 0000000180020f10 f   c3_EndEffectorVSCube_v2.obj
 0001:000205d0       sf_c3_EndEffectorVSCube_v2_get_check_sum 00000001800215d0 f   c3_EndEffectorVSCube_v2.obj
 0001:00020650       sf_c3_EndEffectorVSCube_v2_get_autoinheritance_info 0000000180021650 f   c3_EndEffectorVSCube_v2.obj
 0001:00020a70       sf_c3_EndEffectorVSCube_v2_third_party_uses_info 0000000180021a70 f   c3_EndEffectorVSCube_v2.obj
 0001:00020aa0       sf_internal_get_sim_state_c3_EndEffectorVSCube_v2 0000000180021aa0 f   c3_EndEffectorVSCube_v2.obj
 0001:00020e60       sf_internal_set_sim_state_c3_EndEffectorVSCube_v2 0000000180021e60 f   c3_EndEffectorVSCube_v2.obj
 0001:00021330       c3_EndEffectorVSCube_v2_method_dispatcher 0000000180022330 f   c3_EndEffectorVSCube_v2.obj
 0001:00023400       sf_c4_EndEffectorVSCube_v2_get_eml_resolved_functions_info 0000000180024400 f   c4_EndEffectorVSCube_v2.obj
 0001:00024780       sf_c4_EndEffectorVSCube_v2_get_check_sum 0000000180025780 f   c4_EndEffectorVSCube_v2.obj
 0001:00024800       sf_c4_EndEffectorVSCube_v2_get_autoinheritance_info 0000000180025800 f   c4_EndEffectorVSCube_v2.obj
 0001:00025530       sf_c4_EndEffectorVSCube_v2_third_party_uses_info 0000000180026530 f   c4_EndEffectorVSCube_v2.obj
 0001:00025560       sf_internal_get_sim_state_c4_EndEffectorVSCube_v2 0000000180026560 f   c4_EndEffectorVSCube_v2.obj
 0001:00025df0       sf_internal_set_sim_state_c4_EndEffectorVSCube_v2 0000000180026df0 f   c4_EndEffectorVSCube_v2.obj
 0001:000268c0       c4_EndEffectorVSCube_v2_method_dispatcher 00000001800278c0 f   c4_EndEffectorVSCube_v2.obj
 0001:0002e850       sf_c6_EndEffectorVSCube_v2_get_eml_resolved_functions_info 000000018002f850 f   c6_EndEffectorVSCube_v2.obj
 0001:0002ecd0       sf_c6_EndEffectorVSCube_v2_get_check_sum 000000018002fcd0 f   c6_EndEffectorVSCube_v2.obj
 0001:0002ed50       sf_c6_EndEffectorVSCube_v2_get_autoinheritance_info 000000018002fd50 f   c6_EndEffectorVSCube_v2.obj
 0001:0002f170       sf_c6_EndEffectorVSCube_v2_third_party_uses_info 0000000180030170 f   c6_EndEffectorVSCube_v2.obj
 0001:0002f1a0       sf_internal_get_sim_state_c6_EndEffectorVSCube_v2 00000001800301a0 f   c6_EndEffectorVSCube_v2.obj
 0001:0002f520       sf_internal_set_sim_state_c6_EndEffectorVSCube_v2 0000000180030520 f   c6_EndEffectorVSCube_v2.obj
 0001:0002f990       c6_EndEffectorVSCube_v2_method_dispatcher 0000000180030990 f   c6_EndEffectorVSCube_v2.obj
 0001:00032150       sf_c7_EndEffectorVSCube_v2_get_eml_resolved_functions_info 0000000180033150 f   c7_EndEffectorVSCube_v2.obj
 0001:00032600       sf_c7_EndEffectorVSCube_v2_get_check_sum 0000000180033600 f   c7_EndEffectorVSCube_v2.obj
 0001:00032680       sf_c7_EndEffectorVSCube_v2_get_autoinheritance_info 0000000180033680 f   c7_EndEffectorVSCube_v2.obj
 0001:00032aa0       sf_c7_EndEffectorVSCube_v2_third_party_uses_info 0000000180033aa0 f   c7_EndEffectorVSCube_v2.obj
 0001:00032ad0       sf_internal_get_sim_state_c7_EndEffectorVSCube_v2 0000000180033ad0 f   c7_EndEffectorVSCube_v2.obj
 0001:00032e50       sf_internal_set_sim_state_c7_EndEffectorVSCube_v2 0000000180033e50 f   c7_EndEffectorVSCube_v2.obj
 0001:000332c0       c7_EndEffectorVSCube_v2_method_dispatcher 00000001800342c0 f   c7_EndEffectorVSCube_v2.obj
 0001:00035a80       sf_c8_EndEffectorVSCube_v2_get_eml_resolved_functions_info 0000000180036a80 f   c8_EndEffectorVSCube_v2.obj
 0001:00036150       sf_c8_EndEffectorVSCube_v2_get_check_sum 0000000180037150 f   c8_EndEffectorVSCube_v2.obj
 0001:000361d0       sf_c8_EndEffectorVSCube_v2_get_autoinheritance_info 00000001800371d0 f   c8_EndEffectorVSCube_v2.obj
 0001:000365f0       sf_c8_EndEffectorVSCube_v2_third_party_uses_info 00000001800375f0 f   c8_EndEffectorVSCube_v2.obj
 0001:00036620       sf_internal_get_sim_state_c8_EndEffectorVSCube_v2 0000000180037620 f   c8_EndEffectorVSCube_v2.obj
 0001:000369f0       sf_internal_set_sim_state_c8_EndEffectorVSCube_v2 00000001800379f0 f   c8_EndEffectorVSCube_v2.obj
 0001:00036ec0       c8_EndEffectorVSCube_v2_method_dispatcher 0000000180037ec0 f   c8_EndEffectorVSCube_v2.obj
 0001:00038fc0       sf_c10_EndEffectorVSCube_v2_get_eml_resolved_functions_info 0000000180039fc0 f   c10_EndEffectorVSCube_v2.obj
 0001:00039490       sf_c10_EndEffectorVSCube_v2_get_check_sum 000000018003a490 f   c10_EndEffectorVSCube_v2.obj
 0001:00039510       sf_c10_EndEffectorVSCube_v2_get_autoinheritance_info 000000018003a510 f   c10_EndEffectorVSCube_v2.obj
 0001:00039930       sf_c10_EndEffectorVSCube_v2_third_party_uses_info 000000018003a930 f   c10_EndEffectorVSCube_v2.obj
 0001:00039960       sf_internal_get_sim_state_c10_EndEffectorVSCube_v2 000000018003a960 f   c10_EndEffectorVSCube_v2.obj
 0001:00039d10       sf_internal_set_sim_state_c10_EndEffectorVSCube_v2 000000018003ad10 f   c10_EndEffectorVSCube_v2.obj
 0001:0003a1e0       c10_EndEffectorVSCube_v2_method_dispatcher 000000018003b1e0 f   c10_EndEffectorVSCube_v2.obj
 0001:0003cd30       sf_c11_EndEffectorVSCube_v2_get_eml_resolved_functions_info 000000018003dd30 f   c11_EndEffectorVSCube_v2.obj
 0001:0003d1c0       sf_c11_EndEffectorVSCube_v2_get_check_sum 000000018003e1c0 f   c11_EndEffectorVSCube_v2.obj
 0001:0003d240       sf_c11_EndEffectorVSCube_v2_get_autoinheritance_info 000000018003e240 f   c11_EndEffectorVSCube_v2.obj
 0001:0003d660       sf_c11_EndEffectorVSCube_v2_third_party_uses_info 000000018003e660 f   c11_EndEffectorVSCube_v2.obj
 0001:0003d690       sf_internal_get_sim_state_c11_EndEffectorVSCube_v2 000000018003e690 f   c11_EndEffectorVSCube_v2.obj
 0001:0003da30       sf_internal_set_sim_state_c11_EndEffectorVSCube_v2 000000018003ea30 f   c11_EndEffectorVSCube_v2.obj
 0001:0003df00       c11_EndEffectorVSCube_v2_method_dispatcher 000000018003ef00 f   c11_EndEffectorVSCube_v2.obj
 0001:000409d0       sf_c12_EndEffectorVSCube_v2_get_eml_resolved_functions_info 00000001800419d0 f   c12_EndEffectorVSCube_v2.obj
 0001:00040a50       sf_c12_EndEffectorVSCube_v2_get_check_sum 0000000180041a50 f   c12_EndEffectorVSCube_v2.obj
 0001:00040ad0       sf_c12_EndEffectorVSCube_v2_get_autoinheritance_info 0000000180041ad0 f   c12_EndEffectorVSCube_v2.obj
 0001:00041040       sf_c12_EndEffectorVSCube_v2_third_party_uses_info 0000000180042040 f   c12_EndEffectorVSCube_v2.obj
 0001:00041070       sf_internal_get_sim_state_c12_EndEffectorVSCube_v2 0000000180042070 f   c12_EndEffectorVSCube_v2.obj
 0001:000414e0       sf_internal_set_sim_state_c12_EndEffectorVSCube_v2 00000001800424e0 f   c12_EndEffectorVSCube_v2.obj
 0001:00041a40       c12_EndEffectorVSCube_v2_method_dispatcher 0000000180042a40 f   c12_EndEffectorVSCube_v2.obj
 0001:00044090       sf_c13_EndEffectorVSCube_v2_get_eml_resolved_functions_info 0000000180045090 f   c13_EndEffectorVSCube_v2.obj
 0001:00044110       sf_c13_EndEffectorVSCube_v2_get_check_sum 0000000180045110 f   c13_EndEffectorVSCube_v2.obj
 0001:00044190       sf_c13_EndEffectorVSCube_v2_get_autoinheritance_info 0000000180045190 f   c13_EndEffectorVSCube_v2.obj
 0001:00044ea0       sf_c13_EndEffectorVSCube_v2_third_party_uses_info 0000000180045ea0 f   c13_EndEffectorVSCube_v2.obj
 0001:00044ed0       sf_internal_get_sim_state_c13_EndEffectorVSCube_v2 0000000180045ed0 f   c13_EndEffectorVSCube_v2.obj
 0001:00045370       sf_internal_set_sim_state_c13_EndEffectorVSCube_v2 0000000180046370 f   c13_EndEffectorVSCube_v2.obj
 0001:000459c0       c13_EndEffectorVSCube_v2_method_dispatcher 00000001800469c0 f   c13_EndEffectorVSCube_v2.obj
 0001:00049480       sf_c14_EndEffectorVSCube_v2_get_eml_resolved_functions_info 000000018004a480 f   c14_EndEffectorVSCube_v2.obj
 0001:00049aa0       sf_c14_EndEffectorVSCube_v2_get_check_sum 000000018004aaa0 f   c14_EndEffectorVSCube_v2.obj
 0001:00049b20       sf_c14_EndEffectorVSCube_v2_get_autoinheritance_info 000000018004ab20 f   c14_EndEffectorVSCube_v2.obj
 0001:00049f40       sf_c14_EndEffectorVSCube_v2_third_party_uses_info 000000018004af40 f   c14_EndEffectorVSCube_v2.obj
 0001:00049f70       sf_internal_get_sim_state_c14_EndEffectorVSCube_v2 000000018004af70 f   c14_EndEffectorVSCube_v2.obj
 0001:0004a310       sf_internal_set_sim_state_c14_EndEffectorVSCube_v2 000000018004b310 f   c14_EndEffectorVSCube_v2.obj
 0001:0004a7e0       c14_EndEffectorVSCube_v2_method_dispatcher 000000018004b7e0 f   c14_EndEffectorVSCube_v2.obj
 0001:0004c8a0       sf_process_check_sum_call  000000018004d8a0 f   EndEffectorVSCube_v2_sfun_registry.obj
 0001:0004c8f0       sf_process_autoinheritance_call 000000018004d8f0 f   EndEffectorVSCube_v2_sfun_registry.obj
 0001:0004ca90       sf_process_get_third_party_uses_info_call 000000018004da90 f   EndEffectorVSCube_v2_sfun_registry.obj
 0001:0004cc30       sf_process_get_eml_resolved_functions_info_call 000000018004dc30 f   EndEffectorVSCube_v2_sfun_registry.obj
 0001:0004cdb0       sf_mex_unlock_call         000000018004ddb0 f   EndEffectorVSCube_v2_sfun_registry.obj
 0001:0004ce60       sf_machine_global_initializer_called 000000018004de60 f   EndEffectorVSCube_v2_sfun_registry.obj
 0001:0004ce90       sf_machine_global_method_dispatcher 000000018004de90 f   EndEffectorVSCube_v2_sfun_registry.obj
 0001:0004cef0       sf_machine_global_terminator 000000018004def0 f   EndEffectorVSCube_v2_sfun_registry.obj
 0001:0004cf40       sf_register_machine_exported_symbols 000000018004df40 f   EndEffectorVSCube_v2_sfun_registry.obj
 0001:0004cf60       callCustomFcn              000000018004df60 f   EndEffectorVSCube_v2_sfun_registry.obj
 0001:0004cf70       sf_machine_global_initializer 000000018004df70 f   EndEffectorVSCube_v2_sfun_registry.obj
 0001:0004cff0       _ssSetStateAbsTol          000000018004dff0 f   EndEffectorVSCube_v2_sfun_registry.obj
 0001:0004d0d0       _ssGetAbsTol               000000018004e0d0 f   EndEffectorVSCube_v2_sfun_registry.obj
 0001:0004d140       _ssSetInputPortMatrixDimensions 000000018004e140 f   EndEffectorVSCube_v2_sfun_registry.obj
 0001:0004d250       _ssSetOutputPortMatrixDimensions 000000018004e250 f   EndEffectorVSCube_v2_sfun_registry.obj
 0001:0004d360       _ssSetInputPortVectorDimension 000000018004e360 f   EndEffectorVSCube_v2_sfun_registry.obj
 0001:0004d430       _ssSetOutputPortVectorDimension 000000018004e430 f   EndEffectorVSCube_v2_sfun_registry.obj
 0001:0004d500       ssIsRunTimeParamTunable    000000018004e500 f   EndEffectorVSCube_v2_sfun_registry.obj
 0001:0004d570       ssGetSFuncBlockHandle      000000018004e570 f   EndEffectorVSCube_v2_sfun_registry.obj
 0001:0004d5e0       _ssGetCurrentInputPortWidth 000000018004e5e0 f   EndEffectorVSCube_v2_sfun_registry.obj
 0001:0004d700       _ssGetCurrentOutputPortWidth 000000018004e700 f   EndEffectorVSCube_v2_sfun_registry.obj
 0001:0004d820       _ssGetCallSystemNumFcnCallDestinations 000000018004e820 f   EndEffectorVSCube_v2_sfun_registry.obj
 0001:0004d890       ssWarning                  000000018004e890 f   EndEffectorVSCube_v2_sfun_registry.obj
 0001:0004d9a0       ssGetIsZeroCrossControlDisabled 000000018004e9a0 f   EndEffectorVSCube_v2_sfun_registry.obj
 0001:0004da10       ssSetIsInputPortUsedForContZcSignal 000000018004ea10 f   EndEffectorVSCube_v2_sfun_registry.obj
 0001:0004da80       ssSetZcSignalIsZcElementDisc 000000018004ea80 f   EndEffectorVSCube_v2_sfun_registry.obj
 0001:0004db30       ssSetZcSignalName          000000018004eb30 f   EndEffectorVSCube_v2_sfun_registry.obj
 0001:0004dba0       ssSetZcSignalWidth         000000018004eba0 f   EndEffectorVSCube_v2_sfun_registry.obj
 0001:0004dc10       ssSetZcSignalZcEventType   000000018004ec10 f   EndEffectorVSCube_v2_sfun_registry.obj
 0001:0004dc80       ssSetZcSignalType          000000018004ec80 f   EndEffectorVSCube_v2_sfun_registry.obj
 0001:0004dcf0       ssSetZcSignalZcTol         000000018004ecf0 f   EndEffectorVSCube_v2_sfun_registry.obj
 0001:0004dd60       ssSetZcSignalNeedsEventNotification 000000018004ed60 f   EndEffectorVSCube_v2_sfun_registry.obj
 0001:0004ddd0       ssCreateAndAddZcSignalInfo 000000018004edd0 f   EndEffectorVSCube_v2_sfun_registry.obj
 0001:0004de40       ssCloneAndAddZcSignalInfo  000000018004ee40 f   EndEffectorVSCube_v2_sfun_registry.obj
 0001:0004deb0       ssGetNumZcSignals          000000018004eeb0 f   EndEffectorVSCube_v2_sfun_registry.obj
 0001:0004df20       ssGetZcSignalVector        000000018004ef20 f   EndEffectorVSCube_v2_sfun_registry.obj
 0001:0004df90       ssGetZcSignalZcEvents      000000018004ef90 f   EndEffectorVSCube_v2_sfun_registry.obj
 0001:0004e000       ssGetZcSignalName          000000018004f000 f   EndEffectorVSCube_v2_sfun_registry.obj
 0001:0004e070       ssGetZcSignalWidth         000000018004f070 f   EndEffectorVSCube_v2_sfun_registry.obj
 0001:0004e0e0       ssGetZcSignalZcEventType   000000018004f0e0 f   EndEffectorVSCube_v2_sfun_registry.obj
 0001:0004e150       ssGetZcSignalType          000000018004f150 f   EndEffectorVSCube_v2_sfun_registry.obj
 0001:0004e1c0       ssGetZcSignalZcTol         000000018004f1c0 f   EndEffectorVSCube_v2_sfun_registry.obj
 0001:0004e240       ssGetZcSignalNeedsEventNotification 000000018004f240 f   EndEffectorVSCube_v2_sfun_registry.obj
 0001:0004e2b0       ssGetZcSignalIsZcElementDisc 000000018004f2b0 f   EndEffectorVSCube_v2_sfun_registry.obj
 0001:0004e350       ssGetIsInputPortElementContinuous 000000018004f350 f   EndEffectorVSCube_v2_sfun_registry.obj
 0001:0004e3f0       _ssGetInputPortSignalPtrsFcn 000000018004f3f0 f   EndEffectorVSCube_v2_sfun_registry.obj
 0001:0004e6b0       _ssGetInputPortSignalFcn   000000018004f6b0 f   EndEffectorVSCube_v2_sfun_registry.obj
 0001:0004e8d0       _ssSetInputPortDirectFeedThroughFcn 000000018004f8d0 f   EndEffectorVSCube_v2_sfun_registry.obj
 0001:0004ea30       _ssSetInputPortReusableFcn 000000018004fa30 f   EndEffectorVSCube_v2_sfun_registry.obj
 0001:0004eb20       _ssSetOutputPortReusableFcn 000000018004fb20 f   EndEffectorVSCube_v2_sfun_registry.obj
 0001:0004ec00       ssGetDTypeIdFromMxArray    000000018004fc00 f   EndEffectorVSCube_v2_sfun_registry.obj
 0001:0004ed20       ssWriteRTWStr              000000018004fd20 f   EndEffectorVSCube_v2_sfun_registry.obj
 0001:0004ed80       ssWriteRTWMxVectParam      000000018004fd80 f   EndEffectorVSCube_v2_sfun_registry.obj
 0001:0004ede0       ssWriteRTWMx2dMatParam     000000018004fde0 f   EndEffectorVSCube_v2_sfun_registry.obj
 0001:0004ee60       ssWriteRTWNameValuePair    000000018004fe60 f   EndEffectorVSCube_v2_sfun_registry.obj
 0001:0004f350       ssWriteRTWParameters       0000000180050350 f   EndEffectorVSCube_v2_sfun_registry.obj
 0001:0004f950       ssWriteRTWParamSettings    0000000180050950 f   EndEffectorVSCube_v2_sfun_registry.obj
 0001:00050020       ssWriteRTWWorkVect         0000000180051020 f   EndEffectorVSCube_v2_sfun_registry.obj
 0001:00050520       mexFunction                0000000180051520 f   EndEffectorVSCube_v2_sfun_registry.obj
 0001:00052250       ProcessMexSfunctionEveryCall 0000000180053250 f   EndEffectorVSCube_v2_sfun_registry.obj
 0001:000523c0       EndEffectorVSCube_v2_initializer 00000001800533c0 f   EndEffectorVSCube_v2_sfun.obj
 0001:000523d0       EndEffectorVSCube_v2_terminator 00000001800533d0 f   EndEffectorVSCube_v2_sfun.obj
 0001:000523e0       sf_EndEffectorVSCube_v2_method_dispatcher 00000001800533e0 f   EndEffectorVSCube_v2_sfun.obj
 0001:000525b0       sf_EndEffectorVSCube_v2_process_check_sum_call 00000001800535b0 f   EndEffectorVSCube_v2_sfun.obj
 0001:00052ac0       sf_EndEffectorVSCube_v2_autoinheritance_info 0000000180053ac0 f   EndEffectorVSCube_v2_sfun.obj
 0001:00052f90       sf_EndEffectorVSCube_v2_get_eml_resolved_functions_info 0000000180053f90 f   EndEffectorVSCube_v2_sfun.obj
 0001:00053380       sf_EndEffectorVSCube_v2_third_party_uses_info 0000000180054380 f   EndEffectorVSCube_v2_sfun.obj
 0001:00053700       EndEffectorVSCube_v2_debug_initialize 0000000180054700 f   EndEffectorVSCube_v2_sfun.obj
 0001:00053780       EndEffectorVSCube_v2_register_exported_symbols 0000000180054780 f   EndEffectorVSCube_v2_sfun.obj
 0001:00053790       load_EndEffectorVSCube_v2_optimization_info 0000000180054790 f   EndEffectorVSCube_v2_sfun.obj
 0001:000537e0       unload_EndEffectorVSCube_v2_optimization_info 00000001800547e0 f   EndEffectorVSCube_v2_sfun.obj
 0001:00053900       sf_mex_mx_is_numeric       0000000180054900 f   sfc_mex:sfc_mex.obj
 0001:00053940       strcmp_ignore_ws           0000000180054940 f   sfc_mex:sfc_mex.obj
 0001:00053a80       sf_mex_duplicatearraysafe  0000000180054a80 f   sfc_mex:sfc_mex.obj
 0001:00053be0       sf_set_error_debugger_context_message_fcn 0000000180054be0 f   sfc_mex:sfc_mex.obj
 0001:00053bf0       sf_set_debugger_matlab_error_fcn 0000000180054bf0 f   sfc_mex:sfc_mex.obj
 0001:00053c30       sf_set_error_prefix_string 0000000180054c30 f   sfc_mex:sfc_mex.obj
 0001:00053c60       sf_get_error_prefix_string 0000000180054c60 f   sfc_mex:sfc_mex.obj
 0001:00053c70       sf_mex_enter_parallel_region 0000000180054c70 f   sfc_mex:sfc_mex.obj
 0001:00053c80       sf_mex_exit_parallel_region 0000000180054c80 f   sfc_mex:sfc_mex.obj
 0001:00053c90       sf_get_current_jmp_buf_ptr 0000000180054c90 f   sfc_mex:sfc_mex.obj
 0001:00053ca0       sf_set_current_jmp_buf_ptr 0000000180054ca0 f   sfc_mex:sfc_mex.obj
 0001:00053cb0       sf_mex_set_halt_simulation 0000000180054cb0 f   sfc_mex:sfc_mex.obj
 0001:00053cc0       sf_mex_get_halt_simulation 0000000180054cc0 f   sfc_mex:sfc_mex.obj
 0001:00053cd0       sf_mex_clear_error_message 0000000180054cd0 f   sfc_mex:sfc_mex.obj
 0001:00053cf0       sf_mex_get_error_message_for_read 0000000180054cf0 f   sfc_mex:sfc_mex.obj
 0001:00053d00       sf_mex_get_error_message_buffer_length 0000000180054d00 f   sfc_mex:sfc_mex.obj
 0001:00053de0       sf_mex_warning_message     0000000180054de0 f   sfc_mex:sfc_mex.obj
 0001:00053e50       sf_mex_v_errbuf_createf    0000000180054e50 f   sfc_mex:sfc_mex.obj
 0001:00053e60       sf_mex_errbuf_createf      0000000180054e60 f   sfc_mex:sfc_mex.obj
 0001:00053e90       sf_mex_v_errbuf_catf       0000000180054e90 f   sfc_mex:sfc_mex.obj
 0001:00053ed0       sf_mex_errbuf_catf         0000000180054ed0 f   sfc_mex:sfc_mex.obj
 0001:00053f20       sf_mex_errbuf_copy         0000000180054f20 f   sfc_mex:sfc_mex.obj
 0001:00053f30       sf_mex_errbuf_clear        0000000180054f30 f   sfc_mex:sfc_mex.obj
 0001:00053f40       sf_mex_errbuf_isempty      0000000180054f40 f   sfc_mex:sfc_mex.obj
 0001:00054040       sf_mex_set_error_status    0000000180055040 f   sfc_mex:sfc_mex.obj
 0001:00054090       sf_mex_error_direct_call   0000000180055090 f   sfc_mex:sfc_mex.obj
 0001:000540b0       sf_mex_error_message_no_long_jump 00000001800550b0 f   sfc_mex:sfc_mex.obj
 0001:000540d0       sf_mex_long_jump_on_error  00000001800550d0 f   sfc_mex:sfc_mex.obj
 0001:00054100       sf_mex_call_matlab         0000000180055100 f   sfc_mex:sfc_mex.obj
 0001:00054220       sf_mex_check_builtin       0000000180055220 f   sfc_mex:sfc_mex.obj
 0001:000542c0       sf_mex_check_builtin_vs    00000001800552c0 f   sfc_mex:sfc_mex.obj
 0001:00054380       sf_mex_check_enum          0000000180055380 f   sfc_mex:sfc_mex.obj
 0001:00054400       sf_mex_create_enum         0000000180055400 f   sfc_mex:sfc_mex.obj
 0001:00054470       sf_mex_get_enum_element    0000000180055470 f   sfc_mex:sfc_mex.obj
 0001:00054480       sf_mex_createcellarray     0000000180055480 f   sfc_mex:sfc_mex.obj
 0001:00054490       sf_mex_setcell             0000000180055490 f   sfc_mex:sfc_mex.obj
 0001:000544a0       sf_mex_getcell             00000001800554a0 f   sfc_mex:sfc_mex.obj
 0001:000544b0       sf_mex_dup                 00000001800554b0 f   sfc_mex:sfc_mex.obj
 0001:000544d0       sf_mex_assign              00000001800554d0 f   sfc_mex:sfc_mex.obj
 0001:00054550       sf_mex_destroy             0000000180055550 f   sfc_mex:sfc_mex.obj
 0001:00054580       mx_array_has_fi_type       0000000180055580 f   sfc_mex:sfc_mex.obj
 0001:000545b0       sf_mex_convert_from_fi     00000001800555b0 f   sfc_mex:sfc_mex.obj
 0001:000546e0       sf_mex_convert_to_double   00000001800556e0 f   sfc_mex:sfc_mex.obj
 0001:00054800       sf_mex_import_fi_vs        0000000180055800 f   sfc_mex:sfc_mex.obj
 0001:00054a30       sf_matrix_matrix_index_ok  0000000180055a30 f   sfc_mex:sfc_mex.obj
 0001:00054ac0       sf_vector_vector_index_ok  0000000180055ac0 f   sfc_mex:sfc_mex.obj
 0001:00054af0       ssGetCurrentInputPortDimensions_wrapper 0000000180055af0 f   sfc_mex:sfc_mex.obj
 0001:00054b10       ssGetCurrentOutputPortDimensions_wrapper 0000000180055b10 f   sfc_mex:sfc_mex.obj
 0001:00054b30       sf_mex_emlrt_context_is_debug_mode 0000000180055b30 f   sfc_mex:sfc_mex.obj
 0001:00054b40       sf_mex_emlrt_context_set_debug_mode 0000000180055b40 f   sfc_mex:sfc_mex.obj
 0001:00054b50       sf_mex_emlrtNameCapturePostProcessR2012a 0000000180055b50 f   sfc_mex:sfc_mex.obj
 0001:00054bc0       sf_clear_error_manager_info 0000000180055bc0 f   sfc_mex:sfc_mex.obj
 0001:00054c20       sf_mex_stop_simulation_abruptly_wo_error 0000000180055c20 f   sfc_mex:sfc_mex.obj
 0001:00054c60       sf_mex_error_message       0000000180055c60 f   sfc_mex:sfc_mex.obj
 0001:00054cd0       sf_react_to_error_in_matlab_call 0000000180055cd0 f   sfc_mex:sfc_mex.obj
 0001:00054d00       sf_mex_addfield            0000000180055d00 f   sfc_mex:sfc_mex.obj
 0001:00054da0       sf_mex_getfield            0000000180055da0 f   sfc_mex:sfc_mex.obj
 0001:000550a0       sf_mex_check_class         00000001800560a0 f   sfc_mex:sfc_mex.obj
 0001:00055140       sf_mex_is_real             0000000180056140 f   sfc_mex:sfc_mex.obj
 0001:000555b0       sf_mex_decode_encoded_mx_struct_array 00000001800565b0 f   sfc_mex:sfc_mex.obj
 0001:000558a0       sf_mex_lw_bounds_check     00000001800568a0 f   sfc_mex:sfc_mex.obj
 0001:000558d0       sf_mex_lw_size_eq_check_1d 00000001800568d0 f   sfc_mex:sfc_mex.obj
 0001:000558f0       sf_mex_lw_size_eq_check_nd 00000001800568f0 f   sfc_mex:sfc_mex.obj
 0001:00055ad0       sf_mex_lw_dim_size_eq_check 0000000180056ad0 f   sfc_mex:sfc_mex.obj
 0001:00055b00       sf_mex_lw_dim_size_geq_check 0000000180056b00 f   sfc_mex:sfc_mex.obj
 0001:00055b30       sf_mex_lw_sub_assign_size_check_nd 0000000180056b30 f   sfc_mex:sfc_mex.obj
 0001:00055d00       sf_mex_lw_runtime_error_msgid 0000000180056d00 f   sfc_mex:sfc_mex.obj
 0001:00055df0       sf_mex_lw_matrix_matrix_index_check 0000000180056df0 f   sfc_mex:sfc_mex.obj
 0001:00055e10       sf_mex_lw_vector_vector_index_check 0000000180056e10 f   sfc_mex:sfc_mex.obj
 0001:00055e50       sf_mex_lw_for_loop_vector_check 0000000180056e50 f   sfc_mex:sfc_mex.obj
 0001:00055ee0       sf_mex_lw_non_negative_check 0000000180056ee0 f   sfc_mex:sfc_mex.obj
 0001:00055f20       sf_mex_overflow_error      0000000180056f20 f   sfc_mex:sfc_mex.obj
 0001:00055f30       sf_mex_dividebyzero_error  0000000180056f30 f   sfc_mex:sfc_mex.obj
 0001:00055f40       sf_mex_unsafe_enum_error   0000000180056f40 f   sfc_mex:sfc_mex.obj
 0001:00055f50       sf_emlrtErrHandler         0000000180056f50 f   sfc_mex:sfc_mex.obj
 0001:00056030       sf_mex_size_one_check      0000000180057030 f   sfc_mex:sfc_mex.obj
 0001:00056050       sf_mex_printf              0000000180057050 f   sfc_mex:sfc_mex.obj
 0001:00056220       sf_mex_check_size          0000000180057220 f   sfc_mex:sfc_mex.obj
 0001:000564c0       sf_mex_check_struct        00000001800574c0 f   sfc_mex:sfc_mex.obj
 0001:00056720       sf_mex_check_struct_vs     0000000180057720 f   sfc_mex:sfc_mex.obj
 0001:000567b0       sf_mex_check_fi            00000001800577b0 f   sfc_mex:sfc_mex.obj
 0001:000568b0       sf_mex_check_fi_vs         00000001800578b0 f   sfc_mex:sfc_mex.obj
 0001:00056950       sf_echo_expression         0000000180057950 f   sfc_mex:sfc_mex.obj
 0001:000569b0       sf_assertion_failed        00000001800579b0 f   sfc_mex:sfc_mex.obj
 0001:00056c90       sf_mex_evalin              0000000180057c90 f   sfc_mex:sfc_mex.obj
 0001:00056f00       sf_mex_export              0000000180057f00 f   sfc_mex:sfc_mex.obj
 0001:00056fc0       sf_mex_get_ml_var_no_error 0000000180057fc0 f   sfc_mex:sfc_mex.obj
 0001:00057160       sf_mex_get_ml_var          0000000180058160 f   sfc_mex:sfc_mex.obj
 0001:000575f0       ml_set_element_value_in_array 00000001800585f0 f   sfc_mex:sfc_mex.obj
 0001:000586b0       sf_mex_call_impl           00000001800596b0 f   sfc_mex:sfc_mex.obj
 0001:00058ad0       sf_mex_call_debug          0000000180059ad0 f   sfc_mex:sfc_mex.obj
 0001:00058b00       sf_mex_call                0000000180059b00 f   sfc_mex:sfc_mex.obj
 0001:00059150       sf_mex_createstruct        000000018005a150 f   sfc_mex:sfc_mex.obj
 0001:00059260       sf_mex_createstructarray   000000018005a260 f   sfc_mex:sfc_mex.obj
 0001:000592e0       sf_mex_get_mx_datatype_from_sf_datatype 000000018005a2e0 f   sfc_mex:sfc_mex.obj
 0001:000595f0       sf_mex_ml_var_sub          000000018005a5f0 f   sfc_mex:sfc_mex.obj
 0001:000597d0       sf_mex_ml_var_subsasgn     000000018005a7d0 f   sfc_mex:sfc_mex.obj
 0001:00059bd0       sf_mex_sub                 000000018005abd0 f   sfc_mex:sfc_mex.obj
 0001:00059de0       sf_mex_subsasgn            000000018005ade0 f   sfc_mex:sfc_mex.obj
 0001:0005a2f0       sf_mex_create              000000018005b2f0 f   sfc_mex:sfc_mex.obj
 0001:0005ac90       sf_mex_import_named        000000018005bc90 f   sfc_mex:sfc_mex.obj
 0001:0005acf0       sf_mex_import              000000018005bcf0 f   sfc_mex:sfc_mex.obj
 0001:0005ad40       sf_mex_import_vs           000000018005bd40 f   sfc_mex:sfc_mex.obj
 0001:0005ae50       sf_mex_lower_fixpt_mx_array 000000018005be50 f   sfc_mex:sfc_mex.obj
 0001:0005b150       sf_send_message_wrapper    000000018005c150 f   sfc_mex:sfc_sf.obj
 0001:0005b180       sf_receive_message_wrapper 000000018005c180 f   sfc_mex:sfc_sf.obj
 0001:0005b1c0       sf_check_out_message_wrapper 000000018005c1c0 f   sfc_mex:sfc_sf.obj
 0001:0005b200       sf_check_in_message_wrapper 000000018005c200 f   sfc_mex:sfc_sf.obj
 0001:0005b240       sf_no_message_wrapper      000000018005c240 f   sfc_mex:sfc_sf.obj
 0001:0005b5d0       sim_mode_is_rtw_gen        000000018005c5d0 f   sfc_mex:sfc_sf.obj
 0001:0005b600       sim_mode_is_external       000000018005c600 f   sfc_mex:sfc_sf.obj
 0001:0005b610       sim_mode_is_modelref_sim   000000018005c610 f   sfc_mex:sfc_sf.obj
 0001:0005b630       mdlInitializeSizes         000000018005c630 f   sfc_mex:sfc_sf.obj
 0001:0005b650       mdlInitializeSampleTimes   000000018005c650 f   sfc_mex:sfc_sf.obj
 0001:0005b690       mdlZeroCrossings           000000018005c690 f   sfc_mex:sfc_sf.obj
 0001:0005b780       mdlDerivatives             000000018005c780 f   sfc_mex:sfc_sf.obj
 0001:0005b840       mdl_initialize_conditions_processing 000000018005c840 f   sfc_mex:sfc_sf.obj
 0001:0005b870       mdlInitializeConditions    000000018005c870 f   sfc_mex:sfc_sf.obj
 0001:0005b930       mdlGetSimState             000000018005c930 f   sfc_mex:sfc_sf.obj
 0001:0005b940       mdlSetSimState             000000018005c940 f   sfc_mex:sfc_sf.obj
 0001:0005b950       mdl_ext_mode_exec_processing 000000018005c950 f   sfc_mex:sfc_sf.obj
 0001:0005b970       mdlExtModeExec             000000018005c970 f   sfc_mex:sfc_sf.obj
 0001:0005bb10       mdlTerminate               000000018005cb10 f   sfc_mex:sfc_sf.obj
 0001:0005bb80       mdlRTW                     000000018005cb80 f   sfc_mex:sfc_sf.obj
 0001:0005bbb0       mdlSetWorkWidths           000000018005cbb0 f   sfc_mex:sfc_sf.obj
 0001:0005bbc0       mdlProcessParameters       000000018005cbc0 f   sfc_mex:sfc_sf.obj
 0001:0005bbd0       mdl_start_processing       000000018005cbd0 f   sfc_mex:sfc_sf.obj
 0001:0005bc30       mdlStart                   000000018005cc30 f   sfc_mex:sfc_sf.obj
 0001:0005bd40       mdlEnable                  000000018005cd40 f   sfc_mex:sfc_sf.obj
 0001:0005be20       mdlDisable                 000000018005ce20 f   sfc_mex:sfc_sf.obj
 0001:0005bee0       sf_get_chart_instance_ptr  000000018005cee0 f   sfc_mex:sfc_sf.obj
 0001:0005bf00       sf_load_rtw_optimization_info 000000018005cf00 f   sfc_mex:sfc_sf.obj
 0001:0005bfd0       sf_update_buildInfo        000000018005cfd0 f   sfc_mex:sfc_sf.obj
 0001:0005c0d0       sf_rtw_info_uint_prop      000000018005d0d0 f   sfc_mex:sfc_sf.obj
 0001:0005c210       sf_is_chart_inlinable      000000018005d210 f   sfc_mex:sfc_sf.obj
 0001:0005c230       sf_mark_output_events_with_multiple_callers 000000018005d230 f   sfc_mex:sfc_sf.obj
 0001:0005c3c0       sf_mark_chart_reusable_outputs 000000018005d3c0 f   sfc_mex:sfc_sf.obj
 0001:0005c620       sf_mark_chart_expressionable_inputs 000000018005d620 f   sfc_mex:sfc_sf.obj
 0001:0005c880       sf_get_subchart_simstruct  000000018005d880 f   sfc_mex:sfc_sf.obj
 0001:0005c8d0       sf_get_fixpt_data_type_id  000000018005d8d0 f   sfc_mex:sfc_sf.obj
 0001:0005c910       sf_get_enum_data_type_id   000000018005d910 f   sfc_mex:sfc_sf.obj
 0001:0005c950       sf_get_param_data_type_id  000000018005d950 f   sfc_mex:sfc_sf.obj
 0001:0005c980       sf_mex_listen_for_ctrl_c_force 000000018005d980 f   sfc_mex:sfc_sf.obj
 0001:0005ca90       sf_mex_draw_now            000000018005da90 f   sfc_mex:sfc_sf.obj
 0001:0005cad0       sf_mex_set_debugger_sim_status_listener_fcn 000000018005dad0 f   sfc_mex:sfc_sf.obj
 0001:0005cae0       sf_mex_listen_for_ctrl_c   000000018005dae0 f   sfc_mex:sfc_sf.obj
 0001:0005cb80       sf_mex_get_sfun_param      000000018005db80 f   sfc_mex:sfc_sf.obj
 0001:0005cbd0       sf_get_runtime_param_data  000000018005dbd0 f   sfc_mex:sfc_sf.obj
 0001:0005cc10       sf_call_output_fcn_call    000000018005dc10 f   sfc_mex:sfc_sf.obj
 0001:0005cd50       sf_call_output_fcn_enable  000000018005dd50 f   sfc_mex:sfc_sf.obj
 0001:0005cde0       sf_call_output_fcn_disable 000000018005dde0 f   sfc_mex:sfc_sf.obj
 0001:0005ce70       sf_clear_rtw_identifier    000000018005de70 f   sfc_mex:sfc_sf.obj
 0001:0005d690       sf_set_encoded_dwork_info  000000018005e690 f   sfc_mex:sfc_sf.obj
 0001:0005d6e0       sf_get_dwork_info_from_mat_file 000000018005e6e0 f   sfc_mex:sfc_sf.obj
 0001:0005d8a0       sf_set_rtw_dwork_info      000000018005e8a0 f   sfc_mex:sfc_sf.obj
 0001:0005da10       mdlOutputs                 000000018005ea10 f   sfc_mex:sfc_sf.obj
 0001:0005db30       sf_debug_chart_instance_initialized_quick 000000018005eb30 f   sfc_debug:sfcdebug.obj
 0001:0005dbb0       sf_debug_disp              000000018005ebb0 f   sfc_debug:sfcdebug.obj
 0001:0005de80       sf_debug_data_runtime_size_mismatch_error_check 000000018005ee80 f   sfc_debug:sfcdebug.obj
 0001:0005df30       sf_debug_try_loading_machine 000000018005ef30 f   sfc_debug:sfcdebug.obj
 0001:0005e030       sf_debug_reset_current_state_configuration 000000018005f030 f   sfc_debug:sfcdebug.obj
 0001:0005e0b0       sf_debug_store_current_state_configuration 000000018005f0b0 f   sfc_debug:sfcdebug.obj
 0001:0005e130       sf_debug_restore_previous_state_configuration 000000018005f130 f   sfc_debug:sfcdebug.obj
 0001:0005e1b0       sf_debug_restore_previous_state_configuration2 000000018005f1b0 f   sfc_debug:sfcdebug.obj
 0001:0005e230       sf_debug_get_event_scope   000000018005f230 f   sfc_debug:sfcdebug.obj
 0001:0005e3a0       use_debugger_step_animation 000000018005f3a0 f   sfc_debug:sfcdebug.obj
 0001:0005e3c0       sf_debug_get_script_id     000000018005f3c0 f   sfc_debug:sfcdebug.obj
 0001:0005e450       sf_debug_set_script_translation 000000018005f450 f   sfc_debug:sfcdebug.obj
 0001:0005e5d0       sf_debug_extract_message_post_receive_info 000000018005f5d0 f   sfc_debug:sfcdebug.obj
 0001:0005e790       sf_debug_get_current_machine_id 000000018005f790 f   sfc_debug:sfcdebug.obj
 0001:0005e7b0       sf_debug_get_current_optional_integer 000000018005f7b0 f   sfc_debug:sfcdebug.obj
 0001:0005e7c0       sf_debug_get_current_machine_number 000000018005f7c0 f   sfc_debug:sfcdebug.obj
 0001:0005e7e0       sf_debug_get_current_machine_name 000000018005f7e0 f   sfc_debug:sfcdebug.obj
 0001:0005e800       sf_debug_get_current_chart_id 000000018005f800 f   sfc_debug:sfcdebug.obj
 0001:0005e840       sf_debug_get_current_chart_number 000000018005f840 f   sfc_debug:sfcdebug.obj
 0001:0005e850       sf_debug_get_current_instance_number 000000018005f850 f   sfc_debug:sfcdebug.obj
 0001:0005e860       sf_debug_get_current_is_minor_time_step 000000018005f860 f   sfc_debug:sfcdebug.obj
 0001:0005e8e0       sf_debug_get_current_object_type 000000018005f8e0 f   sfc_debug:sfcdebug.obj
 0001:0005e8f0       sf_debug_get_current_instance_handle 000000018005f8f0 f   sfc_debug:sfcdebug.obj
 0001:0005e950       sf_debug_get_current_event_type 000000018005f950 f   sfc_debug:sfcdebug.obj
 0001:0005e960       sf_debug_get_current_object_id 000000018005f960 f   sfc_debug:sfcdebug.obj
 0001:0005e9a0       sf_debug_get_current_active_event_type 000000018005f9a0 f   sfc_debug:sfcdebug.obj
 0001:0005e9b0       sf_debug_get_current_active_event_id 000000018005f9b0 f   sfc_debug:sfcdebug.obj
 0001:0005e9f0       sf_debug_get_current_tag_type 000000018005f9f0 f   sfc_debug:sfcdebug.obj
 0001:0005ea00       sf_debug_get_current_simulation_time 000000018005fa00 f   sfc_debug:sfcdebug.obj
 0001:0005ea10       sf_debug_get_current_coverage_percentage 000000018005fa10 f   sfc_debug:sfcdebug.obj
 0001:0005ea20       sf_debug_current_statement_context 000000018005fa20 f   sfc_debug:sfcdebug.obj
 0001:0005eaa0       sf_debug_get_current_statement_info 000000018005faa0 f   sfc_debug:sfcdebug.obj
 0001:0005ec40       sf_debug_terminate_instance 000000018005fc40 f   sfc_debug:sfcdebug.obj
 0001:0005ef60       sf_debug_assertion_failed  000000018005ff60 f   sfc_debug:sfcdebug.obj
 0001:0005f130       sf_debug_create_debug_instance_struct 0000000180060130 f   sfc_debug:sfcdebug.obj
 0001:0005f180       sf_debug_set_number_of_data_with_change_event_for_machine 0000000180060180 f   sfc_debug:sfcdebug.obj
 0001:0005f1d0       sf_debug_set_machine_event_thresholds 00000001800601d0 f   sfc_debug:sfcdebug.obj
 0001:0005f1f0       sf_debug_set_machine_event_scope 00000001800601f0 f   sfc_debug:sfcdebug.obj
 0001:0005f240       sf_debug_set_machine_data_thresholds 0000000180060240 f   sfc_debug:sfcdebug.obj
 0001:0005f290       sf_debug_set_machine_data_scope 0000000180060290 f   sfc_debug:sfcdebug.obj
 0001:0005f330       sf_debug_set_machine_data_name 0000000180060330 f   sfc_debug:sfcdebug.obj
 0001:0005f3e0       sf_debug_set_machine_data_size 00000001800603e0 f   sfc_debug:sfcdebug.obj
 0001:0005f530       sf_debug_set_machine_data_type 0000000180060530 f   sfc_debug:sfcdebug.obj
 0001:0005f6a0       sf_debug_get_chart_data_number 00000001800606a0 f   sfc_debug:sfcdebug.obj
 0001:0005f6c0       sf_debug_get_chart_event_number 00000001800606c0 f   sfc_debug:sfcdebug.obj
 0001:0005f6e0       sf_debug_set_chart_state_info 00000001800606e0 f   sfc_debug:sfcdebug.obj
 0001:0005f770       sf_debug_set_chart_decomposition 0000000180060770 f   sfc_debug:sfcdebug.obj
 0001:0005f7e0       sf_debug_set_chart_substate_count 00000001800607e0 f   sfc_debug:sfcdebug.obj
 0001:0005f8c0       sf_debug_set_chart_substate_index 00000001800608c0 f   sfc_debug:sfcdebug.obj
 0001:0005f940       sf_debug_set_chart_state_substate_count 0000000180060940 f   sfc_debug:sfcdebug.obj
 0001:0005fa60       sf_debug_set_chart_state_substate_index 0000000180060a60 f   sfc_debug:sfcdebug.obj
 0001:0005faf0       sf_debug_set_number_of_data_with_change_event_for_chart 0000000180060af0 f   sfc_debug:sfcdebug.obj
 0001:0005fb80       sf_debug_set_number_of_states_with_entry_event_for_chart 0000000180060b80 f   sfc_debug:sfcdebug.obj
 0001:0005fc00       sf_debug_set_number_of_states_with_exit_event_for_chart 0000000180060c00 f   sfc_debug:sfcdebug.obj
 0001:0005fc80       sf_debug_set_chart_disable_implicit_casting 0000000180060c80 f   sfc_debug:sfcdebug.obj
 0001:0005fcf0       sf_debug_set_chart_event_thresholds 0000000180060cf0 f   sfc_debug:sfcdebug.obj
 0001:0005fd70       sf_debug_set_chart_data_compiled_props 0000000180060d70 f   sfc_debug:sfcdebug.obj
 0001:000600b0       sf_debug_set_chart_data_props 00000001800610b0 f   sfc_debug:sfcdebug.obj
 0001:000603d0       sf_debug_check_fi_license  00000001800613d0 f   sfc_debug:sfcdebug.obj
 0001:00060590       sf_debug_symbol_scope_push 0000000180061590 f   sfc_debug:sfcdebug.obj
 0001:000605d0       sf_debug_symbol_scope_push_eml 00000001800615d0 f   sfc_debug:sfcdebug.obj
 0001:00060620       sf_debug_symbol_scope_pop  0000000180061620 f   sfc_debug:sfcdebug.obj
 0001:00060660       sf_debug_symbol_scope_add_importable 0000000180061660 f   sfc_debug:sfcdebug.obj
 0001:000606e0       sf_debug_symbol_scope_add  00000001800616e0 f   sfc_debug:sfcdebug.obj
 0001:00060760       sf_debug_symbol_scope_add_dyn_importable 0000000180061760 f   sfc_debug:sfcdebug.obj
 0001:00060820       sf_debug_symbol_scope_add_dyn 0000000180061820 f   sfc_debug:sfcdebug.obj
 0001:00060860       sf_debug_symbol_scope_add_eml_importable 0000000180061860 f   sfc_debug:sfcdebug.obj
 0001:000608a0       sf_debug_symbol_scope_add_eml 00000001800618a0 f   sfc_debug:sfcdebug.obj
 0001:000608e0       sf_debug_symbol_scope_add_eml_dyn_importable 00000001800618e0 f   sfc_debug:sfcdebug.obj
 0001:00060940       sf_debug_symbol_scope_add_eml_dyn 0000000180061940 f   sfc_debug:sfcdebug.obj
 0001:000609a0       sf_debug_symbol_switch     00000001800619a0 f   sfc_debug:sfcdebug.obj
 0001:000609c0       sf_debug_symbol_scope_add_verbose 00000001800619c0 f   sfc_debug:sfcdebug.obj
 0001:00060a90       sf_debug_set_machine_data_value_ptr 0000000180061a90 f   sfc_debug:sfcdebug.obj
 0001:00060ad0       sf_debug_set_instance_data_value_ptr 0000000180061ad0 f   sfc_debug:sfcdebug.obj
 0001:00060ba0       sf_debug_unset_instance_data_value_ptr 0000000180061ba0 f   sfc_debug:sfcdebug.obj
 0001:00060c50       sf_debug_set_chart_event_scope 0000000180061c50 f   sfc_debug:sfcdebug.obj
 0001:00060cd0       sf_debug_set_chart_transition_coverage_maps 0000000180061cd0 f   sfc_debug:sfcdebug.obj
 0001:00060dd0       sf_debug_set_chart_state_coverage_maps 0000000180061dd0 f   sfc_debug:sfcdebug.obj
 0001:00060ea0       sf_debug_set_instance_transition_coverage_weights 0000000180061ea0 f   sfc_debug:sfcdebug.obj
 0001:00060f30       sf_debug_set_instance_state_coverage_weights 0000000180061f30 f   sfc_debug:sfcdebug.obj
 0001:00061180       sf_debug_unload_machine    0000000180062180 f   sfc_debug:sfcdebug.obj
 0001:000611d0       sf_debug_load_machine      00000001800621d0 f   sfc_debug:sfcdebug.obj
 0001:000612e0       sf_debug_set_active_instance_in_data_dictionary 00000001800622e0 f   sfc_debug:sfcdebug.obj
 0001:000614c0       sf_debug_set_active_instance 00000001800624c0 f   sfc_debug:sfcdebug.obj
 0001:00061620       sf_debug_chart_visiblity_change 0000000180062620 f   sfc_debug:sfcdebug.obj
 0001:00061710       sf_debug_select_chart      0000000180062710 f   sfc_debug:sfcdebug.obj
 0001:00061870       sf_debug_set_instance_cv_ids 0000000180062870 f   sfc_debug:sfcdebug.obj
 0001:00061ba0       sf_debug_select_charts     0000000180062ba0 f   sfc_debug:sfcdebug.obj
 0001:00061d50       sf_debug_initialized       0000000180062d50 f   sfc_debug:sfcdebug.obj
 0001:00061d70       sf_debug_is_uninterruptible 0000000180062d70 f   sfc_debug:sfcdebug.obj
 0001:00061da0       sf_debug_initialize_debugger_gui 0000000180062da0 f   sfc_debug:sfcdebug.obj
 0001:00062180       sf_debug_resume            0000000180063180 f   sfc_debug:sfcdebug.obj
 0001:000621a0       sf_debug_go                00000001800631a0 f   sfc_debug:sfcdebug.obj
 0001:000621b0       sf_debug_break             00000001800631b0 f   sfc_debug:sfcdebug.obj
 0001:000621c0       sf_debug_step_over         00000001800631c0 f   sfc_debug:sfcdebug.obj
 0001:000621d0       sf_debug_step_out          00000001800631d0 f   sfc_debug:sfcdebug.obj
 0001:000621e0       sf_debug_set_disable_all_breakpoints 00000001800631e0 f   sfc_debug:sfcdebug.obj
 0001:000621f0       sf_debug_disable_all_breakpoints_and_go 00000001800631f0 f   sfc_debug:sfcdebug.obj
 0001:00062200       sf_debug_break_on_chart_entry 0000000180063200 f   sfc_debug:sfcdebug.obj
 0001:00062210       sf_debug_break_on_event_broadcast 0000000180063210 f   sfc_debug:sfcdebug.obj
 0001:00062220       sf_debug_break_on_state_entry 0000000180063220 f   sfc_debug:sfcdebug.obj
 0001:00062230       sf_debug_break_between_times 0000000180063230 f   sfc_debug:sfcdebug.obj
 0001:00062250       sf_debug_browse_data       0000000180063250 f   sfc_debug:sfcdebug.obj
 0001:00062260       sf_debug_watch_data        0000000180063260 f   sfc_debug:sfcdebug.obj
 0001:00062290       sf_debug_assign_data       0000000180063290 f   sfc_debug:sfcdebug.obj
 0001:000622a0       sf_debug_whos              00000001800632a0 f   sfc_debug:sfcdebug.obj
 0001:000622c0       sf_debug_get_consistency_info 00000001800632c0 f   sfc_debug:sfcdebug.obj
 0001:000622d0       sf_debug_browse_trace      00000001800632d0 f   sfc_debug:sfcdebug.obj
 0001:000622e0       sf_debug_set_breakpoints   00000001800632e0 f   sfc_debug:sfcdebug.obj
 0001:00062450       sf_debug_set_eml_breakpoints 0000000180063450 f   sfc_debug:sfcdebug.obj
 0001:000625b0       sf_debug_set_script_breakpoints 00000001800635b0 f   sfc_debug:sfcdebug.obj
 0001:00062630       sf_debug_add_script_breakpoints 0000000180063630 f   sfc_debug:sfcdebug.obj
 0001:000626a0       sf_debug_clear_script_breakpoints 00000001800636a0 f   sfc_debug:sfcdebug.obj
 0001:00062710       sf_debug_query_script_breakpoints 0000000180063710 f   sfc_debug:sfcdebug.obj
 0001:000627c0       sf_debug_get_eml_script_id 00000001800637c0 f   sfc_debug:sfcdebug.obj
 0001:00062810       sf_debug_set_watch         0000000180063810 f   sfc_debug:sfcdebug.obj
 0001:00062a30       sf_debug_get_instance_handle 0000000180063a30 f   sfc_debug:sfcdebug.obj
 0001:00062ac0       sf_debug_get_active_states 0000000180063ac0 f   sfc_debug:sfcdebug.obj
 0001:00062ad0       sf_debug_set_honor_breakpoints 0000000180063ad0 f   sfc_debug:sfcdebug.obj
 0001:00062ae0       sf_debug_get_animation     0000000180063ae0 f   sfc_debug:sfcdebug.obj
 0001:00062af0       sf_debug_set_animation     0000000180063af0 f   sfc_debug:sfcdebug.obj
 0001:00062b00       sf_debug_animate           0000000180063b00 f   sfc_debug:sfcdebug.obj
 0001:00062b20       sf_debug_cycle_detection_check 0000000180063b20 f   sfc_debug:sfcdebug.obj
 0001:00062b30       sf_debug_data_range_check  0000000180063b30 f   sfc_debug:sfcdebug.obj
 0001:00062b40       sf_debug_transition_conflict_check 0000000180063b40 f   sfc_debug:sfcdebug.obj
 0001:00062b50       sf_debug_state_consistency_check 0000000180063b50 f   sfc_debug:sfcdebug.obj
 0001:00062b60       sf_debug_data_range_check_enabled 0000000180063b60 f   sfc_debug:sfcdebug.obj
 0001:00062b80       sf_debug_transition_conflict_check_enabled 0000000180063b80 f   sfc_debug:sfcdebug.obj
 0001:00062ba0       sf_debug_transition_conflict_check_begin 0000000180063ba0 f   sfc_debug:sfcdebug.obj
 0001:00062bc0       sf_debug_transition_conflict_check_end 0000000180063bc0 f   sfc_debug:sfcdebug.obj
 0001:00062be0       sf_debug_stop_debugging    0000000180063be0 f   sfc_debug:sfcdebug.obj
 0001:00062c10       sf_debug_is_cycle_detected 0000000180063c10 f   sfc_debug:sfcdebug.obj
 0001:00062c20       sf_debug_is_array_bounds_detected 0000000180063c20 f   sfc_debug:sfcdebug.obj
 0001:00062c30       sf_debug_get_state_vectors_data_size 0000000180063c30 f   sfc_debug:sfcdebug.obj
 0001:00062c70       sf_debug_get_state_vectors_data 0000000180063c70 f   sfc_debug:sfcdebug.obj
 0001:00062d80       sf_debug_set_state_vectors_data 0000000180063d80 f   sfc_debug:sfcdebug.obj
 0001:00063010       sf_debug_get_script_index  0000000180064010 f   sfc_debug:sfcdebug.obj
 0001:000631a0       sf_debug_add_script        00000001800641a0 f   sfc_debug:sfcdebug.obj
 0001:00063330       cv_eval_point              0000000180064330 f   sfc_debug:sfcdebug.obj
 0001:000634a0       cv_eval_testobjective      00000001800644a0 f   sfc_debug:sfcdebug.obj
 0001:000635b0       sf_debug_cv_init_state     00000001800645b0 f   sfc_debug:sfcdebug.obj
 0001:000636e0       sf_debug_cv_init_chart     00000001800646e0 f   sfc_debug:sfcdebug.obj
 0001:000637d0       sf_debug_cv_init_trans     00000001800647d0 f   sfc_debug:sfcdebug.obj
 0001:000638e0       sf_debug_cv_init_saturation 00000001800648e0 f   sfc_debug:sfcdebug.obj
 0001:000639e0       sf_debug_cv_init_testobjectives 00000001800649e0 f   sfc_debug:sfcdebug.obj
 0001:00063bc0       cv_eml_init_script         0000000180064bc0 f   sfc_debug:sfcdebug.obj
 0001:00063ce0       cv_eml_init_fcn            0000000180064ce0 f   sfc_debug:sfcdebug.obj
 0001:00063df0       cv_eml_init_testobjective  0000000180064df0 f   sfc_debug:sfcdebug.obj
 0001:00063ed0       cv_eml_init_saturation     0000000180064ed0 f   sfc_debug:sfcdebug.obj
 0001:00063fa0       cv_eml_init_if             0000000180064fa0 f   sfc_debug:sfcdebug.obj
 0001:00064080       cv_eml_init_for            0000000180065080 f   sfc_debug:sfcdebug.obj
 0001:00064150       cv_eml_init_while          0000000180065150 f   sfc_debug:sfcdebug.obj
 0001:00064220       cv_eml_init_mcdc           0000000180065220 f   sfc_debug:sfcdebug.obj
 0001:00064340       cv_eml_init_switch         0000000180065340 f   sfc_debug:sfcdebug.obj
 0001:00064440       cv_eml_eval                0000000180065440 f   sfc_debug:sfcdebug.obj
 0001:00064530       sf_debug_bm_is_a_eml_breakpoint 0000000180065530 f   sfc_debug:sfcdebug.obj
 0001:00064680       sf_debug_temporal_threshold 0000000180065680 f   sfc_debug:sfcdebug.obj
 0001:000649f0       sf_debug_transition_conflict_error 00000001800659f0 f   sfc_debug:sfcdebug.obj
 0001:00064d50       sf_debug_state_inconsistency_error 0000000180065d50 f   sfc_debug:sfcdebug.obj
 0001:00064e70       sf_debug_check_for_state_inconsistency 0000000180065e70 f   sfc_debug:sfcdebug.obj
 0001:00064eb0       sf_debug_cycle_detecton_error 0000000180065eb0 f   sfc_debug:sfcdebug.obj
 0001:00065600       sf_debug_size_eq_check_1d  0000000180066600 f   sfc_debug:sfcdebug.obj
 0001:00065620       sf_debug_size_eq_check_nd  0000000180066620 f   sfc_debug:sfcdebug.obj
 0001:00065820       sf_debug_dim_size_eq_check 0000000180066820 f   sfc_debug:sfcdebug.obj
 0001:00065850       sf_debug_dim_size_geq_check 0000000180066850 f   sfc_debug:sfcdebug.obj
 0001:00065880       sf_debug_sub_assign_size_check_nd 0000000180066880 f   sfc_debug:sfcdebug.obj
 0001:00065a60       sf_debug_matrix_matrix_index_check 0000000180066a60 f   sfc_debug:sfcdebug.obj
 0001:00065ab0       sf_debug_vector_vector_index_check 0000000180066ab0 f   sfc_debug:sfcdebug.obj
 0001:00065b00       sf_debug_for_loop_vector_check 0000000180066b00 f   sfc_debug:sfcdebug.obj
 0001:00065ba0       sf_debug_runtime_error_msgid 0000000180066ba0 f   sfc_debug:sfcdebug.obj
 0001:00065c40       sf_debug_data_array_bounds_error_check 0000000180066c40 f   sfc_debug:sfcdebug.obj
 0001:00065d50       sf_debug_eml_data_array_bounds_error_check 0000000180066d50 f   sfc_debug:sfcdebug.obj
 0001:00066210       sf_debug_integer_check     0000000180067210 f   sfc_debug:sfcdebug.obj
 0001:00066300       sf_debug_not_nan_check     0000000180067300 f   sfc_debug:sfcdebug.obj
 0001:000663d0       sf_debug_non_negative_check 00000001800673d0 f   sfc_debug:sfcdebug.obj
 0001:000664a0       sf_debug_overflow_detection 00000001800674a0 f   sfc_debug:sfcdebug.obj
 0001:00066b00       sf_debug_cast_to_real32_T  0000000180067b00 f   sfc_debug:sfcdebug.obj
 0001:00066bd0       sf_debug_cast_to_int8_T    0000000180067bd0 f   sfc_debug:sfcdebug.obj
 0001:00066ca0       sf_debug_cast_to_uint8_T   0000000180067ca0 f   sfc_debug:sfcdebug.obj
 0001:00066d70       sf_debug_cast_to_int16_T   0000000180067d70 f   sfc_debug:sfcdebug.obj
 0001:00066e40       sf_debug_cast_to_uint16_T  0000000180067e40 f   sfc_debug:sfcdebug.obj
 0001:00066f10       sf_debug_cast_to_int32_T   0000000180067f10 f   sfc_debug:sfcdebug.obj
 0001:00066fe0       sf_debug_cast_to_uint32_T  0000000180067fe0 f   sfc_debug:sfcdebug.obj
 0001:000670b0       sf_debug_data_range_error  00000001800680b0 f   sfc_debug:sfcdebug.obj
 0001:000673c0       sf_debug_read_before_write_check 00000001800683c0 f   sfc_debug:sfcdebug.obj
 0001:000677f0       sf_debug_data_range_error_wrapper_min_max 00000001800687f0 f   sfc_debug:sfcdebug.obj
 0001:00067910       sf_debug_data_range_error_wrapper_min 0000000180068910 f   sfc_debug:sfcdebug.obj
 0001:00067a20       sf_debug_data_range_error_wrapper_max 0000000180068a20 f   sfc_debug:sfcdebug.obj
 0001:00067b30       sf_debug_data_range_wrapper 0000000180068b30 f   sfc_debug:sfcdebug.obj
 0001:00067bf0       sf_debug_set_current_status_info 0000000180068bf0 f   sfc_debug:sfcdebug.obj
 0001:00067f90       sf_debug_register_message_post_receive_info 0000000180068f90 f   sfc_debug:sfcdebug.obj
 0001:000681e0       sf_debug_call              00000001800691e0 f   sfc_debug:sfcdebug.obj
 0001:00068b40       sf_debug_initialize_machine 0000000180069b40 f   sfc_debug:sfcdebug.obj
 0001:00068df0       sf_debug_initialize_chart  0000000180069df0 f   sfc_debug:sfcdebug.obj
 0001:00069240       sf_debug_ensure_script     000000018006a240 f   sfc_debug:sfcdebug.obj
 0001:000692f0       cv_eval_saturation         000000018006a2f0 f   sfc_debug:sfcdebug.obj
 0001:00069470       cv_saturation_accum        000000018006a470 f   sfc_debug:sfcdebug.obj
 0001:000695b0       cv_script_init_script      000000018006a5b0 f   sfc_debug:sfcdebug.obj
 0001:000696a0       cv_script_init_fcn         000000018006a6a0 f   sfc_debug:sfcdebug.obj
 0001:00069760       cv_script_init_testobjective 000000018006a760 f   sfc_debug:sfcdebug.obj
 0001:00069820       cv_script_init_saturation  000000018006a820 f   sfc_debug:sfcdebug.obj
 0001:000698d0       cv_script_init_if          000000018006a8d0 f   sfc_debug:sfcdebug.obj
 0001:00069990       cv_script_init_for         000000018006a990 f   sfc_debug:sfcdebug.obj
 0001:00069a40       cv_script_init_while       000000018006aa40 f   sfc_debug:sfcdebug.obj
 0001:00069af0       cv_script_init_mcdc        000000018006aaf0 f   sfc_debug:sfcdebug.obj
 0001:00069bf0       cv_script_init_switch      000000018006abf0 f   sfc_debug:sfcdebug.obj
 0001:00069cd0       cv_script_eval             000000018006acd0 f   sfc_debug:sfcdebug.obj
 0001:00069da0       eml_debug_line_call        000000018006ada0 f   sfc_debug:sfcdebug.obj
 0001:00069f70       sf_debug_terminate         000000018006af70 f   sfc_debug:sfcdebug.obj
 0001:0006a180       sf_debug_set_script_cv_ids 000000018006b180 f   sfc_debug:sfcdebug.obj
 0001:0006a2b0       sf_debug_api               000000018006b2b0 f   sfc_debug:sfc_api.obj
 0001:0006bba0       sf_debug_sm_terminate      000000018006cba0 f   sfc_debug:sfdb_animation.obj
 0001:0006bd50       sf_debug_reset_path_objects 000000018006cd50 f   sfc_debug:sfdb_animation.obj
 0001:0006bdd0       sf_debug_sm_reset_object_selection_status 000000018006cdd0 f   sfc_debug:sfdb_animation.obj
 0001:0006be70       sf_debug_sm_reset_state_buffer 000000018006ce70 f   sfc_debug:sfdb_animation.obj
 0001:0006bf40       sf_debug_sm_store_state_buffer 000000018006cf40 f   sfc_debug:sfdb_animation.obj
 0001:0006bfc0       sf_debug_sm_restore_state_buffer1 000000018006cfc0 f   sfc_debug:sfdb_animation.obj
 0001:0006c030       sf_debug_sm_restore_state_buffer2 000000018006d030 f   sfc_debug:sfdb_animation.obj
 0001:0006c0a0       sf_debug_sm_chart_active   000000018006d0a0 f   sfc_debug:sfdb_animation.obj
 0001:0006c0f0       sf_debug_sm_select_active_objects 000000018006d0f0 f   sfc_debug:sfdb_animation.obj
 0001:0006c5c0       sf_debug_sm_is_chart_active 000000018006d5c0 f   sfc_debug:sfdb_animation.obj
 0001:0006c600       sf_debug_sm_is_state_active 000000018006d600 f   sfc_debug:sfdb_animation.obj
 0001:0006c840       sf_debug_sm_get_active_states 000000018006d840 f   sfc_debug:sfdb_animation.obj
 0001:0006cdf0       sf_debug_sm_initialize_instance 000000018006ddf0 f   sfc_debug:sfdb_animation.obj
 0001:0006d000       sf_debug_sm_change_object_selection_status 000000018006e000 f   sfc_debug:sfdb_animation.obj
 0001:0006d2d0       cv_create_interface        000000018006e2d0 f   sfc_debug:cv_sfinterface.obj
 0001:0006d5e0       cv_init_trans              000000018006e5e0 f   sfc_debug:cv_sfinterface.obj
 0001:0006d630       cv_init_saturation         000000018006e630 f   sfc_debug:cv_sfinterface.obj
 0001:0006d670       cv_init_testobjective      000000018006e670 f   sfc_debug:cv_sfinterface.obj
 0001:0006d6b0       cv_init_state              000000018006e6b0 f   sfc_debug:cv_sfinterface.obj
 0001:0006d720       cv_init_chart              000000018006e720 f   sfc_debug:cv_sfinterface.obj
 0001:0006d770       cv_dec_update_call         000000018006e770 f   sfc_debug:cv_sfinterface.obj
 0001:0006d7b0       cv_cond_update_call        000000018006e7b0 f   sfc_debug:cv_sfinterface.obj
 0001:0006d7f0       cv_saturation_update_call  000000018006e7f0 f   sfc_debug:cv_sfinterface.obj
 0001:0006d830       cv_saturation_update_accum 000000018006e830 f   sfc_debug:cv_sfinterface.obj
 0001:0006d870       cv_testobjective_update_call 000000018006e870 f   sfc_debug:cv_sfinterface.obj
 0001:0006d8b0       cv_sigrange_update         000000018006e8b0 f   sfc_debug:cv_sfinterface.obj
 0001:0006d8f0       cvsf_eml_eval              000000018006e8f0 f   sfc_debug:cv_sfinterface.obj
 0001:0006d9d0       cvsf_eml_init_script       000000018006e9d0 f   sfc_debug:cv_sfinterface.obj
 0001:0006da60       cvsf_eml_init_fcn          000000018006ea60 f   sfc_debug:cv_sfinterface.obj
 0001:0006dac0       cvsf_eml_init_testobjective 000000018006eac0 f   sfc_debug:cv_sfinterface.obj
 0001:0006db20       cvsf_eml_init_saturation   000000018006eb20 f   sfc_debug:cv_sfinterface.obj
 0001:0006db70       cvsf_eml_init_if           000000018006eb70 f   sfc_debug:cv_sfinterface.obj
 0001:0006dbd0       cvsf_eml_init_for          000000018006ebd0 f   sfc_debug:cv_sfinterface.obj
 0001:0006dc20       cvsf_eml_init_while        000000018006ec20 f   sfc_debug:cv_sfinterface.obj
 0001:0006dc70       cvsf_eml_init_mcdc         000000018006ec70 f   sfc_debug:cv_sfinterface.obj
 0001:0006dd00       cvsf_eml_init_switch       000000018006ed00 f   sfc_debug:cv_sfinterface.obj
 0001:0006dd70       cvsf_script_eval           000000018006ed70 f   sfc_debug:cv_sfinterface.obj
 0001:0006de50       cvsf_script_init_script    000000018006ee50 f   sfc_debug:cv_sfinterface.obj
 0001:0006dee0       cvsf_script_init_fcn       000000018006eee0 f   sfc_debug:cv_sfinterface.obj
 0001:0006df40       cvsf_script_init_testobjective 000000018006ef40 f   sfc_debug:cv_sfinterface.obj
 0001:0006dfa0       cvsf_script_init_saturation 000000018006efa0 f   sfc_debug:cv_sfinterface.obj
 0001:0006dff0       cvsf_script_init_if        000000018006eff0 f   sfc_debug:cv_sfinterface.obj
 0001:0006e050       cvsf_script_init_for       000000018006f050 f   sfc_debug:cv_sfinterface.obj
 0001:0006e0a0       cvsf_script_init_while     000000018006f0a0 f   sfc_debug:cv_sfinterface.obj
 0001:0006e0f0       cvsf_script_init_mcdc      000000018006f0f0 f   sfc_debug:cv_sfinterface.obj
 0001:0006e180       cvsf_script_init_switch    000000018006f180 f   sfc_debug:cv_sfinterface.obj
 0001:0006e1f0       cv_destroy_interface       000000018006f1f0 f   sfc_debug:cv_sfinterface.obj
 0001:0006e210       cv_create_instance_objects 000000018006f210 f   sfc_debug:cv_sfinterface.obj
 0001:0006e680       cv_is_enabled              000000018006f680 f   sfc_debug:cv_sfinterface.obj
 0001:0006e690       sf_debug_cv_initialize_script 000000018006f690 f   sfc_debug:cv_sfinterface.obj
 0001:0006e820       sf_debug_cv_initialize_instance 000000018006f820 f   sfc_debug:cv_sfinterface.obj
 0001:0006ebb0       sf_debug_cv_terminate_chart 000000018006fbb0 f   sfc_debug:cv_sfinterface.obj
 0001:0006ecd0       cv_call_trans_test         000000018006fcd0 f   sfc_debug:cv_sfinterface.obj
 0001:0006ece0       cv_call_sub_cond_test      000000018006fce0 f   sfc_debug:cv_sfinterface.obj
 0001:0006ed20       sf_debug_st_initialize_machine 000000018006fd20 f   sfc_debug:sfdb_data_browse.obj
 0001:0006edd0       sf_debug_st_initialize_instance 000000018006fdd0 f   sfc_debug:sfdb_data_browse.obj
 0001:0006efe0       sf_debug_st_terminate      000000018006ffe0 f   sfc_debug:sfdb_data_browse.obj
 0001:0006f380       sf_debug_st_set_data_value_ptr_in_machine 0000000180070380 f   sfc_debug:sfdb_data_browse.obj
 0001:0006f410       sf_debug_st_set_data_value_ptr_in_instance 0000000180070410 f   sfc_debug:sfdb_data_browse.obj
 0001:0006f4f0       sf_debug_st_unset_data_value_ptr_in_machine 00000001800704f0 f   sfc_debug:sfdb_data_browse.obj
 0001:0006f560       sf_debug_st_unset_data_value_ptr_in_instance 0000000180070560 f   sfc_debug:sfdb_data_browse.obj
 0001:0006f820       sf_debug_mx_value          0000000180070820 f   sfc_debug:sfdb_data_browse.obj
 0001:0006f880       sf_debug_mx_packed_vector  0000000180070880 f   sfc_debug:sfdb_data_browse.obj
 0001:0006f960       sf_debug_mx_uint_vector    0000000180070960 f   sfc_debug:sfdb_data_browse.obj
 0001:0006fa10       sf_debug_st_get_double_value_from_void_ptr_vector 0000000180070a10 f   sfc_debug:sfdb_data_browse.obj
 0001:000704f0       sf_debug_st_browse_data    00000001800714f0 f   sfc_debug:sfdb_data_browse.obj
 0001:00070d30       sf_debug_hm_initialize_instance 0000000180071d30 f   sfc_debug:sfdb_handle_management.obj
 0001:00071210       sf_debug_hm_get_object_id  0000000180072210 f   sfc_debug:sfdb_handle_management.obj
 0001:00071dc0       sf_debug_hm_update_chart_visibility 0000000180072dc0 f   sfc_debug:sfdb_handle_management.obj
 0001:00072fb0       sf_debug_object_is_eml_function 0000000180073fb0 f   sfc_debug:sfdb_handle_management.obj
 0001:00073020       sf_debug_hm_initialize_ids_in_machine 0000000180074020 f   sfc_debug:sfdb_handle_management.obj
 0001:00073190       sf_debug_hm_initialize_ids_in_chart 0000000180074190 f   sfc_debug:sfdb_handle_management.obj
 0001:00073290       sf_debug_hm_initialize_chart 0000000180074290 f   sfc_debug:sfdb_handle_management.obj
 0001:00073990       sf_debug_hm_terminate      0000000180074990 f   sfc_debug:sfdb_handle_management.obj
 0001:000739f0       sf_debug_hm_initialize_machine 00000001800749f0 f   sfc_debug:sfdb_handle_management.obj
 0001:00074110       sf_debug_ss_initialize     0000000180075110 f   sfc_debug:sfdb_symbol_scope.obj
 0001:00074130       sf_debug_ss_terminate      0000000180075130 f   sfc_debug:sfdb_symbol_scope.obj
 0001:000741c0       sf_debug_ss_push_symbol_scope 00000001800751c0 f   sfc_debug:sfdb_symbol_scope.obj
 0001:000742c0       sf_debug_ss_push_symbol_scope_eml 00000001800752c0 f   sfc_debug:sfdb_symbol_scope.obj
 0001:00074320       sf_debug_ss_pop_symbol_scope 0000000180075320 f   sfc_debug:sfdb_symbol_scope.obj
 0001:000743d0       sf_debug_ss_add_symbol     00000001800753d0 f   sfc_debug:sfdb_symbol_scope.obj
 0001:00074540       sf_debug_ss_add_symbol_eml 0000000180075540 f   sfc_debug:sfdb_symbol_scope.obj
 0001:00075440       sf_debug_ss_set_data_value 0000000180076440 f   sfc_debug:sfdb_symbol_scope.obj
 0001:00075890       getInstanceNumber          0000000180076890 f   sfc_debug:sfdb_symbol_scope.obj
 0001:00075960       sf_debug_ss_watch_data     0000000180076960 f   sfc_debug:sfdb_symbol_scope.obj
 0001:00075b50       sf_debug_ss_assign_data    0000000180076b50 f   sfc_debug:sfdb_symbol_scope.obj
 0001:00076560       get_data_entry_name        0000000180077560 f   sfc_debug:sfdb_symbol_scope.obj
 0001:000765b0       sf_debug_ss_whos           00000001800775b0 f   sfc_debug:sfdb_symbol_scope.obj
 0001:00076c00       sf_debug_cc_initialize_chart 0000000180077c00 f   sfc_debug:sfdb_coverage.obj
 0001:000775f0       sf_debug_cc_initialize_instance 00000001800785f0 f   sfc_debug:sfdb_coverage.obj
 0001:00078330       sf_debug_cc_terminate      0000000180079330 f   sfc_debug:sfdb_coverage.obj
 0001:00078420       sf_debug_cc_set_transition_maps 0000000180079420 f   sfc_debug:sfdb_coverage.obj
 0001:00078550       sf_debug_cc_set_state_maps 0000000180079550 f   sfc_debug:sfdb_coverage.obj
 0001:00078630       sf_debug_cc_set_transition_weights 0000000180079630 f   sfc_debug:sfdb_coverage.obj
 0001:000788f0       sf_debug_cc_set_state_weights 00000001800798f0 f   sfc_debug:sfdb_coverage.obj
 0001:00078bc0       sf_debug_cc_mark_transition_guard 0000000180079bc0 f   sfc_debug:sfdb_coverage.obj
 0001:00078c50       sf_debug_cc_mark_transition_trigger 0000000180079c50 f   sfc_debug:sfdb_coverage.obj
 0001:00078ce0       sf_debug_cc_mark_transition_decision 0000000180079ce0 f   sfc_debug:sfdb_coverage.obj
 0001:00078d50       sf_debug_cc_mark_transition_condition_action 0000000180079d50 f   sfc_debug:sfdb_coverage.obj
 0001:00078da0       sf_debug_cc_mark_transition_transition_action 0000000180079da0 f   sfc_debug:sfdb_coverage.obj
 0001:00078df0       sf_debug_cc_mark_state_entry 0000000180079df0 f   sfc_debug:sfdb_coverage.obj
 0001:00078e40       sf_debug_cc_mark_state_during 0000000180079e40 f   sfc_debug:sfdb_coverage.obj
 0001:00078e90       sf_debug_cc_mark_state_exit 0000000180079e90 f   sfc_debug:sfdb_coverage.obj
 0001:00078ee0       sf_debug_bm_clear_script_breakpoints 0000000180079ee0 f   sfc_debug:sfdb_breakpoints.obj
 0001:00078f10       sf_debug_bm_set_script_breakpoint 0000000180079f10 f   sfc_debug:sfdb_breakpoints.obj
 0001:00078f90       sf_debug_bm_clear_single_script_breakpoint 0000000180079f90 f   sfc_debug:sfdb_breakpoints.obj
 0001:00079010       sf_debug_bm_query_script_breakpoint 000000018007a010 f   sfc_debug:sfdb_breakpoints.obj
 0001:00079060       sf_debug_bm_initialize_scripts 000000018007a060 f   sfc_debug:sfdb_breakpoints.obj
 0001:000796f0       sf_debug_bm_terminate      000000018007a6f0 f   sfc_debug:sfdb_breakpoints.obj
 0001:000799d0       sf_debug_bm_remove_all_breakpoints_in_machine 000000018007a9d0 f   sfc_debug:sfdb_breakpoints.obj
 0001:00079a30       sf_debug_bm_remove_all_breakpoints_in_chart 000000018007aa30 f   sfc_debug:sfdb_breakpoints.obj
 0001:00079b80       sf_debug_bm_initialize_global_breakpoints 000000018007ab80 f   sfc_debug:sfdb_breakpoints.obj
 0001:00079d00       sf_debug_bm_set_breakpoint 000000018007ad00 f   sfc_debug:sfdb_breakpoints.obj
 0001:0007a2c0       sf_debug_bm_set_eml_breakpoint 000000018007b2c0 f   sfc_debug:sfdb_breakpoints.obj
 0001:0007a350       sf_debug_bm_initialize_machine_breakpoint_map 000000018007b350 f   sfc_debug:sfdb_breakpoints.obj
 0001:0007a770       sf_debug_bm_is_a_breakpoint 000000018007b770 f   sfc_debug:sfdb_breakpoints.obj
 0001:0007ac90       sf_debug_bm_get_all_breakpoints_in_machine 000000018007bc90 f   sfc_debug:sfdb_breakpoints.obj
 0001:0007af90       sf_debug_bm_get_all_breakpoints_in_chart 000000018007bf90 f   sfc_debug:sfdb_breakpoints.obj
 0001:0007bb20       sf_debug_bm_initialize_machine 000000018007cb20 f   sfc_debug:sfdb_breakpoints.obj
 0001:0007bbf0       sf_debug_bm_initialize_chart 000000018007cbf0 f   sfc_debug:sfdb_breakpoints.obj
 0001:0007bfe0       sf_debug_sc_terminate      000000018007cfe0 f   sfc_debug:sfdb_state_consistency.obj
 0001:0007c300       sf_debug_sc_is_chart_consistent 000000018007d300 f   sfc_debug:sfdb_state_consistency.obj
 0001:0007c5b0       sf_debug_sc_get_consistency_error_info 000000018007d5b0 f   sfc_debug:sfdb_state_consistency.obj
 0001:0007c9c0       sf_debug_tm_terminate      000000018007d9c0 f   sfc_debug:sfdb_call_stack.obj
 0001:0007ca70       sf_debug_tm_push_chart_instance 000000018007da70 f   sfc_debug:sfdb_call_stack.obj
 0001:0007cbb0       sf_debug_tm_pop_chart_instance 000000018007dbb0 f   sfc_debug:sfdb_call_stack.obj
 0001:0007cc10       sf_debug_tm_push_trace_node 000000018007dc10 f   sfc_debug:sfdb_call_stack.obj
 0001:0007cd90       sf_debug_tm_pop_trace_node 000000018007dd90 f   sfc_debug:sfdb_call_stack.obj
 0001:0007ce10       sf_debug_tm_get_current_global_trace_index 000000018007de10 f   sfc_debug:sfdb_call_stack.obj
 0001:0007ce20       sf_debug_tm_get_current_local_trace_index 000000018007de20 f   sfc_debug:sfdb_call_stack.obj
 0001:0007ce50       sf_debug_tm_set_cycle_detected_flag 000000018007de50 f   sfc_debug:sfdb_call_stack.obj
 0001:0007ce90       sf_debug_tm_set_cycle_started_flag 000000018007de90 f   sfc_debug:sfdb_call_stack.obj
 0001:0007ced0       sf_debug_tm_get_chart_number_from_stack 000000018007ded0 f   sfc_debug:sfdb_call_stack.obj
 0001:0007d0d0       sf_debug_tm_browse_trace   000000018007e0d0 f   sfc_debug:sfdb_call_stack.obj
 0001:0007d3e0       sf_debug_cd_initialize_instance 000000018007e3e0 f   sfc_debug:sfdb_cycle_detection.obj
 0001:0007d690       sf_debug_cd_mark_processed_transition_in_instance 000000018007e690 f   sfc_debug:sfdb_cycle_detection.obj
 0001:0007d730       sf_debug_cd_checksum_push  000000018007e730 f   sfc_debug:sfdb_cycle_detection.obj
 0001:0007d9e0       sf_debug_cd_checksum_pop   000000018007e9e0 f   sfc_debug:sfdb_cycle_detection.obj
 0001:0007da50       sf_debug_cd_turn_off_cycle_detection 000000018007ea50 f   sfc_debug:sfdb_cycle_detection.obj
 0001:0007daa0       sf_debug_cd_terminate      000000018007eaa0 f   sfc_debug:sfdb_cycle_detection.obj
 0001:0007dcd0       md5_initialize_state       000000018007ecd0 f   sfc_debug:ckmd5.obj
 0001:0007e760       md5_update_state           000000018007f760 f   sfc_debug:ckmd5.obj
 0001:0007e780       md5_get_hash               000000018007f780 f   sfc_debug:ckmd5.obj
 0001:0007e7b0       md5_get_hash_for_a_single_string 000000018007f7b0 f   sfc_debug:ckmd5.obj
 0001:0007e810       mxGetPr                    000000018007f810 f   libmx:libmx.dll
 0001:0007e816       mxCreateDoubleScalar       000000018007f816 f   libmx:libmx.dll
 0001:0007e81c       mxCreateDoubleMatrix_730   000000018007f81c f   libmx:libmx.dll
 0001:0007e822       mxSetField_730             000000018007f822 f   libmx:libmx.dll
 0001:0007e828       mxCreateString             000000018007f828 f   libmx:libmx.dll
 0001:0007e82e       mxCreateStructMatrix_730   000000018007f82e f   libmx:libmx.dll
 0001:0007e834       mxCreateCellMatrix_730     000000018007f834 f   libmx:libmx.dll
 0001:0007e83a       mxDestroyArray             000000018007f83a f   libmx:libmx.dll
 0001:0007e840       mxDuplicateArray           000000018007f840 f   libmx:libmx.dll
 0001:0007e846       mxIsEmpty                  000000018007f846 f   libmx:libmx.dll
 0001:0007e84c       mxGetString_730            000000018007f84c f   libmx:libmx.dll
 0001:0007e852       mxIsChar                   000000018007f852 f   libmx:libmx.dll
 0001:0007e858       mxGetClassID               000000018007f858 f   libmx:libmx.dll
 0001:0007e85e       mxIsNumeric                000000018007f85e f   libmx:libmx.dll
 0001:0007e864       mxIsComplex                000000018007f864 f   libmx:libmx.dll
 0001:0007e86a       mxGetN                     000000018007f86a f   libmx:libmx.dll
 0001:0007e870       mxGetM                     000000018007f870 f   libmx:libmx.dll
 0001:0007e876       mxCalloc                   000000018007f876 f   libmx:libmx.dll
 0001:0007e87c       mxGetScalar                000000018007f87c f   libmx:libmx.dll
 0001:0007e882       mxIsLogical                000000018007f882 f   libmx:libmx.dll
 0001:0007e888       mxCreateDoubleMatrix_700   000000018007f888 f   libmx:libmx.dll
 0001:0007e88e       mxFree                     000000018007f88e f   libmx:libmx.dll
 0001:0007e894       mxArrayToString            000000018007f894 f   libmx:libmx.dll
 0001:0007e89a       mxCreateCellMatrix_700     000000018007f89a f   libmx:libmx.dll
 0001:0007e8a0       mxSetCell_700              000000018007f8a0 f   libmx:libmx.dll
 0001:0007e8a6       mxGetCell_700              000000018007f8a6 f   libmx:libmx.dll
 0001:0007e8ac       mxGetClassName             000000018007f8ac f   libmx:libmx.dll
 0001:0007e8b2       mxSetField_700             000000018007f8b2 f   libmx:libmx.dll
 0001:0007e8b8       mxAddField                 000000018007f8b8 f   libmx:libmx.dll
 0001:0007e8be       mxGetField_700             000000018007f8be f   libmx:libmx.dll
 0001:0007e8c4       mxGetNumberOfElements      000000018007f8c4 f   libmx:libmx.dll
 0001:0007e8ca       mxIsStruct                 000000018007f8ca f   libmx:libmx.dll
 0001:0007e8d0       mxIsA                      000000018007f8d0 f   libmx:libmx.dll
 0001:0007e8d6       mxIsClass                  000000018007f8d6 f   libmx:libmx.dll
 0001:0007e8dc       mxGetLogicals              000000018007f8dc f   libmx:libmx.dll
 0001:0007e8e2       mxIsSparse                 000000018007f8e2 f   libmx:libmx.dll
 0001:0007e8e8       mxSetFieldByNumber_700     000000018007f8e8 f   libmx:libmx.dll
 0001:0007e8ee       mxGetFieldByNumber_700     000000018007f8ee f   libmx:libmx.dll
 0001:0007e8f4       mxGetFieldNameByNumber     000000018007f8f4 f   libmx:libmx.dll
 0001:0007e8fa       mxGetNumberOfFields        000000018007f8fa f   libmx:libmx.dll
 0001:0007e900       mxCreateStructMatrix_700   000000018007f900 f   libmx:libmx.dll
 0001:0007e906       mxGetFieldNumber           000000018007f906 f   libmx:libmx.dll
 0001:0007e90c       mxIsNaN                    000000018007f90c f   libmx:libmx.dll
 0001:0007e912       mxGetData                  000000018007f912 f   libmx:libmx.dll
 0001:0007e918       mxGetImagData              000000018007f918 f   libmx:libmx.dll
 0001:0007e91e       mxArrayClassIDName         000000018007f91e f   libmx:libmx.dll
 0001:0007e924       mxCreateNumericMatrix_700  000000018007f924 f   libmx:libmx.dll
 0001:0007e92a       mxCreateStructArray_700    000000018007f92a f   libmx:libmx.dll
 0001:0007e930       mxCalcSingleSubscript_700  000000018007f930 f   libmx:libmx.dll
 0001:0007e936       mxGetDimensions_700        000000018007f936 f   libmx:libmx.dll
 0001:0007e93c       mxGetNumberOfDimensions_700 000000018007f93c f   libmx:libmx.dll
 0001:0007e942       mxCreateNumericArray_700   000000018007f942 f   libmx:libmx.dll
 0001:0007e948       mxGetElementSize           000000018007f948 f   libmx:libmx.dll
 0001:0007e94e       mxCreateStringFromNChars_700 000000018007f94e f   libmx:libmx.dll
 0001:0007e954       mxGetString_700            000000018007f954 f   libmx:libmx.dll
 0001:0007e95a       mxIsLogicalScalarTrue      000000018007f95a f   libmx:libmx.dll
 0001:0007e960       mxCreateLogicalScalar      000000018007f960 f   libmx:libmx.dll
 0001:0007e966       mexUnlock                  000000018007f966 f   libmex:libmex.dll
 0001:0007e96c       mexIsLocked                000000018007f96c f   libmex:libmex.dll
 0001:0007e972       mexWarnMsgTxt              000000018007f972 f   libmex:libmex.dll
 0001:0007e978       mexCallMATLAB              000000018007f978 f   libmex:libmex.dll
 0001:0007e97e       mexErrMsgTxt               000000018007f97e f   libmex:libmex.dll
 0001:0007e984       mexMakeArrayPersistent     000000018007f984 f   libmex:libmex.dll
 0001:0007e98a       mexSetTrapFlag             000000018007f98a f   libmex:libmex.dll
 0001:0007e990       mexPutVariable             000000018007f990 f   libmex:libmex.dll
 0001:0007e996       mexGetVariable             000000018007f996 f   libmex:libmex.dll
 0001:0007e99c       mexLock                    000000018007f99c f   libmex:libmex.dll
 0001:0007e9a2       mexMakeMemoryPersistent    000000018007f9a2 f   libmex:libmex.dll
 0001:0007e9a8       mexFunctionName            000000018007f9a8 f   libmex:libmex.dll
 0001:0007e9ae       ssRegisterDataTypeFxpFSlopeFixExpBias 000000018007f9ae f   libfixedpoint:libfixedpoint.dll
 0001:0007e9b4       ssRegisterDataTypeFxpScaledDouble 000000018007f9b4 f   libfixedpoint:libfixedpoint.dll
 0001:0007e9ba       utMalloc                   000000018007f9ba f   libut:libut.dll
 0001:0007e9c0       utFree                     000000018007f9c0 f   libut:libut.dll
 0001:0007e9c6       utVSNprintf                000000018007f9c6 f   libut:libut.dll
 0001:0007e9cc       utCPUtime                  000000018007f9cc f   libut:libut.dll
 0001:0007e9d2       utCalloc                   000000018007f9d2 f   libut:libut.dll
 0001:0007e9d8       utRealloc                  000000018007f9d8 f   libut:libut.dll
 0001:0007e9de       muDoubleScalarIsNaN        000000018007f9de f   libmwmathutil:libmwmathutil.dll
 0001:0007e9e4       muDoubleScalarSqrt         000000018007f9e4 f   libmwmathutil:libmwmathutil.dll
 0001:0007e9ea       muDoubleScalarAbs          000000018007f9ea f   libmwmathutil:libmwmathutil.dll
 0001:0007e9f0       muDoubleScalarSin          000000018007f9f0 f   libmwmathutil:libmwmathutil.dll
 0001:0007e9f6       muDoubleScalarCos          000000018007f9f6 f   libmwmathutil:libmwmathutil.dll
 0001:0007e9fc       emlrtCreateRootTLS         000000018007f9fc f   libemlrt:libemlrt.dll
 0001:0007ea02       emlrtDestroyRootTLS        000000018007fa02 f   libemlrt:libemlrt.dll
 0001:0007ea08       emlrtCheckBuiltInR2012b    000000018007fa08 f   libemlrt:libemlrt.dll
 0001:0007ea0e       emlrtCheckVsBuiltInR2012b  000000018007fa0e f   libemlrt:libemlrt.dll
 0001:0007ea14       emlrtCheckEnumR2012b       000000018007fa14 f   libemlrt:libemlrt.dll
 0001:0007ea1a       emlrtCreateEnumR2012b      000000018007fa1a f   libemlrt:libemlrt.dll
 0001:0007ea20       emlrtGetEnumElementR2009a  000000018007fa20 f   libemlrt:libemlrt.dll
 0001:0007ea26       emlrtCreateReference       000000018007fa26 f   libemlrt:libemlrt.dll
 0001:0007ea2c       emlrtImportVsFiArrayR2009b 000000018007fa2c f   libemlrt:libemlrt.dll
 0001:0007ea32       emlrtNameCapturePostProcessR2012a 000000018007fa32 f   libemlrt:libemlrt.dll
 0001:0007ea38       emlrtExtractMessageId      000000018007fa38 f   libemlrt:libemlrt.dll
 0001:0007ea3e       emlrtTranslateMessageIDtoLCPstring 000000018007fa3e f   libemlrt:libemlrt.dll
 0001:0007ea44       emlrtForLoopVectorIsValidR2011b 000000018007fa44 f   libemlrt:libemlrt.dll
 0001:0007ea4a       emlrtTranslateUTF16MessagetoLCPstring 000000018007fa4a f   libemlrt:libemlrt.dll
 0001:0007ea50       emlrtGetEnumUnderlyingArrayR2009a 000000018007fa50 f   libemlrt:libemlrt.dll
 0001:0007ea56       emlrtIsEnumR2009a          000000018007fa56 f   libemlrt:libemlrt.dll
 0001:0007ea5c       __GSHandlerCheckCommon     000000018007fa5c f   MSVCRT:gshandler.obj
 0001:0007eac0       __GSHandlerCheck           000000018007fac0 f   MSVCRT:gshandler.obj
 0001:0007eade       strlen                     000000018007fade f   MSVCRT:MSVCR100.dll
 0001:0007eb00       __security_check_cookie    000000018007fb00 f   MSVCRT:amdsecgs.obj
 0001:0007eb20       memset                     000000018007fb20 f   MSVCRT:MSVCR100.dll
 0001:0007eb40       __chkstk                   000000018007fb40 f   MSVCRT:chkstk.obj
 0001:0007eb40       _alloca_probe              000000018007fb40     MSVCRT:chkstk.obj
 0001:0007eb8e       strcmp                     000000018007fb8e f   MSVCRT:MSVCR100.dll
 0001:0007eb94       free                       000000018007fb94 f   MSVCRT:MSVCR100.dll
 0001:0007eb9a       sprintf                    000000018007fb9a f   MSVCRT:MSVCR100.dll
 0001:0007eba0       malloc                     000000018007fba0 f   MSVCRT:MSVCR100.dll
 0001:0007eba6       strcat                     000000018007fba6 f   MSVCRT:MSVCR100.dll
 0001:0007ebac       memcpy                     000000018007fbac f   MSVCRT:MSVCR100.dll
 0001:0007ebb4       NtCurrentTeb               000000018007fbb4 f i MSVCRT:crtdll.obj
 0001:0007ec20       _CRT_INIT                  000000018007fc20 f   MSVCRT:crtdll.obj
 0001:0007efb8       _DllMainCRTStartup         000000018007ffb8 f   MSVCRT:crtdll.obj
 0001:0007eff6       strncpy                    000000018007fff6 f   MSVCRT:MSVCR100.dll
 0001:0007effc       longjmp                    000000018007fffc f   MSVCRT:MSVCR100.dll
 0001:0007f002       strncmp                    0000000180080002 f   MSVCRT:MSVCR100.dll
 0001:0007f008       ceil                       0000000180080008 f   MSVCRT:MSVCR100.dll
 0001:0007f00e       strrchr                    000000018008000e f   MSVCRT:MSVCR100.dll
 0001:0007f014       _setjmp                    0000000180080014 f   MSVCRT:MSVCR100.dll
 0001:0007f01a       ldexp                      000000018008001a f   MSVCRT:MSVCR100.dll
 0001:0007f020       __report_gsfailure         0000000180080020 f   MSVCRT:gs_report.obj
[...]
 0001:000551a0       sf_mex_check_complex       00000001800561a0 f   sfc_mex:sfc_mex.obj
 0001:00055230       sf_mex_check_sparse        0000000180056230 f   sfc_mex:sfc_mex.obj
 0001:00055290       sf_mex_check_numerictype   0000000180056290 f   sfc_mex:sfc_mex.obj
 0001:00055420       sf_mex_check_fimath        0000000180056420 f   sfc_mex:sfc_mex.obj
 0001:00055f80       size_mismatch_error        0000000180056f80 f   sfc_mex:sfc_mex.obj
 0001:000569f0       check_array_dimensions     00000001800579f0 f   sfc_mex:sfc_mex.obj
 0001:00056a60       check_input_mxarray        0000000180057a60 f   sfc_mex:sfc_mex.obj
 0001:000571a0       sf_numeric_value_to_double 00000001800581a0 f   sfc_mex:sfc_mex.obj
 0001:000571f0       ml_generic_out_of_bounds_check 00000001800581f0 f   sfc_mex:sfc_mex.obj
 0001:000573b0       ml_get_element_value_from_array 00000001800583b0 f   sfc_mex:sfc_mex.obj
 0001:00057750       _ml_generic_castability_check 0000000180058750 f   sfc_mex:sfc_mex.obj
 0001:00057ea0       ml_generic_castability_check 0000000180058ea0 f   sfc_mex:sfc_mex.obj
 0001:00057f40       ml_check_mx_array_for_single_castability 0000000180058f40 f   sfc_mex:sfc_mex.obj
 0001:00057fe0       ml_check_mx_array_for_logical_castability 0000000180058fe0 f   sfc_mex:sfc_mex.obj
 0001:00058080       ml_check_mx_array_for_int8_castability 0000000180059080 f   sfc_mex:sfc_mex.obj
 0001:00058130       ml_check_mx_array_for_uint8_castability 0000000180059130 f   sfc_mex:sfc_mex.obj
 0001:00058190       ml_check_mx_array_for_int16_castability 0000000180059190 f   sfc_mex:sfc_mex.obj
 0001:000581f0       ml_check_mx_array_for_uint16_castability 00000001800591f0 f   sfc_mex:sfc_mex.obj
 0001:00058250       ml_check_mx_array_for_int32_castability 0000000180059250 f   sfc_mex:sfc_mex.obj
 0001:000582b0       ml_check_mx_array_for_uint32_castability 00000001800592b0 f   sfc_mex:sfc_mex.obj
 0001:00058310       ml_check_mx_array_for_castability 0000000180059310 f   sfc_mex:sfc_mex.obj
 0001:00058b30       set_data_value             0000000180059b30 f   sfc_mex:sfc_mex.obj
 0001:00058ea0       get_data_value             0000000180059ea0 f   sfc_mex:sfc_mex.obj
 0001:00058fb0       get_next_element_address   0000000180059fb0 f   sfc_mex:sfc_mex.obj
 0001:00059080       sf_normalize_index         000000018005a080 f   sfc_mex:sfc_mex.obj
 0001:00059430       ml_array_index_bound_check 000000018005a430 f   sfc_mex:sfc_mex.obj
 0001:00059fb0       mx_value                   000000018005afb0 f   sfc_mex:sfc_mex.obj
 0001:0005a000       sf_create_numeric_array    000000018005b000 f   sfc_mex:sfc_mex.obj
 0001:0005a0a0       sf_mex_assign_to_mx_array  000000018005b0a0 f   sfc_mex:sfc_mex.obj
 0001:0005a410       assign_from_mx_array       000000018005b410 f   sfc_mex:sfc_mex.obj
 0001:0005ab70       sf_mex_import_v            000000018005bb70 f   sfc_mex:sfc_mex.obj
 0001:0005b280       get_machine_and_chart_file_number 000000018005c280 f   sfc_mex:sfc_sf.obj
 0001:0005b370       get_sfun_block_specialization 000000018005c370 f   sfc_mex:sfc_sf.obj
 0001:0005b420       call_sf_machine_global_method_dispatcher 000000018005c420 f   sfc_mex:sfc_sf.obj
 0001:0005b670       mdl_zeroCrossings_processing 000000018005c670 f   sfc_mex:sfc_sf.obj
 0001:0005b750       mdl_derivatives_processing 000000018005c750 f   sfc_mex:sfc_sf.obj
 0001:0005ba30       mdl_outputs_continuous_legacy 000000018005ca30 f   sfc_mex:sfc_sf.obj
 0001:0005bab0       mdl_outputs_processing     000000018005cab0 f   sfc_mex:sfc_sf.obj
 0001:0005bd20       mdl_enable_processing      000000018005cd20 f   sfc_mex:sfc_sf.obj
 0001:0005be00       mdl_disable_processing     000000018005ce00 f   sfc_mex:sfc_sf.obj
 0001:0005cc90       sf_call_output_fcn_enable_disable 000000018005dc90 f   sfc_mex:sfc_sf.obj
 0001:0005cf10       set_dwork_information_from_mx_array 000000018005df10 f   sfc_mex:sfc_sf.obj
 0001:0005d800       ptr2mxStruct               000000018005e800 f   sfc_mex:sfc_sf.obj
 0001:0005db10       SNPRINTF_WRAPPER           000000018005eb10 f   sfc_debug:sfcdebug.obj
 0001:0005db40       sf_debug_chart_instance_initialized 000000018005eb40 f   sfc_debug:sfcdebug.obj
 0001:0005dce0       sfrtAddSize                000000018005ece0 f   sfc_debug:sfcdebug.obj
 0001:0005dda0       sfrtGenSizeString          000000018005eda0 f   sfc_debug:sfcdebug.obj
 0001:0005e4f0       fill_single_message_info   000000018005f4f0 f   sfc_debug:sfcdebug.obj
 0001:0005e770       sf_debug_sim_status_listener 000000018005f770 f   sfc_debug:sfcdebug.obj
 0001:0005ed00       sf_debug_form_mask_bits    000000018005fd00 f   sfc_debug:sfcdebug.obj
 0001:0005ed20       sf_debug_form_sf_data_type_offsets 000000018005fd20 f   sfc_debug:sfcdebug.obj
 0001:0005ede0       sf_debug_free_all          000000018005fde0 f   sfc_debug:sfcdebug.obj
 0001:0005ef70       sf_debug_append_debugger_context 000000018005ff70 f   sfc_debug:sfcdebug.obj
 0001:0005f2e0       local_strdup               00000001800602e0 f   sfc_debug:sfcdebug.obj
 0001:00060260       sf_debug_em_terminate      0000000180061260 f   sfc_debug:sfcdebug.obj
 0001:000602a0       sf_debug_push_eml_function 00000001800612a0 f   sfc_debug:sfcdebug.obj
 0001:00060340       sf_debug_pop_eml_function  0000000180061340 f   sfc_debug:sfcdebug.obj
 0001:00060fe0       sf_debug_get_machine_number_from_id_or_name 0000000180061fe0 f   sfc_debug:sfcdebug.obj
 0001:00061130       sf_debug_get_chart_number_from_id 0000000180062130 f   sfc_debug:sfcdebug.obj
 0001:00061f10       sf_debug_transfer_control_to_debugger_GUI 0000000180062f10 f   sfc_debug:sfcdebug.obj
 0001:00062e80       sf_debug_scripts_rehash    0000000180063e80 f   sfc_debug:sfcdebug.obj
 0001:00063090       sf_debug_get_script_line_count 0000000180064090 f   sfc_debug:sfcdebug.obj
 0001:00063ae0       cv_eml_state_cvId          0000000180064ae0 f   sfc_debug:sfcdebug.obj
 0001:00063b50       cv_eml_trans_cvId          0000000180064b50 f   sfc_debug:sfcdebug.obj
 0001:00064fd0       sf_debug_data_array_bounds_error 0000000180065fd0 f   sfc_debug:sfcdebug.obj
 0001:00065380       eml_debug_runtime_error_doclink 0000000180066380 f   sfc_debug:sfcdebug.obj
 0001:000654f0       sf_debug_runtime_error     00000001800664f0 f   sfc_debug:sfcdebug.obj
 0001:00065560       sf_debug_matlab_error      0000000180066560 f   sfc_debug:sfcdebug.obj
 0001:00065ed0       sf_debug_data_value_error  0000000180066ed0 f   sfc_debug:sfcdebug.obj
 0001:000667a0       sf_debug_data_loss_error   00000001800677a0 f   sfc_debug:sfcdebug.obj
 0001:000676c0       call_cv_range_check        00000001800686c0 f   sfc_debug:sfcdebug.obj
 0001:00067f20       sf_debug_invoke_cycle_detection_code 0000000180068f20 f   sfc_debug:sfcdebug.obj
 0001:00068a90       sf_reset_debug_info_struct 0000000180069a90 f   sfc_debug:sfcdebug.obj
 0001:00069280       cv_script_cvId             000000018006a280 f   sfc_debug:sfcdebug.obj
 0001:0006a440       sfc_api_chart_visible      000000018006b440 f   sfc_debug:sfc_api.obj
 0001:0006a4d0       sfc_api_active_instance    000000018006b4d0 f   sfc_debug:sfc_api.obj
 0001:0006a560       sfc_api_machine_load       000000018006b560 f   sfc_debug:sfc_api.obj
 0001:0006a650       sfc_api_debugger_alive     000000018006b650 f   sfc_debug:sfc_api.obj
 0001:0006a660       sfc_api_go                 000000018006b660 f   sfc_debug:sfc_api.obj
 0001:0006a670       sfc_api_step_over          000000018006b670 f   sfc_debug:sfc_api.obj
 0001:0006a680       sfc_api_step_out           000000018006b680 f   sfc_debug:sfc_api.obj
 0001:0006a690       sfc_api_resume             000000018006b690 f   sfc_debug:sfc_api.obj
 0001:0006a6a0       sfc_api_break              000000018006b6a0 f   sfc_debug:sfc_api.obj
 0001:0006a6b0       sfc_api_stop_debugging     000000018006b6b0 f   sfc_debug:sfc_api.obj
 0001:0006a710       sfc_api_is_cycle_detected  000000018006b710 f   sfc_debug:sfc_api.obj
 0001:0006a770       sfc_api_is_array_bounds_detected 000000018006b770 f   sfc_debug:sfc_api.obj
 0001:0006a7d0       sfc_api_set_disable_all_breakpoints 000000018006b7d0 f   sfc_debug:sfc_api.obj
 0001:0006a850       sfc_api_disable_all_breakpoints_and_go 000000018006b850 f   sfc_debug:sfc_api.obj
 0001:0006a860       sfc_api_close              000000018006b860 f   sfc_debug:sfc_api.obj
 0001:0006a870       sfc_api_browse_data        000000018006b870 f   sfc_debug:sfc_api.obj
 0001:0006a8f0       sfc_api_watch_data         000000018006b8f0 f   sfc_debug:sfc_api.obj
 0001:0006aa00       sfc_api_extract_message_post_receive_info 000000018006ba00 f   sfc_debug:sfc_api.obj
 0001:0006aa20       sfc_api_assign_data        000000018006ba20 f   sfc_debug:sfc_api.obj
 0001:0006aad0       sfc_api_whos               000000018006bad0 f   sfc_debug:sfc_api.obj
 0001:0006ab60       sfc_api_get_consistency_info 000000018006bb60 f   sfc_debug:sfc_api.obj
 0001:0006ab70       sfc_api_browse_trace       000000018006bb70 f   sfc_debug:sfc_api.obj
 0001:0006ab80       sfc_api_break_on_chart_entry 000000018006bb80 f   sfc_debug:sfc_api.obj
 0001:0006abb0       sfc_api_break_on_event_broadcast 000000018006bbb0 f   sfc_debug:sfc_api.obj
 0001:0006abe0       sfc_api_break_on_state_entry 000000018006bbe0 f   sfc_debug:sfc_api.obj
 0001:0006ac10       sfc_api_set_watch          000000018006bc10 f   sfc_debug:sfc_api.obj
 0001:0006acc0       sfc_api_set_breakpoints    000000018006bcc0 f   sfc_debug:sfc_api.obj
 0001:0006ad80       sfc_api_set_eml_breakpoints 000000018006bd80 f   sfc_debug:sfc_api.obj
 0001:0006ae20       sfc_api_set_script_breakpoints 000000018006be20 f   sfc_debug:sfc_api.obj
 0001:0006ae80       sfc_api_add_script_breakpoints 000000018006be80 f   sfc_debug:sfc_api.obj
 0001:0006aee0       sfc_api_clear_script_breakpoints 000000018006bee0 f   sfc_debug:sfc_api.obj
 0001:0006af40       sfc_api_query_script_breakpoints 000000018006bf40 f   sfc_debug:sfc_api.obj
 0001:0006afb0       sfc_api_get_script_id      000000018006bfb0 f   sfc_debug:sfc_api.obj
 0001:0006b070       sfc_api_get_active_states  000000018006c070 f   sfc_debug:sfc_api.obj
 0001:0006b100       sfc_api_break_between_times 000000018006c100 f   sfc_debug:sfc_api.obj
 0001:0006b170       sfc_api_get_instance_handle 000000018006c170 f   sfc_debug:sfc_api.obj
 0001:0006b240       sfc_api_set_animation      000000018006c240 f   sfc_debug:sfc_api.obj
 0001:0006b290       sfc_api_select_chart       000000018006c290 f   sfc_debug:sfc_api.obj
 0001:0006b300       sfc_api_select_charts      000000018006c300 f   sfc_debug:sfc_api.obj
 0001:0006b330       sfc_api_cycle_detection_check 000000018006c330 f   sfc_debug:sfc_api.obj
 0001:0006b380       sfc_api_data_range_check   000000018006c380 f   sfc_debug:sfc_api.obj
 0001:0006b3d0       sfc_api_transition_conflict_check 000000018006c3d0 f   sfc_debug:sfc_api.obj
 0001:0006b420       sfc_api_state_consistency_check 000000018006c420 f   sfc_debug:sfc_api.obj
 0001:0006b470       sfc_api_set_instance_cv_ids 000000018006c470 f   sfc_debug:sfc_api.obj
 0001:0006b5a0       sfc_api_set_script_cv_ids  000000018006c5a0 f   sfc_debug:sfc_api.obj
 0001:0006b670       sfc_api_get_current_machine_id 000000018006c670 f   sfc_debug:sfc_api.obj
 0001:0006b6a0       sfc_api_get_current_machine_number 000000018006c6a0 f   sfc_debug:sfc_api.obj
 0001:0006b6d0       sfc_api_get_current_chart_number 000000018006c6d0 f   sfc_debug:sfc_api.obj
 0001:0006b700       sfc_api_get_current_instance_number 000000018006c700 f   sfc_debug:sfc_api.obj
 0001:0006b730       sfc_api_get_current_instance_handle 000000018006c730 f   sfc_debug:sfc_api.obj
 0001:0006b750       sfc_api_get_current_is_minor_time_step 000000018006c750 f   sfc_debug:sfc_api.obj
 0001:0006b780       sfc_api_get_current_machine_name 000000018006c780 f   sfc_debug:sfc_api.obj
 0001:0006b7a0       sfc_api_get_current_chart_id 000000018006c7a0 f   sfc_debug:sfc_api.obj
 0001:0006b7d0       sfc_api_get_current_object_type 000000018006c7d0 f   sfc_debug:sfc_api.obj
 0001:0006b800       sfc_api_get_current_event_type 000000018006c800 f   sfc_debug:sfc_api.obj
 0001:0006b830       sfc_api_get_current_object_id 000000018006c830 f   sfc_debug:sfc_api.obj
 0001:0006b860       sfc_get_current_active_event_type 000000018006c860 f   sfc_debug:sfc_api.obj
 0001:0006b890       sfc_api_get_current_active_event_id 000000018006c890 f   sfc_debug:sfc_api.obj
 0001:0006b8c0       sfc_api_get_current_simulation_time 000000018006c8c0 f   sfc_debug:sfc_api.obj
 0001:0006b8e0       sfc_get_current_tag_type   000000018006c8e0 f   sfc_debug:sfc_api.obj
 0001:0006b910       sfc_get_current_coverage_percentage 000000018006c910 f   sfc_debug:sfc_api.obj
 0001:0006b930       sfc_get_current_statement_context 000000018006c930 f   sfc_debug:sfc_api.obj
 0001:0006b950       sfc_get_current_optional_integer 000000018006c950 f   sfc_debug:sfc_api.obj
 0001:0006b980       sfc_get_current_statement_info 000000018006c980 f   sfc_debug:sfc_api.obj
 0001:0006ba20       sfc_api_get                000000018006ca20 f   sfc_debug:sfc_api.obj
 0001:0006c680       sf_debug_sm_fill_state_activity_data 000000018006d680 f   sfc_debug:sfdb_animation.obj
 0001:0006eec0       void_ptr_stack_vector_free_total 000000018006fec0 f   sfc_debug:sfdb_data_browse.obj
 0001:0006ef40       sf_debug_st_terminate_machine 000000018006ff40 f   sfc_debug:sfdb_data_browse.obj
 0001:0006ef80       sf_debug_st_terminate_instance 000000018006ff80 f   sfc_debug:sfdb_data_browse.obj
 0001:0006f330       push_on_to_void_ptr_stack  0000000180070330 f   sfc_debug:sfdb_data_browse.obj
 0001:0006f4c0       pop_from_void_ptr_stack    00000001800704c0 f   sfc_debug:sfdb_data_browse.obj
 0001:0006f5f0       sf_debug_st_get_data_value 00000001800705f0 f   sfc_debug:sfdb_data_browse.obj
 0001:0006fb20       mx_value                   0000000180070b20 f   sfc_debug:sfdb_data_browse.obj
 0001:0006fb60       sf_debug_st_fill_data_struct 0000000180070b60 f   sfc_debug:sfdb_data_browse.obj
 0001:0006fea0       data_type_format_strings   0000000180070ea0 f   sfc_debug:sfdb_data_browse.obj
 0001:0006ff50       sf_debug_st_fill_data      0000000180070f50 f   sfc_debug:sfdb_data_browse.obj
 0001:00070c40       sf_debug_hm_get_simulink_handle 0000000180071c40 f   sfc_debug:sfdb_handle_management.obj
 0001:000716f0       sf_debug_hm_initialize_globals 00000001800726f0 f   sfc_debug:sfdb_handle_management.obj
 0001:000717f0       sf_debug_hm_get_machine_debug_flag 00000001800727f0 f   sfc_debug:sfdb_handle_management.obj
 0001:00071960       sf_debug_hm_get_machine_id 0000000180072960 f   sfc_debug:sfdb_handle_management.obj
 0001:00071a80       sf_debug_hm_get_chart_id   0000000180072a80 f   sfc_debug:sfdb_handle_management.obj
 0001:00071c20       sf_debug_hm_register_executing_SFunction 0000000180072c20 f   sfc_debug:sfdb_handle_management.obj
 0001:00071fb0       sf_debug_hm_form_object_boolean_properties 0000000180072fb0 f   sfc_debug:sfdb_handle_management.obj
 0001:00072280       sf_debug_hm_form_object_properties 0000000180073280 f   sfc_debug:sfdb_handle_management.obj
 0001:000724c0       sf_debug_hm_terminate_charts 00000001800734c0 f   sfc_debug:sfdb_handle_management.obj
 0001:00072ba0       sf_debug_hm_terminate_machines 0000000180073ba0 f   sfc_debug:sfdb_handle_management.obj
 0001:00074610       sf_debug_ss_copy_dimension 0000000180075610 f   sfc_debug:sfdb_symbol_scope.obj
 0001:000746d0       sf_debug_ss_get_number_elements 00000001800756d0 f   sfc_debug:sfdb_symbol_scope.obj
 0001:000746f0       sf_debug_ss_fill_data_struct 00000001800756f0 f   sfc_debug:sfdb_symbol_scope.obj
 0001:00074a40       sf_debug_ss_reset_data_info 0000000180075a40 f   sfc_debug:sfdb_symbol_scope.obj
 0001:00074aa0       sf_debug_fill_data_info_by_symbol_scope_entry 0000000180075aa0 f   sfc_debug:sfdb_symbol_scope.obj
 0001:00074b60       sf_debug_fill_data_info_by_data_vector 0000000180075b60 f   sfc_debug:sfdb_symbol_scope.obj
 0001:00074db0       get_data_info_helper       0000000180075db0 f   sfc_debug:sfdb_symbol_scope.obj
 0001:000750a0       sf_debug_ss_get_data_info  00000001800760a0 f   sfc_debug:sfdb_symbol_scope.obj
 0001:000752c0       sf_debug_select_mex_function 00000001800762c0 f   sfc_debug:sfdb_symbol_scope.obj
 0001:000752f0       sf_debug_is_dyn_matrix_initialized 00000001800762f0 f   sfc_debug:sfdb_symbol_scope.obj
 0001:00075310       sf_debug_ss_set_data_value_try 0000000180076310 f   sfc_debug:sfdb_symbol_scope.obj
 0001:00075500       sf_debug_ss_get_data_value 0000000180076500 f   sfc_debug:sfdb_symbol_scope.obj
 0001:00075c60       sf_debug_ss_data_bytes_string 0000000180076c60 f   sfc_debug:sfdb_symbol_scope.obj
 0001:00075cf0       sf_debug_ss_data_class_string 0000000180076cf0 f   sfc_debug:sfdb_symbol_scope.obj
 0001:00076070       sf_debug_ss_data_size_string 0000000180077070 f   sfc_debug:sfdb_symbol_scope.obj
 0001:00076150       sf_debug_ss_data_create_data_info_struct 0000000180077150 f   sfc_debug:sfdb_symbol_scope.obj
 0001:00076400       sf_debug_ss_data_create_name_value_pair 0000000180077400 f   sfc_debug:sfdb_symbol_scope.obj
 0001:000764a0       sf_debug_ss_data_get_whos_info 00000001800774a0 f   sfc_debug:sfdb_symbol_scope.obj
 0001:000764b0       same_named_data_in_data_array 00000001800774b0 f   sfc_debug:sfdb_symbol_scope.obj
 0001:00077c40       sf_debug_cc_terminate_chart 0000000180078c40 f   sfc_debug:sfdb_coverage.obj
 0001:00077f50       sf_debug_cc_terminate_instance 0000000180078f50 f   sfc_debug:sfdb_coverage.obj
 0001:00078b20       sf_debug_cc_mark_object_if_needed 0000000180079b20 f   sfc_debug:sfdb_coverage.obj
 0001:000793a0       sf_debug_bm_initialize_eml 000000018007a3a0 f   sfc_debug:sfdb_breakpoints.obj
 0001:0007a460       sf_debug_bm_map_debug_tag_to_breakpoint_tag 000000018007b460 f   sfc_debug:sfdb_breakpoints.obj
 0001:0007a540       sf_debug_bm_is_a_eml_breakpoint_impl 000000018007b540 f   sfc_debug:sfdb_breakpoints.obj
 0001:0007be70       sf_debug_sc_push_on_error_stack 000000018007ce70 f   sfc_debug:sfdb_state_consistency.obj
 0001:0007bf90       sf_debug_sc_reset_error_stack 000000018007cf90 f   sfc_debug:sfdb_state_consistency.obj
 0001:0007c120       sf_debug_sc_is_state_inconsistent 000000018007d120 f   sfc_debug:sfdb_state_consistency.obj
 0001:0007c410       sf_debug_sc_fill_consistency_info 000000018007d410 f   sfc_debug:sfdb_state_consistency.obj
 0001:0007c9b0       void_assertion_fcn         000000018007d9b0 f   sfc_debug:sfdb_call_stack.obj
 0001:0007cf00       sf_debug_tm_fill_local_trace 000000018007df00 f   sfc_debug:sfdb_call_stack.obj
 0001:0007d4a0       sf_debug_cd_terminate_instance 000000018007e4a0 f   sfc_debug:sfdb_cycle_detection.obj
 0001:0007d500       sf_debug_cd_free_checksum_stack 000000018007e500 f   sfc_debug:sfdb_cycle_detection.obj
 0001:0007d550       sf_debug_cd_reset_pack_strings 000000018007e550 f   sfc_debug:sfdb_cycle_detection.obj
 0001:0007dbf0       md5file_clear              000000018007ebf0 f   sfc_debug:ckmd5.obj
 0001:0007dc20       Encode                     000000018007ec20 f   sfc_debug:ckmd5.obj
 0001:0007dc70       Decode                     000000018007ec70 f   sfc_debug:ckmd5.obj
 0001:0007dd10       MD5Transform               000000018007ed10 f   sfc_debug:ckmd5.obj
 0001:0007e570       md5file_addn               000000018007f570 f   sfc_debug:ckmd5.obj
 0001:0007e640       md5file_hash               000000018007f640 f   sfc_debug:ckmd5.obj
 0001:0007ebc0       pre_c_init                 000000018007fbc0 f   MSVCRT:crtdll.obj
 0001:0007ee7c       __DllMainCRTStartup        000000018007fe7c f   MSVCRT:crtdll.obj
 0001:0007f510       __DllMainCRTStartup$filt$0 0000000180080510 f   MSVCRT:crtdll.obj
 0001:0007f540       __DllMainCRTStartup$fin$1  0000000180080540 f   MSVCRT:crtdll.obj
 0001:0007f55a       _onexit$fin$0              000000018008055a f   MSVCRT:atonexit.obj
 0001:0007f580       _IsNonwritableInCurrentImage$filt$0 0000000180080580 f   MSVCRT:pesect.obj
