 CusakisME4901arcs_sfun

 Timestamp is 531a1825 (Fri Mar 07 11:04:05 2014)

 Preferred load address is 10000000

 Start         Length     Name                   Class
 0001:00000000 001229c4H .text                   CODE
 0002:00000000 0000027cH .idata$5                DATA
 0002:0000027c 00000004H .CRT$XCA                DATA
 0002:00000280 00000004H .CRT$XCZ                DATA
 0002:00000284 00000004H .CRT$XIA                DATA
 0002:00000288 00000004H .CRT$XIAA               DATA
 0002:0000028c 00000004H .CRT$XIC                DATA
 0002:00000290 00000004H .CRT$XIZ                DATA
 0002:00000298 00004a00H .rdata                  DATA
 0002:00004ca0 00000004H .rdata$sxdata           DATA
 0002:00004ca4 00000004H .rtc$IAA                DATA
 0002:00004ca8 00000004H .rtc$IZZ                DATA
 0002:00004cac 00000004H .rtc$TAA                DATA
 0002:00004cb0 00000004H .rtc$TZZ                DATA
 0002:00004cb8 00000064H .xdata$x                DATA
 0002:00004d1c 000000b4H .idata$2                DATA
 0002:00004dd0 00000014H .idata$3                DATA
 0002:00004de4 0000027cH .idata$4                DATA
 0002:00005060 00000bb8H .idata$6                DATA
 0002:00005c20 0000005cH .edata                  DATA
 0003:00000000 000344c0H .data                   DATA
 0003:000344c0 000029a8H .bss                    DATA

  Address         Publics by Value              Rva+Base       Lib:Object

 0000:00000000       __except_list              00000000     <absolute>
 0000:00000001       ___safe_se_handler_count   00000001     <absolute>
 0000:00009876       __ldused                   00009876     <absolute>
 0000:00009876       __fltused                  00009876     <absolute>
 0000:00000000       ___ImageBase               10000000     <linker-defined>
 0001:00000010       _sf_c1_CusakisME4901arcs_get_eml_resolved_functions_info 10001010 f   c1_CusakisME4901arcs.obj
 0001:00000a40       _sf_c1_CusakisME4901arcs_get_check_sum 10001a40 f   c1_CusakisME4901arcs.obj
 0001:00000aa0       _sf_c1_CusakisME4901arcs_get_autoinheritance_info 10001aa0 f   c1_CusakisME4901arcs.obj
 0001:00001120       _sf_c1_CusakisME4901arcs_third_party_uses_info 10002120 f   c1_CusakisME4901arcs.obj
 0001:00001140       _sf_internal_get_sim_state_c1_CusakisME4901arcs 10002140 f   c1_CusakisME4901arcs.obj
 0001:000014c0       _sf_internal_set_sim_state_c1_CusakisME4901arcs 100024c0 f   c1_CusakisME4901arcs.obj
 0001:00001980       _c1_CusakisME4901arcs_method_dispatcher 10002980 f   c1_CusakisME4901arcs.obj
 0001:0000fec0       _sf_c2_CusakisME4901arcs_get_eml_resolved_functions_info 10010ec0 f   c2_CusakisME4901arcs.obj
 0001:000108a0       _sf_c2_CusakisME4901arcs_get_check_sum 100118a0 f   c2_CusakisME4901arcs.obj
 0001:00010900       _sf_c2_CusakisME4901arcs_get_autoinheritance_info 10011900 f   c2_CusakisME4901arcs.obj
 0001:00010e50       _sf_c2_CusakisME4901arcs_third_party_uses_info 10011e50 f   c2_CusakisME4901arcs.obj
 0001:00010e70       _sf_internal_get_sim_state_c2_CusakisME4901arcs 10011e70 f   c2_CusakisME4901arcs.obj
 0001:00011130       _sf_internal_set_sim_state_c2_CusakisME4901arcs 10012130 f   c2_CusakisME4901arcs.obj
 0001:000114b0       _c2_CusakisME4901arcs_method_dispatcher 100124b0 f   c2_CusakisME4901arcs.obj
 0001:00014860       _sf_c3_CusakisME4901arcs_get_eml_resolved_functions_info 10015860 f   c3_CusakisME4901arcs.obj
 0001:00015300       _sf_c3_CusakisME4901arcs_get_check_sum 10016300 f   c3_CusakisME4901arcs.obj
 0001:00015360       _sf_c3_CusakisME4901arcs_get_autoinheritance_info 10016360 f   c3_CusakisME4901arcs.obj
 0001:000159e0       _sf_c3_CusakisME4901arcs_third_party_uses_info 100169e0 f   c3_CusakisME4901arcs.obj
 0001:00015a00       _sf_internal_get_sim_state_c3_CusakisME4901arcs 10016a00 f   c3_CusakisME4901arcs.obj
 0001:00015d80       _sf_internal_set_sim_state_c3_CusakisME4901arcs 10016d80 f   c3_CusakisME4901arcs.obj
 0001:00016240       _c3_CusakisME4901arcs_method_dispatcher 10017240 f   c3_CusakisME4901arcs.obj
 0001:000247a0       _sf_c4_CusakisME4901arcs_get_eml_resolved_functions_info 100257a0 f   c4_CusakisME4901arcs.obj
 0001:00025100       _sf_c4_CusakisME4901arcs_get_check_sum 10026100 f   c4_CusakisME4901arcs.obj
 0001:00025160       _sf_c4_CusakisME4901arcs_get_autoinheritance_info 10026160 f   c4_CusakisME4901arcs.obj
 0001:000256b0       _sf_c4_CusakisME4901arcs_third_party_uses_info 100266b0 f   c4_CusakisME4901arcs.obj
 0001:000256d0       _sf_internal_get_sim_state_c4_CusakisME4901arcs 100266d0 f   c4_CusakisME4901arcs.obj
 0001:00025990       _sf_internal_set_sim_state_c4_CusakisME4901arcs 10026990 f   c4_CusakisME4901arcs.obj
 0001:00025d10       _c4_CusakisME4901arcs_method_dispatcher 10026d10 f   c4_CusakisME4901arcs.obj
 0001:00029140       _sf_c5_CusakisME4901arcs_get_eml_resolved_functions_info 1002a140 f   c5_CusakisME4901arcs.obj
 0001:00029e30       _sf_c5_CusakisME4901arcs_get_check_sum 1002ae30 f   c5_CusakisME4901arcs.obj
 0001:00029e90       _sf_c5_CusakisME4901arcs_get_autoinheritance_info 1002ae90 f   c5_CusakisME4901arcs.obj
 0001:0002a3f0       _sf_c5_CusakisME4901arcs_third_party_uses_info 1002b3f0 f   c5_CusakisME4901arcs.obj
 0001:0002a410       _sf_internal_get_sim_state_c5_CusakisME4901arcs 1002b410 f   c5_CusakisME4901arcs.obj
 0001:0002a6d0       _sf_internal_set_sim_state_c5_CusakisME4901arcs 1002b6d0 f   c5_CusakisME4901arcs.obj
 0001:0002aa60       _c5_CusakisME4901arcs_method_dispatcher 1002ba60 f   c5_CusakisME4901arcs.obj
 0001:0002e4f0       _sf_c6_CusakisME4901arcs_get_eml_resolved_functions_info 1002f4f0 f   c6_CusakisME4901arcs.obj
 0001:0002f190       _sf_c6_CusakisME4901arcs_get_check_sum 10030190 f   c6_CusakisME4901arcs.obj
 0001:0002f1f0       _sf_c6_CusakisME4901arcs_get_autoinheritance_info 100301f0 f   c6_CusakisME4901arcs.obj
 0001:0002f750       _sf_c6_CusakisME4901arcs_third_party_uses_info 10030750 f   c6_CusakisME4901arcs.obj
 0001:0002f770       _sf_internal_get_sim_state_c6_CusakisME4901arcs 10030770 f   c6_CusakisME4901arcs.obj
 0001:0002fa30       _sf_internal_set_sim_state_c6_CusakisME4901arcs 10030a30 f   c6_CusakisME4901arcs.obj
 0001:0002fdc0       _c6_CusakisME4901arcs_method_dispatcher 10030dc0 f   c6_CusakisME4901arcs.obj
 0001:00033850       _sf_c7_CusakisME4901arcs_get_eml_resolved_functions_info 10034850 f   c7_CusakisME4901arcs.obj
 0001:000338a0       _sf_c7_CusakisME4901arcs_get_check_sum 100348a0 f   c7_CusakisME4901arcs.obj
 0001:00033900       _sf_c7_CusakisME4901arcs_get_autoinheritance_info 10034900 f   c7_CusakisME4901arcs.obj
 0001:00033d00       _sf_c7_CusakisME4901arcs_third_party_uses_info 10034d00 f   c7_CusakisME4901arcs.obj
 0001:00033d20       _sf_internal_get_sim_state_c7_CusakisME4901arcs 10034d20 f   c7_CusakisME4901arcs.obj
 0001:00033fb0       _sf_internal_set_sim_state_c7_CusakisME4901arcs 10034fb0 f   c7_CusakisME4901arcs.obj
 0001:000342c0       _c7_CusakisME4901arcs_method_dispatcher 100352c0 f   c7_CusakisME4901arcs.obj
 0001:00035b00       _sf_c8_CusakisME4901arcs_get_eml_resolved_functions_info 10036b00 f   c8_CusakisME4901arcs.obj
 0001:0003c2b0       _sf_c8_CusakisME4901arcs_get_check_sum 1003d2b0 f   c8_CusakisME4901arcs.obj
 0001:0003c310       _sf_c8_CusakisME4901arcs_get_autoinheritance_info 1003d310 f   c8_CusakisME4901arcs.obj
 0001:0003ccd0       _sf_c8_CusakisME4901arcs_third_party_uses_info 1003dcd0 f   c8_CusakisME4901arcs.obj
 0001:0003ccf0       _sf_internal_get_sim_state_c8_CusakisME4901arcs 1003dcf0 f   c8_CusakisME4901arcs.obj
 0001:0003d0b0       _sf_internal_set_sim_state_c8_CusakisME4901arcs 1003e0b0 f   c8_CusakisME4901arcs.obj
 0001:0003d570       _c8_CusakisME4901arcs_method_dispatcher 1003e570 f   c8_CusakisME4901arcs.obj
 0001:00065970       _sf_c9_CusakisME4901arcs_get_eml_resolved_functions_info 10066970 f   c9_CusakisME4901arcs.obj
 0001:000659c0       _sf_c9_CusakisME4901arcs_get_check_sum 100669c0 f   c9_CusakisME4901arcs.obj
 0001:00065a20       _sf_c9_CusakisME4901arcs_get_autoinheritance_info 10066a20 f   c9_CusakisME4901arcs.obj
 0001:00066050       _sf_c9_CusakisME4901arcs_third_party_uses_info 10067050 f   c9_CusakisME4901arcs.obj
 0001:00066070       _sf_internal_get_sim_state_c9_CusakisME4901arcs 10067070 f   c9_CusakisME4901arcs.obj
 0001:00066430       _sf_internal_set_sim_state_c9_CusakisME4901arcs 10067430 f   c9_CusakisME4901arcs.obj
 0001:000669b0       _c9_CusakisME4901arcs_method_dispatcher 100679b0 f   c9_CusakisME4901arcs.obj
 0001:000694f0       _sf_c10_CusakisME4901arcs_get_eml_resolved_functions_info 1006a4f0 f   c10_CusakisME4901arcs.obj
 0001:0006b410       _sf_c10_CusakisME4901arcs_get_check_sum 1006c410 f   c10_CusakisME4901arcs.obj
 0001:0006b470       _sf_c10_CusakisME4901arcs_get_autoinheritance_info 1006c470 f   c10_CusakisME4901arcs.obj
 0001:0006d340       _sf_c10_CusakisME4901arcs_third_party_uses_info 1006e340 f   c10_CusakisME4901arcs.obj
 0001:0006d360       _sf_internal_get_sim_state_c10_CusakisME4901arcs 1006e360 f   c10_CusakisME4901arcs.obj
 0001:0006df00       _sf_internal_set_sim_state_c10_CusakisME4901arcs 1006ef00 f   c10_CusakisME4901arcs.obj
 0001:0006ebc0       _c10_CusakisME4901arcs_method_dispatcher 1006fbc0 f   c10_CusakisME4901arcs.obj
 0001:00079990       _sf_c11_CusakisME4901arcs_get_eml_resolved_functions_info 1007a990 f   c11_CusakisME4901arcs.obj
 0001:00079c90       _sf_c11_CusakisME4901arcs_get_check_sum 1007ac90 f   c11_CusakisME4901arcs.obj
 0001:00079cf0       _sf_c11_CusakisME4901arcs_get_autoinheritance_info 1007acf0 f   c11_CusakisME4901arcs.obj
 0001:0007a010       _sf_c11_CusakisME4901arcs_third_party_uses_info 1007b010 f   c11_CusakisME4901arcs.obj
 0001:0007a030       _sf_internal_get_sim_state_c11_CusakisME4901arcs 1007b030 f   c11_CusakisME4901arcs.obj
 0001:0007a2f0       _sf_internal_set_sim_state_c11_CusakisME4901arcs 1007b2f0 f   c11_CusakisME4901arcs.obj
 0001:0007a670       _c11_CusakisME4901arcs_method_dispatcher 1007b670 f   c11_CusakisME4901arcs.obj
 0001:0007c3d0       _sf_c12_CusakisME4901arcs_get_eml_resolved_functions_info 1007d3d0 f   c12_CusakisME4901arcs.obj
 0001:0007c6d0       _sf_c12_CusakisME4901arcs_get_check_sum 1007d6d0 f   c12_CusakisME4901arcs.obj
 0001:0007c730       _sf_c12_CusakisME4901arcs_get_autoinheritance_info 1007d730 f   c12_CusakisME4901arcs.obj
 0001:0007ca50       _sf_c12_CusakisME4901arcs_third_party_uses_info 1007da50 f   c12_CusakisME4901arcs.obj
 0001:0007ca70       _sf_internal_get_sim_state_c12_CusakisME4901arcs 1007da70 f   c12_CusakisME4901arcs.obj
 0001:0007cd80       _sf_internal_set_sim_state_c12_CusakisME4901arcs 1007dd80 f   c12_CusakisME4901arcs.obj
 0001:0007d110       _c12_CusakisME4901arcs_method_dispatcher 1007e110 f   c12_CusakisME4901arcs.obj
 0001:0007ef00       _sf_c13_CusakisME4901arcs_get_eml_resolved_functions_info 1007ff00 f   c13_CusakisME4901arcs.obj
 0001:0007ef50       _sf_c13_CusakisME4901arcs_get_check_sum 1007ff50 f   c13_CusakisME4901arcs.obj
 0001:0007efb0       _sf_c13_CusakisME4901arcs_get_autoinheritance_info 1007ffb0 f   c13_CusakisME4901arcs.obj
 0001:0007f4c0       _sf_c13_CusakisME4901arcs_third_party_uses_info 100804c0 f   c13_CusakisME4901arcs.obj
 0001:0007f4e0       _sf_internal_get_sim_state_c13_CusakisME4901arcs 100804e0 f   c13_CusakisME4901arcs.obj
 0001:0007f7a0       _sf_internal_set_sim_state_c13_CusakisME4901arcs 100807a0 f   c13_CusakisME4901arcs.obj
 0001:0007fb20       _c13_CusakisME4901arcs_method_dispatcher 10080b20 f   c13_CusakisME4901arcs.obj
 0001:000813f0       _sf_c14_CusakisME4901arcs_get_eml_resolved_functions_info 100823f0 f   c14_CusakisME4901arcs.obj
 0001:000817f0       _sf_c14_CusakisME4901arcs_get_check_sum 100827f0 f   c14_CusakisME4901arcs.obj
 0001:00081850       _sf_c14_CusakisME4901arcs_get_autoinheritance_info 10082850 f   c14_CusakisME4901arcs.obj
 0001:00081c60       _sf_c14_CusakisME4901arcs_third_party_uses_info 10082c60 f   c14_CusakisME4901arcs.obj
 0001:00081c80       _sf_internal_get_sim_state_c14_CusakisME4901arcs 10082c80 f   c14_CusakisME4901arcs.obj
 0001:00081fe0       _sf_internal_set_sim_state_c14_CusakisME4901arcs 10082fe0 f   c14_CusakisME4901arcs.obj
 0001:000824b0       _c14_CusakisME4901arcs_method_dispatcher 100834b0 f   c14_CusakisME4901arcs.obj
 0001:00083f00       _sf_c15_CusakisME4901arcs_get_eml_resolved_functions_info 10084f00 f   c15_CusakisME4901arcs.obj
 0001:00084510       _sf_c15_CusakisME4901arcs_get_check_sum 10085510 f   c15_CusakisME4901arcs.obj
 0001:00084570       _sf_c15_CusakisME4901arcs_get_autoinheritance_info 10085570 f   c15_CusakisME4901arcs.obj
 0001:00085160       _sf_c15_CusakisME4901arcs_third_party_uses_info 10086160 f   c15_CusakisME4901arcs.obj
 0001:00085180       _sf_internal_get_sim_state_c15_CusakisME4901arcs 10086180 f   c15_CusakisME4901arcs.obj
 0001:00085590       _sf_internal_set_sim_state_c15_CusakisME4901arcs 10086590 f   c15_CusakisME4901arcs.obj
 0001:00085af0       _c15_CusakisME4901arcs_method_dispatcher 10086af0 f   c15_CusakisME4901arcs.obj
 0001:0008af60       _sf_c16_CusakisME4901arcs_get_eml_resolved_functions_info 1008bf60 f   c16_CusakisME4901arcs.obj
 0001:0008b420       _sf_c16_CusakisME4901arcs_get_check_sum 1008c420 f   c16_CusakisME4901arcs.obj
 0001:0008b480       _sf_c16_CusakisME4901arcs_get_autoinheritance_info 1008c480 f   c16_CusakisME4901arcs.obj
 0001:0008bdf0       _sf_c16_CusakisME4901arcs_third_party_uses_info 1008cdf0 f   c16_CusakisME4901arcs.obj
 0001:0008be10       _sf_internal_get_sim_state_c16_CusakisME4901arcs 1008ce10 f   c16_CusakisME4901arcs.obj
 0001:0008c1a0       _sf_internal_set_sim_state_c16_CusakisME4901arcs 1008d1a0 f   c16_CusakisME4901arcs.obj
 0001:0008c670       _c16_CusakisME4901arcs_method_dispatcher 1008d670 f   c16_CusakisME4901arcs.obj
 0001:0008e710       _sf_c17_CusakisME4901arcs_get_eml_resolved_functions_info 1008f710 f   c17_CusakisME4901arcs.obj
 0001:0008e760       _sf_c17_CusakisME4901arcs_get_check_sum 1008f760 f   c17_CusakisME4901arcs.obj
 0001:0008e7c0       _sf_c17_CusakisME4901arcs_get_autoinheritance_info 1008f7c0 f   c17_CusakisME4901arcs.obj
 0001:0008ebd0       _sf_c17_CusakisME4901arcs_third_party_uses_info 1008fbd0 f   c17_CusakisME4901arcs.obj
 0001:0008ebf0       _sf_internal_get_sim_state_c17_CusakisME4901arcs 1008fbf0 f   c17_CusakisME4901arcs.obj
 0001:0008eeb0       _sf_internal_set_sim_state_c17_CusakisME4901arcs 1008feb0 f   c17_CusakisME4901arcs.obj
 0001:0008f230       _c17_CusakisME4901arcs_method_dispatcher 10090230 f   c17_CusakisME4901arcs.obj
 0001:00090880       _sf_c18_CusakisME4901arcs_get_eml_resolved_functions_info 10091880 f   c18_CusakisME4901arcs.obj
 0001:000908d0       _sf_c18_CusakisME4901arcs_get_check_sum 100918d0 f   c18_CusakisME4901arcs.obj
 0001:00090930       _sf_c18_CusakisME4901arcs_get_autoinheritance_info 10091930 f   c18_CusakisME4901arcs.obj
 0001:00091070       _sf_c18_CusakisME4901arcs_third_party_uses_info 10092070 f   c18_CusakisME4901arcs.obj
 0001:00091090       _sf_internal_get_sim_state_c18_CusakisME4901arcs 10092090 f   c18_CusakisME4901arcs.obj
 0001:00091390       _sf_internal_set_sim_state_c18_CusakisME4901arcs 10092390 f   c18_CusakisME4901arcs.obj
 0001:000916e0       _c18_CusakisME4901arcs_method_dispatcher 100926e0 f   c18_CusakisME4901arcs.obj
 0001:00093360       _sf_c19_CusakisME4901arcs_get_eml_resolved_functions_info 10094360 f   c19_CusakisME4901arcs.obj
 0001:00093d50       _sf_c19_CusakisME4901arcs_get_check_sum 10094d50 f   c19_CusakisME4901arcs.obj
 0001:00093db0       _sf_c19_CusakisME4901arcs_get_autoinheritance_info 10094db0 f   c19_CusakisME4901arcs.obj
 0001:00094410       _sf_c19_CusakisME4901arcs_third_party_uses_info 10095410 f   c19_CusakisME4901arcs.obj
 0001:00094430       _sf_internal_get_sim_state_c19_CusakisME4901arcs 10095430 f   c19_CusakisME4901arcs.obj
 0001:000946c0       _sf_internal_set_sim_state_c19_CusakisME4901arcs 100956c0 f   c19_CusakisME4901arcs.obj
 0001:000949d0       _c19_CusakisME4901arcs_method_dispatcher 100959d0 f   c19_CusakisME4901arcs.obj
 0001:00096f90       _sf_c20_CusakisME4901arcs_get_eml_resolved_functions_info 10097f90 f   c20_CusakisME4901arcs.obj
 0001:0009e4b0       _sf_c20_CusakisME4901arcs_get_check_sum 1009f4b0 f   c20_CusakisME4901arcs.obj
 0001:0009e510       _sf_c20_CusakisME4901arcs_get_autoinheritance_info 1009f510 f   c20_CusakisME4901arcs.obj
 0001:0009f590       _sf_c20_CusakisME4901arcs_third_party_uses_info 100a0590 f   c20_CusakisME4901arcs.obj
 0001:0009f5b0       _sf_internal_get_sim_state_c20_CusakisME4901arcs 100a05b0 f   c20_CusakisME4901arcs.obj
 0001:0009fab0       _sf_internal_set_sim_state_c20_CusakisME4901arcs 100a0ab0 f   c20_CusakisME4901arcs.obj
 0001:000a0140       _c20_CusakisME4901arcs_method_dispatcher 100a1140 f   c20_CusakisME4901arcs.obj
 0001:000c9eb0       _sf_c21_CusakisME4901arcs_get_eml_resolved_functions_info 100caeb0 f   c21_CusakisME4901arcs.obj
 0001:000ca260       _sf_c21_CusakisME4901arcs_get_check_sum 100cb260 f   c21_CusakisME4901arcs.obj
 0001:000ca2c0       _sf_c21_CusakisME4901arcs_get_autoinheritance_info 100cb2c0 f   c21_CusakisME4901arcs.obj
 0001:000cad40       _sf_c21_CusakisME4901arcs_third_party_uses_info 100cbd40 f   c21_CusakisME4901arcs.obj
 0001:000cad60       _sf_internal_get_sim_state_c21_CusakisME4901arcs 100cbd60 f   c21_CusakisME4901arcs.obj
 0001:000cb060       _sf_internal_set_sim_state_c21_CusakisME4901arcs 100cc060 f   c21_CusakisME4901arcs.obj
 0001:000cb3b0       _c21_CusakisME4901arcs_method_dispatcher 100cc3b0 f   c21_CusakisME4901arcs.obj
 0001:000cd1d0       _sf_c22_CusakisME4901arcs_get_eml_resolved_functions_info 100ce1d0 f   c22_CusakisME4901arcs.obj
 0001:000cd660       _sf_c22_CusakisME4901arcs_get_check_sum 100ce660 f   c22_CusakisME4901arcs.obj
 0001:000cd6c0       _sf_c22_CusakisME4901arcs_get_autoinheritance_info 100ce6c0 f   c22_CusakisME4901arcs.obj
 0001:000cd9e0       _sf_c22_CusakisME4901arcs_third_party_uses_info 100ce9e0 f   c22_CusakisME4901arcs.obj
 0001:000cda00       _sf_internal_get_sim_state_c22_CusakisME4901arcs 100cea00 f   c22_CusakisME4901arcs.obj
 0001:000cdcc0       _sf_internal_set_sim_state_c22_CusakisME4901arcs 100cecc0 f   c22_CusakisME4901arcs.obj
 0001:000ce040       _c22_CusakisME4901arcs_method_dispatcher 100cf040 f   c22_CusakisME4901arcs.obj
 0001:000cf690       _sf_c23_CusakisME4901arcs_get_eml_resolved_functions_info 100d0690 f   c23_CusakisME4901arcs.obj
 0001:000cfb00       _sf_c23_CusakisME4901arcs_get_check_sum 100d0b00 f   c23_CusakisME4901arcs.obj
 0001:000cfb60       _sf_c23_CusakisME4901arcs_get_autoinheritance_info 100d0b60 f   c23_CusakisME4901arcs.obj
 0001:000cfe70       _sf_c23_CusakisME4901arcs_third_party_uses_info 100d0e70 f   c23_CusakisME4901arcs.obj
 0001:000cfe90       _sf_internal_get_sim_state_c23_CusakisME4901arcs 100d0e90 f   c23_CusakisME4901arcs.obj
 0001:000d0120       _sf_internal_set_sim_state_c23_CusakisME4901arcs 100d1120 f   c23_CusakisME4901arcs.obj
 0001:000d0430       _c23_CusakisME4901arcs_method_dispatcher 100d1430 f   c23_CusakisME4901arcs.obj
 0001:000d1670       _sf_c24_CusakisME4901arcs_get_eml_resolved_functions_info 100d2670 f   c24_CusakisME4901arcs.obj
 0001:000d16c0       _sf_c24_CusakisME4901arcs_get_check_sum 100d26c0 f   c24_CusakisME4901arcs.obj
 0001:000d1720       _sf_c24_CusakisME4901arcs_get_autoinheritance_info 100d2720 f   c24_CusakisME4901arcs.obj
 0001:000d1b20       _sf_c24_CusakisME4901arcs_third_party_uses_info 100d2b20 f   c24_CusakisME4901arcs.obj
 0001:000d1b40       _sf_internal_get_sim_state_c24_CusakisME4901arcs 100d2b40 f   c24_CusakisME4901arcs.obj
 0001:000d1dd0       _sf_internal_set_sim_state_c24_CusakisME4901arcs 100d2dd0 f   c24_CusakisME4901arcs.obj
 0001:000d20e0       _c24_CusakisME4901arcs_method_dispatcher 100d30e0 f   c24_CusakisME4901arcs.obj
 0001:000d3910       _sf_c25_CusakisME4901arcs_get_eml_resolved_functions_info 100d4910 f   c25_CusakisME4901arcs.obj
 0001:000d3e60       _sf_c25_CusakisME4901arcs_get_check_sum 100d4e60 f   c25_CusakisME4901arcs.obj
 0001:000d3ec0       _sf_c25_CusakisME4901arcs_get_autoinheritance_info 100d4ec0 f   c25_CusakisME4901arcs.obj
 0001:000d4520       _sf_c25_CusakisME4901arcs_third_party_uses_info 100d5520 f   c25_CusakisME4901arcs.obj
 0001:000d4540       _sf_internal_get_sim_state_c25_CusakisME4901arcs 100d5540 f   c25_CusakisME4901arcs.obj
 0001:000d4800       _sf_internal_set_sim_state_c25_CusakisME4901arcs 100d5800 f   c25_CusakisME4901arcs.obj
 0001:000d4b80       _c25_CusakisME4901arcs_method_dispatcher 100d5b80 f   c25_CusakisME4901arcs.obj
 0001:000d6900       _sf_c26_CusakisME4901arcs_get_eml_resolved_functions_info 100d7900 f   c26_CusakisME4901arcs.obj
 0001:000d6950       _sf_c26_CusakisME4901arcs_get_check_sum 100d7950 f   c26_CusakisME4901arcs.obj
 0001:000d69b0       _sf_c26_CusakisME4901arcs_get_autoinheritance_info 100d79b0 f   c26_CusakisME4901arcs.obj
 0001:000d6dc0       _sf_c26_CusakisME4901arcs_third_party_uses_info 100d7dc0 f   c26_CusakisME4901arcs.obj
 0001:000d6de0       _sf_internal_get_sim_state_c26_CusakisME4901arcs 100d7de0 f   c26_CusakisME4901arcs.obj
 0001:000d70a0       _sf_internal_set_sim_state_c26_CusakisME4901arcs 100d80a0 f   c26_CusakisME4901arcs.obj
 0001:000d7420       _c26_CusakisME4901arcs_method_dispatcher 100d8420 f   c26_CusakisME4901arcs.obj
 0001:000d8b10       _sf_c27_CusakisME4901arcs_get_eml_resolved_functions_info 100d9b10 f   c27_CusakisME4901arcs.obj
 0001:000d9050       _sf_c27_CusakisME4901arcs_get_check_sum 100da050 f   c27_CusakisME4901arcs.obj
 0001:000d90b0       _sf_c27_CusakisME4901arcs_get_autoinheritance_info 100da0b0 f   c27_CusakisME4901arcs.obj
 0001:000d93c0       _sf_c27_CusakisME4901arcs_third_party_uses_info 100da3c0 f   c27_CusakisME4901arcs.obj
 0001:000d93e0       _sf_internal_get_sim_state_c27_CusakisME4901arcs 100da3e0 f   c27_CusakisME4901arcs.obj
 0001:000d9670       _sf_internal_set_sim_state_c27_CusakisME4901arcs 100da670 f   c27_CusakisME4901arcs.obj
 0001:000d9980       _c27_CusakisME4901arcs_method_dispatcher 100da980 f   c27_CusakisME4901arcs.obj
 0001:000dabd0       _sf_c28_CusakisME4901arcs_get_eml_resolved_functions_info 100dbbd0 f   c28_CusakisME4901arcs.obj
 0001:000db130       _sf_c28_CusakisME4901arcs_get_check_sum 100dc130 f   c28_CusakisME4901arcs.obj
 0001:000db190       _sf_c28_CusakisME4901arcs_get_autoinheritance_info 100dc190 f   c28_CusakisME4901arcs.obj
 0001:000db4a0       _sf_c28_CusakisME4901arcs_third_party_uses_info 100dc4a0 f   c28_CusakisME4901arcs.obj
 0001:000db4c0       _sf_internal_get_sim_state_c28_CusakisME4901arcs 100dc4c0 f   c28_CusakisME4901arcs.obj
 0001:000db750       _sf_internal_set_sim_state_c28_CusakisME4901arcs 100dc750 f   c28_CusakisME4901arcs.obj
 0001:000dba60       _c28_CusakisME4901arcs_method_dispatcher 100dca60 f   c28_CusakisME4901arcs.obj
 0001:000dccb0       _sf_c29_CusakisME4901arcs_get_eml_resolved_functions_info 100ddcb0 f   c29_CusakisME4901arcs.obj
 0001:000dd1e0       _sf_c29_CusakisME4901arcs_get_check_sum 100de1e0 f   c29_CusakisME4901arcs.obj
 0001:000dd240       _sf_c29_CusakisME4901arcs_get_autoinheritance_info 100de240 f   c29_CusakisME4901arcs.obj
 0001:000dd550       _sf_c29_CusakisME4901arcs_third_party_uses_info 100de550 f   c29_CusakisME4901arcs.obj
 0001:000dd570       _sf_internal_get_sim_state_c29_CusakisME4901arcs 100de570 f   c29_CusakisME4901arcs.obj
 0001:000dd800       _sf_internal_set_sim_state_c29_CusakisME4901arcs 100de800 f   c29_CusakisME4901arcs.obj
 0001:000ddb10       _c29_CusakisME4901arcs_method_dispatcher 100deb10 f   c29_CusakisME4901arcs.obj
 0001:000ded50       _sf_c30_CusakisME4901arcs_get_eml_resolved_functions_info 100dfd50 f   c30_CusakisME4901arcs.obj
 0001:000df2b0       _sf_c30_CusakisME4901arcs_get_check_sum 100e02b0 f   c30_CusakisME4901arcs.obj
 0001:000df310       _sf_c30_CusakisME4901arcs_get_autoinheritance_info 100e0310 f   c30_CusakisME4901arcs.obj
 0001:000df620       _sf_c30_CusakisME4901arcs_third_party_uses_info 100e0620 f   c30_CusakisME4901arcs.obj
 0001:000df640       _sf_internal_get_sim_state_c30_CusakisME4901arcs 100e0640 f   c30_CusakisME4901arcs.obj
 0001:000df8d0       _sf_internal_set_sim_state_c30_CusakisME4901arcs 100e08d0 f   c30_CusakisME4901arcs.obj
 0001:000dfbe0       _c30_CusakisME4901arcs_method_dispatcher 100e0be0 f   c30_CusakisME4901arcs.obj
 0001:000e0e20       _sf_c31_CusakisME4901arcs_get_eml_resolved_functions_info 100e1e20 f   c31_CusakisME4901arcs.obj
 0001:000e1410       _sf_c31_CusakisME4901arcs_get_check_sum 100e2410 f   c31_CusakisME4901arcs.obj
 0001:000e1470       _sf_c31_CusakisME4901arcs_get_autoinheritance_info 100e2470 f   c31_CusakisME4901arcs.obj
 0001:000e2900       _sf_c31_CusakisME4901arcs_third_party_uses_info 100e3900 f   c31_CusakisME4901arcs.obj
 0001:000e2920       _sf_internal_get_sim_state_c31_CusakisME4901arcs 100e3920 f   c31_CusakisME4901arcs.obj
 0001:000e30a0       _sf_internal_set_sim_state_c31_CusakisME4901arcs 100e40a0 f   c31_CusakisME4901arcs.obj
 0001:000e35e0       _c31_CusakisME4901arcs_method_dispatcher 100e45e0 f   c31_CusakisME4901arcs.obj
 0001:000e6f20       _sf_c32_CusakisME4901arcs_get_eml_resolved_functions_info 100e7f20 f   c32_CusakisME4901arcs.obj
 0001:000e7a20       _sf_c32_CusakisME4901arcs_get_check_sum 100e8a20 f   c32_CusakisME4901arcs.obj
 0001:000e7a80       _sf_c32_CusakisME4901arcs_get_autoinheritance_info 100e8a80 f   c32_CusakisME4901arcs.obj
 0001:000e7da0       _sf_c32_CusakisME4901arcs_third_party_uses_info 100e8da0 f   c32_CusakisME4901arcs.obj
 0001:000e7dc0       _sf_internal_get_sim_state_c32_CusakisME4901arcs 100e8dc0 f   c32_CusakisME4901arcs.obj
 0001:000e8050       _sf_internal_set_sim_state_c32_CusakisME4901arcs 100e9050 f   c32_CusakisME4901arcs.obj
 0001:000e82c0       _c32_CusakisME4901arcs_method_dispatcher 100e92c0 f   c32_CusakisME4901arcs.obj
 0001:000e9dd0       _sf_c33_CusakisME4901arcs_get_eml_resolved_functions_info 100eadd0 f   c33_CusakisME4901arcs.obj
 0001:000ea310       _sf_c33_CusakisME4901arcs_get_check_sum 100eb310 f   c33_CusakisME4901arcs.obj
 0001:000ea370       _sf_c33_CusakisME4901arcs_get_autoinheritance_info 100eb370 f   c33_CusakisME4901arcs.obj
 0001:000ea680       _sf_c33_CusakisME4901arcs_third_party_uses_info 100eb680 f   c33_CusakisME4901arcs.obj
 0001:000ea6a0       _sf_internal_get_sim_state_c33_CusakisME4901arcs 100eb6a0 f   c33_CusakisME4901arcs.obj
 0001:000ea930       _sf_internal_set_sim_state_c33_CusakisME4901arcs 100eb930 f   c33_CusakisME4901arcs.obj
 0001:000eaba0       _c33_CusakisME4901arcs_method_dispatcher 100ebba0 f   c33_CusakisME4901arcs.obj
 0001:000ec230       _sf_c34_CusakisME4901arcs_get_eml_resolved_functions_info 100ed230 f   c34_CusakisME4901arcs.obj
 0001:000ec7d0       _sf_c34_CusakisME4901arcs_get_check_sum 100ed7d0 f   c34_CusakisME4901arcs.obj
 0001:000ec830       _sf_c34_CusakisME4901arcs_get_autoinheritance_info 100ed830 f   c34_CusakisME4901arcs.obj
 0001:000ecf60       _sf_c34_CusakisME4901arcs_third_party_uses_info 100edf60 f   c34_CusakisME4901arcs.obj
 0001:000ecf80       _sf_internal_get_sim_state_c34_CusakisME4901arcs 100edf80 f   c34_CusakisME4901arcs.obj
 0001:000ed350       _sf_internal_set_sim_state_c34_CusakisME4901arcs 100ee350 f   c34_CusakisME4901arcs.obj
 0001:000ed680       _c34_CusakisME4901arcs_method_dispatcher 100ee680 f   c34_CusakisME4901arcs.obj
 0001:000ef590       _sf_c35_CusakisME4901arcs_get_eml_resolved_functions_info 100f0590 f   c35_CusakisME4901arcs.obj
 0001:000f05f0       _sf_c35_CusakisME4901arcs_get_check_sum 100f15f0 f   c35_CusakisME4901arcs.obj
 0001:000f0650       _sf_c35_CusakisME4901arcs_get_autoinheritance_info 100f1650 f   c35_CusakisME4901arcs.obj
 0001:000f1440       _sf_c35_CusakisME4901arcs_third_party_uses_info 100f2440 f   c35_CusakisME4901arcs.obj
 0001:000f1460       _sf_internal_get_sim_state_c35_CusakisME4901arcs 100f2460 f   c35_CusakisME4901arcs.obj
 0001:000f19b0       _sf_internal_set_sim_state_c35_CusakisME4901arcs 100f29b0 f   c35_CusakisME4901arcs.obj
 0001:000f1f20       _c35_CusakisME4901arcs_method_dispatcher 100f2f20 f   c35_CusakisME4901arcs.obj
 0001:000f7ac0       _sf_process_check_sum_call 100f8ac0 f   CusakisME4901arcs_sfun_registry.obj
 0001:000f7af0       _sf_process_autoinheritance_call 100f8af0 f   CusakisME4901arcs_sfun_registry.obj
 0001:000f7c30       _sf_process_get_third_party_uses_info_call 100f8c30 f   CusakisME4901arcs_sfun_registry.obj
 0001:000f7d70       _sf_process_get_eml_resolved_functions_info_call 100f8d70 f   CusakisME4901arcs_sfun_registry.obj
 0001:000f7e90       _sf_mex_unlock_call        100f8e90 f   CusakisME4901arcs_sfun_registry.obj
 0001:000f7f20       _sf_machine_global_initializer_called 100f8f20 f   CusakisME4901arcs_sfun_registry.obj
 0001:000f7f40       _sf_machine_global_method_dispatcher 100f8f40 f   CusakisME4901arcs_sfun_registry.obj
 0001:000f7f80       _sf_machine_global_terminator 100f8f80 f   CusakisME4901arcs_sfun_registry.obj
 0001:000f7fc0       _sf_register_machine_exported_symbols 100f8fc0 f   CusakisME4901arcs_sfun_registry.obj
 0001:000f7fe0       _callCustomFcn             100f8fe0 f   CusakisME4901arcs_sfun_registry.obj
 0001:000f7ff0       _sf_machine_global_initializer 100f8ff0 f   CusakisME4901arcs_sfun_registry.obj
 0001:000f8060       __ssSetStateAbsTol         100f9060 f   CusakisME4901arcs_sfun_registry.obj
 0001:000f8100       __ssGetAbsTol              100f9100 f   CusakisME4901arcs_sfun_registry.obj
 0001:000f8150       __ssSetInputPortMatrixDimensions 100f9150 f   CusakisME4901arcs_sfun_registry.obj
 0001:000f8200       __ssSetOutputPortMatrixDimensions 100f9200 f   CusakisME4901arcs_sfun_registry.obj
 0001:000f82b0       __ssSetInputPortVectorDimension 100f92b0 f   CusakisME4901arcs_sfun_registry.obj
 0001:000f8330       __ssSetOutputPortVectorDimension 100f9330 f   CusakisME4901arcs_sfun_registry.obj
 0001:000f83b0       _ssIsRunTimeParamTunable   100f93b0 f   CusakisME4901arcs_sfun_registry.obj
 0001:000f8410       _ssGetSFuncBlockHandle     100f9410 f   CusakisME4901arcs_sfun_registry.obj
 0001:000f8460       __ssGetCurrentInputPortWidth 100f9460 f   CusakisME4901arcs_sfun_registry.obj
 0001:000f8530       __ssGetCurrentOutputPortWidth 100f9530 f   CusakisME4901arcs_sfun_registry.obj
 0001:000f8600       __ssGetCallSystemNumFcnCallDestinations 100f9600 f   CusakisME4901arcs_sfun_registry.obj
 0001:000f8660       _ssWarning                 100f9660 f   CusakisME4901arcs_sfun_registry.obj
 0001:000f8740       _ssGetIsZeroCrossControlDisabled 100f9740 f   CusakisME4901arcs_sfun_registry.obj
 0001:000f87a0       _ssSetIsInputPortUsedForContZcSignal 100f97a0 f   CusakisME4901arcs_sfun_registry.obj
 0001:000f87f0       _ssSetZcSignalIsZcElementDisc 100f97f0 f   CusakisME4901arcs_sfun_registry.obj
 0001:000f8870       _ssSetZcSignalName         100f9870 f   CusakisME4901arcs_sfun_registry.obj
 0001:000f88c0       _ssSetZcSignalWidth        100f98c0 f   CusakisME4901arcs_sfun_registry.obj
 0001:000f8910       _ssSetZcSignalZcEventType  100f9910 f   CusakisME4901arcs_sfun_registry.obj
 0001:000f8960       _ssSetZcSignalType         100f9960 f   CusakisME4901arcs_sfun_registry.obj
 0001:000f89b0       _ssSetZcSignalZcTol        100f99b0 f   CusakisME4901arcs_sfun_registry.obj
 0001:000f8a00       _ssSetZcSignalNeedsEventNotification 100f9a00 f   CusakisME4901arcs_sfun_registry.obj
 0001:000f8a50       _ssCreateAndAddZcSignalInfo 100f9a50 f   CusakisME4901arcs_sfun_registry.obj
 0001:000f8ab0       _ssCloneAndAddZcSignalInfo 100f9ab0 f   CusakisME4901arcs_sfun_registry.obj
 0001:000f8b10       _ssGetNumZcSignals         100f9b10 f   CusakisME4901arcs_sfun_registry.obj
 0001:000f8b70       _ssGetZcSignalVector       100f9b70 f   CusakisME4901arcs_sfun_registry.obj
 0001:000f8bd0       _ssGetZcSignalZcEvents     100f9bd0 f   CusakisME4901arcs_sfun_registry.obj
 0001:000f8c30       _ssGetZcSignalName         100f9c30 f   CusakisME4901arcs_sfun_registry.obj
 0001:000f8c90       _ssGetZcSignalWidth        100f9c90 f   CusakisME4901arcs_sfun_registry.obj
 0001:000f8cf0       _ssGetZcSignalZcEventType  100f9cf0 f   CusakisME4901arcs_sfun_registry.obj
 0001:000f8d50       _ssGetZcSignalType         100f9d50 f   CusakisME4901arcs_sfun_registry.obj
 0001:000f8db0       _ssGetZcSignalZcTol        100f9db0 f   CusakisME4901arcs_sfun_registry.obj
 0001:000f8e10       _ssGetZcSignalNeedsEventNotification 100f9e10 f   CusakisME4901arcs_sfun_registry.obj
 0001:000f8e70       _ssGetZcSignalIsZcElementDisc 100f9e70 f   CusakisME4901arcs_sfun_registry.obj
 0001:000f8ef0       _ssGetIsInputPortElementContinuous 100f9ef0 f   CusakisME4901arcs_sfun_registry.obj
 0001:000f8f70       __ssGetInputPortSignalPtrsFcn 100f9f70 f   CusakisME4901arcs_sfun_registry.obj
 0001:000f9170       __ssGetInputPortSignalFcn  100fa170 f   CusakisME4901arcs_sfun_registry.obj
 0001:000f9300       __ssSetInputPortDirectFeedThroughFcn 100fa300 f   CusakisME4901arcs_sfun_registry.obj
 0001:000f9430       __ssSetInputPortReusableFcn 100fa430 f   CusakisME4901arcs_sfun_registry.obj
 0001:000f94c0       __ssSetOutputPortReusableFcn 100fa4c0 f   CusakisME4901arcs_sfun_registry.obj
 0001:000f9550       _ssGetDTypeIdFromMxArray   100fa550 f   CusakisME4901arcs_sfun_registry.obj
 0001:000f9640       _ssWriteRTWStr             100fa640 f   CusakisME4901arcs_sfun_registry.obj
 0001:000f9680       _ssWriteRTWMxVectParam     100fa680 f   CusakisME4901arcs_sfun_registry.obj
 0001:000f96c0       _ssWriteRTWMx2dMatParam    100fa6c0 f   CusakisME4901arcs_sfun_registry.obj
 0001:000f9700       _ssWriteRTWNameValuePair   100fa700 f   CusakisME4901arcs_sfun_registry.obj
 0001:000f9a70       _ssWriteRTWParameters      100faa70 f   CusakisME4901arcs_sfun_registry.obj
 0001:000f9e10       _ssWriteRTWParamSettings   100fae10 f   CusakisME4901arcs_sfun_registry.obj
 0001:000fa2c0       _ssWriteRTWWorkVect        100fb2c0 f   CusakisME4901arcs_sfun_registry.obj
 0001:000fa650       _mexFunction               100fb650 f   CusakisME4901arcs_sfun_registry.obj
 0001:000fbdd0       _ProcessMexSfunctionEveryCall 100fcdd0 f   CusakisME4901arcs_sfun_registry.obj
 0001:000fbee0       _CusakisME4901arcs_initializer 100fcee0 f   CusakisME4901arcs_sfun.obj
 0001:000fbef0       _CusakisME4901arcs_terminator 100fcef0 f   CusakisME4901arcs_sfun.obj
 0001:000fbf00       _sf_CusakisME4901arcs_method_dispatcher 100fcf00 f   CusakisME4901arcs_sfun.obj
 0001:000fc3f0       _sf_CusakisME4901arcs_process_check_sum_call 100fd3f0 f   CusakisME4901arcs_sfun.obj
 0001:000fca70       _sf_CusakisME4901arcs_autoinheritance_info 100fda70 f   CusakisME4901arcs_sfun.obj
 0001:000fd420       _sf_CusakisME4901arcs_get_eml_resolved_functions_info 100fe420 f   CusakisME4901arcs_sfun.obj
 0001:000fdc30       _sf_CusakisME4901arcs_third_party_uses_info 100fec30 f   CusakisME4901arcs_sfun.obj
 0001:000fe330       _CusakisME4901arcs_debug_initialize 100ff330 f   CusakisME4901arcs_sfun.obj
 0001:000fe390       _CusakisME4901arcs_register_exported_symbols 100ff390 f   CusakisME4901arcs_sfun.obj
 0001:000fe3a0       _load_CusakisME4901arcs_optimization_info 100ff3a0 f   CusakisME4901arcs_sfun.obj
 0001:000fe3e0       _unload_CusakisME4901arcs_optimization_info 100ff3e0 f   CusakisME4901arcs_sfun.obj
 0001:000fe4b0       _sf_mex_mx_is_numeric      100ff4b0 f   sfc_mexmsvc80:sfc_mex.obj
 0001:000fe4f0       _strcmp_ignore_ws          100ff4f0 f   sfc_mexmsvc80:sfc_mex.obj
 0001:000fe610       _sf_mex_duplicatearraysafe 100ff610 f   sfc_mexmsvc80:sfc_mex.obj
 0001:000fe7f0       _sf_set_error_debugger_context_message_fcn 100ff7f0 f   sfc_mexmsvc80:sfc_mex.obj
 0001:000fe810       _sf_set_debugger_matlab_error_fcn 100ff810 f   sfc_mexmsvc80:sfc_mex.obj
 0001:000fe840       _sf_set_error_prefix_string 100ff840 f   sfc_mexmsvc80:sfc_mex.obj
 0001:000fe870       _sf_get_error_prefix_string 100ff870 f   sfc_mexmsvc80:sfc_mex.obj
 0001:000fe880       _sf_mex_enter_parallel_region 100ff880 f   sfc_mexmsvc80:sfc_mex.obj
 0001:000fe890       _sf_mex_exit_parallel_region 100ff890 f   sfc_mexmsvc80:sfc_mex.obj
 0001:000fe8a0       _sf_get_current_jmp_buf_ptr 100ff8a0 f   sfc_mexmsvc80:sfc_mex.obj
 0001:000fe8b0       _sf_set_current_jmp_buf_ptr 100ff8b0 f   sfc_mexmsvc80:sfc_mex.obj
 0001:000fe8c0       _sf_mex_set_halt_simulation 100ff8c0 f   sfc_mexmsvc80:sfc_mex.obj
 0001:000fe8d0       _sf_mex_get_halt_simulation 100ff8d0 f   sfc_mexmsvc80:sfc_mex.obj
 0001:000fe8e0       _sf_mex_clear_error_message 100ff8e0 f   sfc_mexmsvc80:sfc_mex.obj
 0001:000fe900       _sf_mex_get_error_message_for_read 100ff900 f   sfc_mexmsvc80:sfc_mex.obj
 0001:000fe910       _sf_mex_get_error_message_buffer_length 100ff910 f   sfc_mexmsvc80:sfc_mex.obj
 0001:000fe9e0       _sf_mex_warning_message    100ff9e0 f   sfc_mexmsvc80:sfc_mex.obj
 0001:000fea30       _sf_mex_v_errbuf_createf   100ffa30 f   sfc_mexmsvc80:sfc_mex.obj
 0001:000fea50       _sf_mex_errbuf_createf     100ffa50 f   sfc_mexmsvc80:sfc_mex.obj
 0001:000fea70       _sf_mex_v_errbuf_catf      100ffa70 f   sfc_mexmsvc80:sfc_mex.obj
 0001:000feab0       _sf_mex_errbuf_catf        100ffab0 f   sfc_mexmsvc80:sfc_mex.obj
 0001:000feaf0       _sf_mex_errbuf_copy        100ffaf0 f   sfc_mexmsvc80:sfc_mex.obj
 0001:000feb10       _sf_mex_errbuf_clear       100ffb10 f   sfc_mexmsvc80:sfc_mex.obj
 0001:000feb20       _sf_mex_errbuf_isempty     100ffb20 f   sfc_mexmsvc80:sfc_mex.obj
 0001:000febb0       _sf_mex_set_error_status   100ffbb0 f   sfc_mexmsvc80:sfc_mex.obj
 0001:000febe0       _sf_mex_error_direct_call  100ffbe0 f   sfc_mexmsvc80:sfc_mex.obj
 0001:000fec00       _sf_mex_error_message_no_long_jump 100ffc00 f   sfc_mexmsvc80:sfc_mex.obj
 0001:000fec30       _sf_mex_long_jump_on_error 100ffc30 f   sfc_mexmsvc80:sfc_mex.obj
 0001:000fec60       _sf_mex_call_matlab        100ffc60 f   sfc_mexmsvc80:sfc_mex.obj
 0001:000fed30       _sf_mex_check_builtin      100ffd30 f   sfc_mexmsvc80:sfc_mex.obj
 0001:000fed90       _sf_mex_check_builtin_vs   100ffd90 f   sfc_mexmsvc80:sfc_mex.obj
 0001:000fedf0       _sf_mex_check_enum         100ffdf0 f   sfc_mexmsvc80:sfc_mex.obj
 0001:000fee40       _sf_mex_create_enum        100ffe40 f   sfc_mexmsvc80:sfc_mex.obj
 0001:000fee90       _sf_mex_get_enum_element   100ffe90 f   sfc_mexmsvc80:sfc_mex.obj
 0001:000feea0       _sf_mex_createcellarray    100ffea0 f   sfc_mexmsvc80:sfc_mex.obj
 0001:000feec0       _sf_mex_setcell            100ffec0 f   sfc_mexmsvc80:sfc_mex.obj
 0001:000feed0       _sf_mex_getcell            100ffed0 f   sfc_mexmsvc80:sfc_mex.obj
 0001:000feee0       _sf_mex_dup                100ffee0 f   sfc_mexmsvc80:sfc_mex.obj
 0001:000fef10       _sf_mex_assign             100fff10 f   sfc_mexmsvc80:sfc_mex.obj
 0001:000fef60       _sf_mex_destroy            100fff60 f   sfc_mexmsvc80:sfc_mex.obj
 0001:000fef80       _mx_array_has_fi_type      100fff80 f   sfc_mexmsvc80:sfc_mex.obj
 0001:000fefc0       _sf_mex_convert_from_fi    100fffc0 f   sfc_mexmsvc80:sfc_mex.obj
 0001:000ff0a0       _sf_mex_convert_to_double  101000a0 f   sfc_mexmsvc80:sfc_mex.obj
 0001:000ff0e0       _sf_mex_import_fi_vs       101000e0 f   sfc_mexmsvc80:sfc_mex.obj
 0001:000ff240       _sf_matrix_matrix_index_ok 10100240 f   sfc_mexmsvc80:sfc_mex.obj
 0001:000ff2b0       _sf_vector_vector_index_ok 101002b0 f   sfc_mexmsvc80:sfc_mex.obj
 0001:000ff2e0       _ssGetCurrentInputPortDimensions_wrapper 101002e0 f   sfc_mexmsvc80:sfc_mex.obj
 0001:000ff300       _ssGetCurrentOutputPortDimensions_wrapper 10100300 f   sfc_mexmsvc80:sfc_mex.obj
 0001:000ff320       _sf_mex_emlrt_context_is_debug_mode 10100320 f   sfc_mexmsvc80:sfc_mex.obj
 0001:000ff330       _sf_mex_emlrt_context_set_debug_mode 10100330 f   sfc_mexmsvc80:sfc_mex.obj
 0001:000ff340       _sf_mex_emlrtNameCapturePostProcessR2012a 10100340 f   sfc_mexmsvc80:sfc_mex.obj
 0001:000ff3a0       _sf_clear_error_manager_info 101003a0 f   sfc_mexmsvc80:sfc_mex.obj
 0001:000ff3f0       _sf_mex_stop_simulation_abruptly_wo_error 101003f0 f   sfc_mexmsvc80:sfc_mex.obj
 0001:000ff420       _sf_mex_error_message      10100420 f   sfc_mexmsvc80:sfc_mex.obj
 0001:000ff470       _sf_react_to_error_in_matlab_call 10100470 f   sfc_mexmsvc80:sfc_mex.obj
 0001:000ff4a0       _sf_mex_addfield           101004a0 f   sfc_mexmsvc80:sfc_mex.obj
 0001:000ff520       _sf_mex_getfield           10100520 f   sfc_mexmsvc80:sfc_mex.obj
 0001:000ff7a0       _sf_mex_check_class        101007a0 f   sfc_mexmsvc80:sfc_mex.obj
 0001:000ff820       _sf_mex_is_real            10100820 f   sfc_mexmsvc80:sfc_mex.obj
 0001:000ffa30       _sf_mex_decode_encoded_mx_struct_array 10100a30 f   sfc_mexmsvc80:sfc_mex.obj
 0001:000ffbd0       _sf_mex_lw_bounds_check    10100bd0 f   sfc_mexmsvc80:sfc_mex.obj
 0001:000ffc00       _sf_mex_lw_size_eq_check_1d 10100c00 f   sfc_mexmsvc80:sfc_mex.obj
 0001:000ffc20       _sf_mex_lw_size_eq_check_nd 10100c20 f   sfc_mexmsvc80:sfc_mex.obj
 0001:000ffd00       _sf_mex_lw_dim_size_eq_check 10100d00 f   sfc_mexmsvc80:sfc_mex.obj
 0001:000ffd30       _sf_mex_lw_dim_size_geq_check 10100d30 f   sfc_mexmsvc80:sfc_mex.obj
 0001:000ffd60       _sf_mex_lw_sub_assign_size_check_nd 10100d60 f   sfc_mexmsvc80:sfc_mex.obj
 0001:000ffe90       _sf_mex_lw_runtime_error_msgid 10100e90 f   sfc_mexmsvc80:sfc_mex.obj
 0001:000fff40       _sf_mex_lw_matrix_matrix_index_check 10100f40 f   sfc_mexmsvc80:sfc_mex.obj
 0001:000fff70       _sf_mex_lw_vector_vector_index_check 10100f70 f   sfc_mexmsvc80:sfc_mex.obj
 0001:000fffb0       _sf_mex_lw_for_loop_vector_check 10100fb0 f   sfc_mexmsvc80:sfc_mex.obj
 0001:00100010       _sf_mex_lw_non_negative_check 10101010 f   sfc_mexmsvc80:sfc_mex.obj
 0001:00100040       _sf_mex_overflow_error     10101040 f   sfc_mexmsvc80:sfc_mex.obj
 0001:00100050       _sf_mex_dividebyzero_error 10101050 f   sfc_mexmsvc80:sfc_mex.obj
 0001:00100060       _sf_mex_unsafe_enum_error  10101060 f   sfc_mexmsvc80:sfc_mex.obj
 0001:00100070       _sf_emlrtErrHandler        10101070 f   sfc_mexmsvc80:sfc_mex.obj
 0001:00100130       _sf_mex_size_one_check     10101130 f   sfc_mexmsvc80:sfc_mex.obj
 0001:00100150       _sf_mex_printf             10101150 f   sfc_mexmsvc80:sfc_mex.obj
 0001:00100230       _sf_mex_check_size         10101230 f   sfc_mexmsvc80:sfc_mex.obj
 0001:001004b0       _sf_mex_check_struct       101014b0 f   sfc_mexmsvc80:sfc_mex.obj
 0001:00100700       _sf_mex_check_struct_vs    10101700 f   sfc_mexmsvc80:sfc_mex.obj
 0001:00100740       _sf_mex_check_fi           10101740 f   sfc_mexmsvc80:sfc_mex.obj
 0001:00100810       _sf_mex_check_fi_vs        10101810 f   sfc_mexmsvc80:sfc_mex.obj
 0001:00100860       _sf_echo_expression        10101860 f   sfc_mexmsvc80:sfc_mex.obj
 0001:001008b0       _sf_assertion_failed       101018b0 f   sfc_mexmsvc80:sfc_mex.obj
 0001:00100b40       _sf_mex_evalin             10101b40 f   sfc_mexmsvc80:sfc_mex.obj
 0001:00100da0       _sf_mex_export             10101da0 f   sfc_mexmsvc80:sfc_mex.obj
 0001:00100e50       _sf_mex_get_ml_var_no_error 10101e50 f   sfc_mexmsvc80:sfc_mex.obj
 0001:00100fb0       _sf_mex_get_ml_var         10101fb0 f   sfc_mexmsvc80:sfc_mex.obj
 0001:00101480       _ml_set_element_value_in_array 10102480 f   sfc_mexmsvc80:sfc_mex.obj
 0001:001025b0       _sf_mex_call_impl          101035b0 f   sfc_mexmsvc80:sfc_mex.obj
 0001:00102950       _sf_mex_call_debug         10103950 f   sfc_mexmsvc80:sfc_mex.obj
 0001:00102970       _sf_mex_call               10103970 f   sfc_mexmsvc80:sfc_mex.obj
 0001:00103080       _sf_mex_createstruct       10104080 f   sfc_mexmsvc80:sfc_mex.obj
 0001:00103120       _sf_mex_createstructarray  10104120 f   sfc_mexmsvc80:sfc_mex.obj
 0001:00103180       _sf_mex_get_mx_datatype_from_sf_datatype 10104180 f   sfc_mexmsvc80:sfc_mex.obj
 0001:00103410       _sf_mex_ml_var_sub         10104410 f   sfc_mexmsvc80:sfc_mex.obj
 0001:00103580       _sf_mex_ml_var_subsasgn    10104580 f   sfc_mexmsvc80:sfc_mex.obj
 0001:00103890       _sf_mex_sub                10104890 f   sfc_mexmsvc80:sfc_mex.obj
 0001:00103a30       _sf_mex_subsasgn           10104a30 f   sfc_mexmsvc80:sfc_mex.obj
 0001:00103e20       _sf_mex_create             10104e20 f   sfc_mexmsvc80:sfc_mex.obj
 0001:00104710       _sf_mex_import_named       10105710 f   sfc_mexmsvc80:sfc_mex.obj
 0001:00104760       _sf_mex_import             10105760 f   sfc_mexmsvc80:sfc_mex.obj
 0001:001047a0       _sf_mex_import_vs          101057a0 f   sfc_mexmsvc80:sfc_mex.obj
 0001:00104830       _sf_mex_lower_fixpt_mx_array 10105830 f   sfc_mexmsvc80:sfc_mex.obj
 0001:00104a00       _sf_send_message_wrapper   10105a00 f   sfc_mexmsvc80:sfc_sf.obj
 0001:00104a30       _sf_receive_message_wrapper 10105a30 f   sfc_mexmsvc80:sfc_sf.obj
 0001:00104a70       _sf_check_out_message_wrapper 10105a70 f   sfc_mexmsvc80:sfc_sf.obj
 0001:00104ab0       _sf_check_in_message_wrapper 10105ab0 f   sfc_mexmsvc80:sfc_sf.obj
 0001:00104af0       _sf_no_message_wrapper     10105af0 f   sfc_mexmsvc80:sfc_sf.obj
 0001:00104d60       _sim_mode_is_rtw_gen       10105d60 f   sfc_mexmsvc80:sfc_sf.obj
 0001:00104da0       _sim_mode_is_external      10105da0 f   sfc_mexmsvc80:sfc_sf.obj
 0001:00104dc0       _sim_mode_is_modelref_sim  10105dc0 f   sfc_mexmsvc80:sfc_sf.obj
 0001:00104df0       _mdlInitializeSizes        10105df0 f   sfc_mexmsvc80:sfc_sf.obj
 0001:00104e10       _mdlInitializeSampleTimes  10105e10 f   sfc_mexmsvc80:sfc_sf.obj
 0001:00104e50       _mdlZeroCrossings          10105e50 f   sfc_mexmsvc80:sfc_sf.obj
 0001:00104f00       _mdlDerivatives            10105f00 f   sfc_mexmsvc80:sfc_sf.obj
 0001:00104fa0       _mdl_initialize_conditions_processing 10105fa0 f   sfc_mexmsvc80:sfc_sf.obj
 0001:00104fd0       _mdlInitializeConditions   10105fd0 f   sfc_mexmsvc80:sfc_sf.obj
 0001:00105070       _mdlGetSimState            10106070 f   sfc_mexmsvc80:sfc_sf.obj
 0001:00105090       _mdlSetSimState            10106090 f   sfc_mexmsvc80:sfc_sf.obj
 0001:001050b0       _mdl_ext_mode_exec_processing 101060b0 f   sfc_mexmsvc80:sfc_sf.obj
 0001:001050d0       _mdlExtModeExec            101060d0 f   sfc_mexmsvc80:sfc_sf.obj
 0001:00105260       _mdlTerminate              10106260 f   sfc_mexmsvc80:sfc_sf.obj
 0001:001052c0       _mdlRTW                    101062c0 f   sfc_mexmsvc80:sfc_sf.obj
 0001:001052f0       _mdlSetWorkWidths          101062f0 f   sfc_mexmsvc80:sfc_sf.obj
 0001:00105310       _mdlProcessParameters      10106310 f   sfc_mexmsvc80:sfc_sf.obj
 0001:00105330       _mdl_start_processing      10106330 f   sfc_mexmsvc80:sfc_sf.obj
 0001:00105380       _mdlStart                  10106380 f   sfc_mexmsvc80:sfc_sf.obj
 0001:00105430       _mdlEnable                 10106430 f   sfc_mexmsvc80:sfc_sf.obj
 0001:001054e0       _mdlDisable                101064e0 f   sfc_mexmsvc80:sfc_sf.obj
 0001:00105570       _sf_get_chart_instance_ptr 10106570 f   sfc_mexmsvc80:sfc_sf.obj
 0001:00105590       _sf_load_rtw_optimization_info 10106590 f   sfc_mexmsvc80:sfc_sf.obj
 0001:00105630       _sf_update_buildInfo       10106630 f   sfc_mexmsvc80:sfc_sf.obj
 0001:001056f0       _sf_rtw_info_uint_prop     101066f0 f   sfc_mexmsvc80:sfc_sf.obj
 0001:00105810       _sf_is_chart_inlinable     10106810 f   sfc_mexmsvc80:sfc_sf.obj
 0001:00105840       _sf_mark_output_events_with_multiple_callers 10106840 f   sfc_mexmsvc80:sfc_sf.obj
 0001:001059a0       _sf_mark_chart_reusable_outputs 101069a0 f   sfc_mexmsvc80:sfc_sf.obj
 0001:00105b00       _sf_mark_chart_expressionable_inputs 10106b00 f   sfc_mexmsvc80:sfc_sf.obj
 0001:00105c60       _sf_get_subchart_simstruct 10106c60 f   sfc_mexmsvc80:sfc_sf.obj
 0001:00105ca0       _sf_get_fixpt_data_type_id 10106ca0 f   sfc_mexmsvc80:sfc_sf.obj
 0001:00105ce0       _sf_get_enum_data_type_id  10106ce0 f   sfc_mexmsvc80:sfc_sf.obj
 0001:00105d20       _sf_get_param_data_type_id 10106d20 f   sfc_mexmsvc80:sfc_sf.obj
 0001:00105d50       _sf_mex_listen_for_ctrl_c_force 10106d50 f   sfc_mexmsvc80:sfc_sf.obj
 0001:00105e50       _sf_mex_draw_now           10106e50 f   sfc_mexmsvc80:sfc_sf.obj
 0001:00105e90       _sf_mex_set_debugger_sim_status_listener_fcn 10106e90 f   sfc_mexmsvc80:sfc_sf.obj
 0001:00105ea0       _sf_mex_listen_for_ctrl_c  10106ea0 f   sfc_mexmsvc80:sfc_sf.obj
 0001:00105f30       _sf_mex_get_sfun_param     10106f30 f   sfc_mexmsvc80:sfc_sf.obj
 0001:00105f80       _sf_get_runtime_param_data 10106f80 f   sfc_mexmsvc80:sfc_sf.obj
 0001:00105fc0       _sf_call_output_fcn_call   10106fc0 f   sfc_mexmsvc80:sfc_sf.obj
 0001:001060e0       _sf_call_output_fcn_enable 101070e0 f   sfc_mexmsvc80:sfc_sf.obj
 0001:00106160       _sf_call_output_fcn_disable 10107160 f   sfc_mexmsvc80:sfc_sf.obj
 0001:001061e0       _sf_clear_rtw_identifier   101071e0 f   sfc_mexmsvc80:sfc_sf.obj
 0001:00106ad0       _sf_set_encoded_dwork_info 10107ad0 f   sfc_mexmsvc80:sfc_sf.obj
 0001:00106b10       _sf_get_dwork_info_from_mat_file 10107b10 f   sfc_mexmsvc80:sfc_sf.obj
 0001:00106c60       _sf_set_rtw_dwork_info     10107c60 f   sfc_mexmsvc80:sfc_sf.obj
 0001:00106d90       _mdlOutputs                10107d90 f   sfc_mexmsvc80:sfc_sf.obj
 0001:00106e30       _sf_debug_chart_instance_initialized_quick 10107e30 f   sfc_debugmsvc80:sfcdebug.obj
 0001:00106eb0       _sf_debug_disp             10107eb0 f   sfc_debugmsvc80:sfcdebug.obj
 0001:001070b0       _sf_debug_data_runtime_size_mismatch_error_check 101080b0 f   sfc_debugmsvc80:sfcdebug.obj
 0001:00107100       _sf_debug_try_loading_machine 10108100 f   sfc_debugmsvc80:sfcdebug.obj
 0001:001071e0       _sf_debug_reset_current_state_configuration 101081e0 f   sfc_debugmsvc80:sfcdebug.obj
 0001:00107220       _sf_debug_store_current_state_configuration 10108220 f   sfc_debugmsvc80:sfcdebug.obj
 0001:00107260       _sf_debug_restore_previous_state_configuration 10108260 f   sfc_debugmsvc80:sfcdebug.obj
 0001:001072a0       _sf_debug_restore_previous_state_configuration2 101082a0 f   sfc_debugmsvc80:sfcdebug.obj
 0001:001072e0       _sf_debug_get_event_scope  101082e0 f   sfc_debugmsvc80:sfcdebug.obj
 0001:00107400       _use_debugger_step_animation 10108400 f   sfc_debugmsvc80:sfcdebug.obj
 0001:00107430       _sf_debug_get_script_id    10108430 f   sfc_debugmsvc80:sfcdebug.obj
 0001:001074c0       _sf_debug_set_script_translation 101084c0 f   sfc_debugmsvc80:sfcdebug.obj
 0001:001075f0       _sf_debug_extract_message_post_receive_info 101085f0 f   sfc_debugmsvc80:sfcdebug.obj
 0001:001076b0       _sf_debug_get_current_machine_id 101086b0 f   sfc_debugmsvc80:sfcdebug.obj
 0001:001076d0       _sf_debug_get_current_optional_integer 101086d0 f   sfc_debugmsvc80:sfcdebug.obj
 0001:001076e0       _sf_debug_get_current_machine_number 101086e0 f   sfc_debugmsvc80:sfcdebug.obj
 0001:00107700       _sf_debug_get_current_machine_name 10108700 f   sfc_debugmsvc80:sfcdebug.obj
 0001:00107720       _sf_debug_get_current_chart_id 10108720 f   sfc_debugmsvc80:sfcdebug.obj
 0001:00107760       _sf_debug_get_current_chart_number 10108760 f   sfc_debugmsvc80:sfcdebug.obj
 0001:00107770       _sf_debug_get_current_instance_number 10108770 f   sfc_debugmsvc80:sfcdebug.obj
 0001:00107780       _sf_debug_get_current_is_minor_time_step 10108780 f   sfc_debugmsvc80:sfcdebug.obj
 0001:00107800       _sf_debug_get_current_object_type 10108800 f   sfc_debugmsvc80:sfcdebug.obj
 0001:00107810       _sf_debug_get_current_instance_handle 10108810 f   sfc_debugmsvc80:sfcdebug.obj
 0001:00107870       _sf_debug_get_current_event_type 10108870 f   sfc_debugmsvc80:sfcdebug.obj
 0001:00107880       _sf_debug_get_current_object_id 10108880 f   sfc_debugmsvc80:sfcdebug.obj
 0001:001078b0       _sf_debug_get_current_active_event_type 101088b0 f   sfc_debugmsvc80:sfcdebug.obj
 0001:001078c0       _sf_debug_get_current_active_event_id 101088c0 f   sfc_debugmsvc80:sfcdebug.obj
 0001:001078f0       _sf_debug_get_current_tag_type 101088f0 f   sfc_debugmsvc80:sfcdebug.obj
 0001:00107900       _sf_debug_get_current_simulation_time 10108900 f   sfc_debugmsvc80:sfcdebug.obj
 0001:00107910       _sf_debug_get_current_coverage_percentage 10108910 f   sfc_debugmsvc80:sfcdebug.obj
 0001:00107920       _sf_debug_current_statement_context 10108920 f   sfc_debugmsvc80:sfcdebug.obj
 0001:001079b0       _sf_debug_get_current_statement_info 101089b0 f   sfc_debugmsvc80:sfcdebug.obj
 0001:00107b00       _sf_debug_terminate_instance 10108b00 f   sfc_debugmsvc80:sfcdebug.obj
 0001:00107db0       _sf_debug_assertion_failed 10108db0 f   sfc_debugmsvc80:sfcdebug.obj
 0001:00107f80       _sf_debug_create_debug_instance_struct 10108f80 f   sfc_debugmsvc80:sfcdebug.obj
 0001:00107fc0       _sf_debug_set_number_of_data_with_change_event_for_machine 10108fc0 f   sfc_debugmsvc80:sfcdebug.obj
 0001:00108010       _sf_debug_set_machine_event_thresholds 10109010 f   sfc_debugmsvc80:sfcdebug.obj
 0001:00108040       _sf_debug_set_machine_event_scope 10109040 f   sfc_debugmsvc80:sfcdebug.obj
 0001:00108090       _sf_debug_set_machine_data_thresholds 10109090 f   sfc_debugmsvc80:sfcdebug.obj
 0001:001080e0       _sf_debug_set_machine_data_scope 101090e0 f   sfc_debugmsvc80:sfcdebug.obj
 0001:00108170       _sf_debug_set_machine_data_name 10109170 f   sfc_debugmsvc80:sfcdebug.obj
 0001:001081c0       _sf_debug_set_machine_data_size 101091c0 f   sfc_debugmsvc80:sfcdebug.obj
 0001:001082c0       _sf_debug_set_machine_data_type 101092c0 f   sfc_debugmsvc80:sfcdebug.obj
 0001:001083f0       _sf_debug_get_chart_data_number 101093f0 f   sfc_debugmsvc80:sfcdebug.obj
 0001:00108420       _sf_debug_get_chart_event_number 10109420 f   sfc_debugmsvc80:sfcdebug.obj
 0001:00108450       _sf_debug_set_chart_state_info 10109450 f   sfc_debugmsvc80:sfcdebug.obj
 0001:001084d0       _sf_debug_set_chart_decomposition 101094d0 f   sfc_debugmsvc80:sfcdebug.obj
 0001:00108540       _sf_debug_set_chart_substate_count 10109540 f   sfc_debugmsvc80:sfcdebug.obj
 0001:00108610       _sf_debug_set_chart_substate_index 10109610 f   sfc_debugmsvc80:sfcdebug.obj
 0001:00108690       _sf_debug_set_chart_state_substate_count 10109690 f   sfc_debugmsvc80:sfcdebug.obj
 0001:00108780       _sf_debug_set_chart_state_substate_index 10109780 f   sfc_debugmsvc80:sfcdebug.obj
 0001:00108800       _sf_debug_set_number_of_data_with_change_event_for_chart 10109800 f   sfc_debugmsvc80:sfcdebug.obj
 0001:00108880       _sf_debug_set_number_of_states_with_entry_event_for_chart 10109880 f   sfc_debugmsvc80:sfcdebug.obj
 0001:00108900       _sf_debug_set_number_of_states_with_exit_event_for_chart 10109900 f   sfc_debugmsvc80:sfcdebug.obj
 0001:00108980       _sf_debug_set_chart_disable_implicit_casting 10109980 f   sfc_debugmsvc80:sfcdebug.obj
 0001:001089f0       _sf_debug_set_chart_event_thresholds 101099f0 f   sfc_debugmsvc80:sfcdebug.obj
 0001:00108a70       _sf_debug_set_chart_data_compiled_props 10109a70 f   sfc_debugmsvc80:sfcdebug.obj
 0001:00108cf0       _sf_debug_set_chart_data_props 10109cf0 f   sfc_debugmsvc80:sfcdebug.obj
 0001:00108f80       _sf_debug_check_fi_license 10109f80 f   sfc_debugmsvc80:sfcdebug.obj
 0001:00109110       _sf_debug_symbol_scope_push 1010a110 f   sfc_debugmsvc80:sfcdebug.obj
 0001:00109140       _sf_debug_symbol_scope_push_eml 1010a140 f   sfc_debugmsvc80:sfcdebug.obj
 0001:00109180       _sf_debug_symbol_scope_pop 1010a180 f   sfc_debugmsvc80:sfcdebug.obj
 0001:001091c0       _sf_debug_symbol_scope_add_importable 1010a1c0 f   sfc_debugmsvc80:sfcdebug.obj
 0001:00109220       _sf_debug_symbol_scope_add 1010a220 f   sfc_debugmsvc80:sfcdebug.obj
 0001:00109270       _sf_debug_symbol_scope_add_dyn_importable 1010a270 f   sfc_debugmsvc80:sfcdebug.obj
 0001:001092e0       _sf_debug_symbol_scope_add_dyn 1010a2e0 f   sfc_debugmsvc80:sfcdebug.obj
 0001:00109310       _sf_debug_symbol_scope_add_eml_importable 1010a310 f   sfc_debugmsvc80:sfcdebug.obj
 0001:00109340       _sf_debug_symbol_scope_add_eml 1010a340 f   sfc_debugmsvc80:sfcdebug.obj
 0001:00109370       _sf_debug_symbol_scope_add_eml_dyn_importable 1010a370 f   sfc_debugmsvc80:sfcdebug.obj
 0001:001093c0       _sf_debug_symbol_scope_add_eml_dyn 1010a3c0 f   sfc_debugmsvc80:sfcdebug.obj
 0001:00109410       _sf_debug_symbol_switch    1010a410 f   sfc_debugmsvc80:sfcdebug.obj
 0001:00109430       _sf_debug_symbol_scope_add_verbose 1010a430 f   sfc_debugmsvc80:sfcdebug.obj
 0001:001094a0       _sf_debug_set_machine_data_value_ptr 1010a4a0 f   sfc_debugmsvc80:sfcdebug.obj
 0001:001094e0       _sf_debug_set_instance_data_value_ptr 1010a4e0 f   sfc_debugmsvc80:sfcdebug.obj
 0001:00109540       _sf_debug_unset_instance_data_value_ptr 1010a540 f   sfc_debugmsvc80:sfcdebug.obj
 0001:00109590       _sf_debug_set_chart_event_scope 1010a590 f   sfc_debugmsvc80:sfcdebug.obj
 0001:00109610       _sf_debug_set_chart_transition_coverage_maps 1010a610 f   sfc_debugmsvc80:sfcdebug.obj
 0001:001096a0       _sf_debug_set_chart_state_coverage_maps 1010a6a0 f   sfc_debugmsvc80:sfcdebug.obj
 0001:00109720       _sf_debug_set_instance_transition_coverage_weights 1010a720 f   sfc_debugmsvc80:sfcdebug.obj
 0001:00109790       _sf_debug_set_instance_state_coverage_weights 1010a790 f   sfc_debugmsvc80:sfcdebug.obj
 0001:00109990       _sf_debug_unload_machine   1010a990 f   sfc_debugmsvc80:sfcdebug.obj
 0001:001099e0       _sf_debug_load_machine     1010a9e0 f   sfc_debugmsvc80:sfcdebug.obj
 0001:00109a80       _sf_debug_set_active_instance_in_data_dictionary 1010aa80 f   sfc_debugmsvc80:sfcdebug.obj
 0001:00109c00       _sf_debug_set_active_instance 1010ac00 f   sfc_debugmsvc80:sfcdebug.obj
 0001:00109d00       _sf_debug_chart_visiblity_change 1010ad00 f   sfc_debugmsvc80:sfcdebug.obj
 0001:00109da0       _sf_debug_select_chart     1010ada0 f   sfc_debugmsvc80:sfcdebug.obj
 0001:00109e90       _sf_debug_set_instance_cv_ids 1010ae90 f   sfc_debugmsvc80:sfcdebug.obj
 0001:0010a050       _sf_debug_select_charts    1010b050 f   sfc_debugmsvc80:sfcdebug.obj
 0001:0010a1a0       _sf_debug_initialized      1010b1a0 f   sfc_debugmsvc80:sfcdebug.obj
 0001:0010a1c0       _sf_debug_is_uninterruptible 1010b1c0 f   sfc_debugmsvc80:sfcdebug.obj
 0001:0010a200       _sf_debug_initialize_debugger_gui 1010b200 f   sfc_debugmsvc80:sfcdebug.obj
 0001:0010a590       _sf_debug_resume           1010b590 f   sfc_debugmsvc80:sfcdebug.obj
 0001:0010a5c0       _sf_debug_go               1010b5c0 f   sfc_debugmsvc80:sfcdebug.obj
 0001:0010a5e0       _sf_debug_break            1010b5e0 f   sfc_debugmsvc80:sfcdebug.obj
 0001:0010a600       _sf_debug_step_over        1010b600 f   sfc_debugmsvc80:sfcdebug.obj
 0001:0010a620       _sf_debug_step_out         1010b620 f   sfc_debugmsvc80:sfcdebug.obj
 0001:0010a640       _sf_debug_set_disable_all_breakpoints 1010b640 f   sfc_debugmsvc80:sfcdebug.obj
 0001:0010a660       _sf_debug_disable_all_breakpoints_and_go 1010b660 f   sfc_debugmsvc80:sfcdebug.obj
 0001:0010a680       _sf_debug_break_on_chart_entry 1010b680 f   sfc_debugmsvc80:sfcdebug.obj
 0001:0010a6a0       _sf_debug_break_on_event_broadcast 1010b6a0 f   sfc_debugmsvc80:sfcdebug.obj
 0001:0010a6c0       _sf_debug_break_on_state_entry 1010b6c0 f   sfc_debugmsvc80:sfcdebug.obj
 0001:0010a6e0       _sf_debug_break_between_times 1010b6e0 f   sfc_debugmsvc80:sfcdebug.obj
 0001:0010a710       _sf_debug_browse_data      1010b710 f   sfc_debugmsvc80:sfcdebug.obj
 0001:0010a720       _sf_debug_watch_data       1010b720 f   sfc_debugmsvc80:sfcdebug.obj
 0001:0010a750       _sf_debug_assign_data      1010b750 f   sfc_debugmsvc80:sfcdebug.obj
 0001:0010a760       _sf_debug_whos             1010b760 f   sfc_debugmsvc80:sfcdebug.obj
 0001:0010a780       _sf_debug_get_consistency_info 1010b780 f   sfc_debugmsvc80:sfcdebug.obj
 0001:0010a790       _sf_debug_browse_trace     1010b790 f   sfc_debugmsvc80:sfcdebug.obj
 0001:0010a7a0       _sf_debug_set_breakpoints  1010b7a0 f   sfc_debugmsvc80:sfcdebug.obj
 0001:0010a860       _sf_debug_set_eml_breakpoints 1010b860 f   sfc_debugmsvc80:sfcdebug.obj
 0001:0010a970       _sf_debug_set_script_breakpoints 1010b970 f   sfc_debugmsvc80:sfcdebug.obj
 0001:0010a9f0       _sf_debug_add_script_breakpoints 1010b9f0 f   sfc_debugmsvc80:sfcdebug.obj
 0001:0010aa60       _sf_debug_clear_script_breakpoints 1010ba60 f   sfc_debugmsvc80:sfcdebug.obj
 0001:0010aad0       _sf_debug_query_script_breakpoints 1010bad0 f   sfc_debugmsvc80:sfcdebug.obj
 0001:0010ab60       _sf_debug_get_eml_script_id 1010bb60 f   sfc_debugmsvc80:sfcdebug.obj
 0001:0010abb0       _sf_debug_set_watch        1010bbb0 f   sfc_debugmsvc80:sfcdebug.obj
 0001:0010ad40       _sf_debug_get_instance_handle 1010bd40 f   sfc_debugmsvc80:sfcdebug.obj
 0001:0010adc0       _sf_debug_get_active_states 1010bdc0 f   sfc_debugmsvc80:sfcdebug.obj
 0001:0010ade0       _sf_debug_set_honor_breakpoints 1010bde0 f   sfc_debugmsvc80:sfcdebug.obj
 0001:0010ae00       _sf_debug_get_animation    1010be00 f   sfc_debugmsvc80:sfcdebug.obj
 0001:0010ae10       _sf_debug_set_animation    1010be10 f   sfc_debugmsvc80:sfcdebug.obj
 0001:0010ae30       _sf_debug_animate          1010be30 f   sfc_debugmsvc80:sfcdebug.obj
 0001:0010ae60       _sf_debug_cycle_detection_check 1010be60 f   sfc_debugmsvc80:sfcdebug.obj
 0001:0010ae80       _sf_debug_data_range_check 1010be80 f   sfc_debugmsvc80:sfcdebug.obj
 0001:0010aea0       _sf_debug_transition_conflict_check 1010bea0 f   sfc_debugmsvc80:sfcdebug.obj
 0001:0010aec0       _sf_debug_state_consistency_check 1010bec0 f   sfc_debugmsvc80:sfcdebug.obj
 0001:0010aee0       _sf_debug_data_range_check_enabled 1010bee0 f   sfc_debugmsvc80:sfcdebug.obj
 0001:0010af00       _sf_debug_transition_conflict_check_enabled 1010bf00 f   sfc_debugmsvc80:sfcdebug.obj
 0001:0010af20       _sf_debug_transition_conflict_check_begin 1010bf20 f   sfc_debugmsvc80:sfcdebug.obj
 0001:0010af40       _sf_debug_transition_conflict_check_end 1010bf40 f   sfc_debugmsvc80:sfcdebug.obj
 0001:0010af60       _sf_debug_stop_debugging   1010bf60 f   sfc_debugmsvc80:sfcdebug.obj
 0001:0010af90       _sf_debug_is_cycle_detected 1010bf90 f   sfc_debugmsvc80:sfcdebug.obj
 0001:0010afa0       _sf_debug_is_array_bounds_detected 1010bfa0 f   sfc_debugmsvc80:sfcdebug.obj
 0001:0010afb0       _sf_debug_get_state_vectors_data_size 1010bfb0 f   sfc_debugmsvc80:sfcdebug.obj
 0001:0010b000       _sf_debug_get_state_vectors_data 1010c000 f   sfc_debugmsvc80:sfcdebug.obj
 0001:0010b0d0       _sf_debug_set_state_vectors_data 1010c0d0 f   sfc_debugmsvc80:sfcdebug.obj
 0001:0010b300       _sf_debug_get_script_index 1010c300 f   sfc_debugmsvc80:sfcdebug.obj
 0001:0010b430       _sf_debug_add_script       1010c430 f   sfc_debugmsvc80:sfcdebug.obj
 0001:0010b580       _cv_eval_point             1010c580 f   sfc_debugmsvc80:sfcdebug.obj
 0001:0010b650       _cv_eval_testobjective     1010c650 f   sfc_debugmsvc80:sfcdebug.obj
 0001:0010b710       _sf_debug_cv_init_state    1010c710 f   sfc_debugmsvc80:sfcdebug.obj
 0001:0010b7b0       _sf_debug_cv_init_chart    1010c7b0 f   sfc_debugmsvc80:sfcdebug.obj
 0001:0010b830       _sf_debug_cv_init_trans    1010c830 f   sfc_debugmsvc80:sfcdebug.obj
 0001:0010b8c0       _sf_debug_cv_init_saturation 1010c8c0 f   sfc_debugmsvc80:sfcdebug.obj
 0001:0010b960       _sf_debug_cv_init_testobjectives 1010c960 f   sfc_debugmsvc80:sfcdebug.obj
 0001:0010baa0       _cv_eml_init_script        1010caa0 f   sfc_debugmsvc80:sfcdebug.obj
 0001:0010bb30       _cv_eml_init_fcn           1010cb30 f   sfc_debugmsvc80:sfcdebug.obj
 0001:0010bb90       _cv_eml_init_testobjective 1010cb90 f   sfc_debugmsvc80:sfcdebug.obj
 0001:0010bc10       _cv_eml_init_saturation    1010cc10 f   sfc_debugmsvc80:sfcdebug.obj
 0001:0010bc90       _cv_eml_init_if            1010cc90 f   sfc_debugmsvc80:sfcdebug.obj
 0001:0010bd10       _cv_eml_init_for           1010cd10 f   sfc_debugmsvc80:sfcdebug.obj
 0001:0010bd90       _cv_eml_init_while         1010cd90 f   sfc_debugmsvc80:sfcdebug.obj
 0001:0010be10       _cv_eml_init_mcdc          1010ce10 f   sfc_debugmsvc80:sfcdebug.obj
 0001:0010bea0       _cv_eml_init_switch        1010cea0 f   sfc_debugmsvc80:sfcdebug.obj
 0001:0010bf30       _cv_eml_eval               1010cf30 f   sfc_debugmsvc80:sfcdebug.obj
 0001:0010bfc0       _sf_debug_bm_is_a_eml_breakpoint 1010cfc0 f   sfc_debugmsvc80:sfcdebug.obj
 0001:0010c0f0       _sf_debug_temporal_threshold 1010d0f0 f   sfc_debugmsvc80:sfcdebug.obj
 0001:0010c3e0       _sf_debug_transition_conflict_error 1010d3e0 f   sfc_debugmsvc80:sfcdebug.obj
 0001:0010c680       _sf_debug_state_inconsistency_error 1010d680 f   sfc_debugmsvc80:sfcdebug.obj
 0001:0010c780       _sf_debug_check_for_state_inconsistency 1010d780 f   sfc_debugmsvc80:sfcdebug.obj
 0001:0010c7c0       _sf_debug_cycle_detecton_error 1010d7c0 f   sfc_debugmsvc80:sfcdebug.obj
 0001:0010ce00       _sf_debug_size_eq_check_1d 1010de00 f   sfc_debugmsvc80:sfcdebug.obj
 0001:0010ce30       _sf_debug_size_eq_check_nd 1010de30 f   sfc_debugmsvc80:sfcdebug.obj
 0001:0010cf10       _sf_debug_dim_size_eq_check 1010df10 f   sfc_debugmsvc80:sfcdebug.obj
 0001:0010cf40       _sf_debug_dim_size_geq_check 1010df40 f   sfc_debugmsvc80:sfcdebug.obj
 0001:0010cf70       _sf_debug_sub_assign_size_check_nd 1010df70 f   sfc_debugmsvc80:sfcdebug.obj
 0001:0010d0b0       _sf_debug_matrix_matrix_index_check 1010e0b0 f   sfc_debugmsvc80:sfcdebug.obj
 0001:0010d0f0       _sf_debug_vector_vector_index_check 1010e0f0 f   sfc_debugmsvc80:sfcdebug.obj
 0001:0010d130       _sf_debug_for_loop_vector_check 1010e130 f   sfc_debugmsvc80:sfcdebug.obj
 0001:0010d190       _sf_debug_runtime_error_msgid 1010e190 f   sfc_debugmsvc80:sfcdebug.obj
 0001:0010d220       _sf_debug_data_array_bounds_error_check 1010e220 f   sfc_debugmsvc80:sfcdebug.obj
 0001:0010d290       _sf_debug_eml_data_array_bounds_error_check 1010e290 f   sfc_debugmsvc80:sfcdebug.obj
 0001:0010d590       _sf_debug_integer_check    1010e590 f   sfc_debugmsvc80:sfcdebug.obj
 0001:0010d610       _sf_debug_not_nan_check    1010e610 f   sfc_debugmsvc80:sfcdebug.obj
 0001:0010d670       _sf_debug_non_negative_check 1010e670 f   sfc_debugmsvc80:sfcdebug.obj
 0001:0010d6d0       _sf_debug_overflow_detection 1010e6d0 f   sfc_debugmsvc80:sfcdebug.obj
 0001:0010dc10       _sf_debug_cast_to_real32_T 1010ec10 f   sfc_debugmsvc80:sfcdebug.obj
 0001:0010dc80       _sf_debug_cast_to_int8_T   1010ec80 f   sfc_debugmsvc80:sfcdebug.obj
 0001:0010dd00       _sf_debug_cast_to_uint8_T  1010ed00 f   sfc_debugmsvc80:sfcdebug.obj
 0001:0010dd90       _sf_debug_cast_to_int16_T  1010ed90 f   sfc_debugmsvc80:sfcdebug.obj
 0001:0010de10       _sf_debug_cast_to_uint16_T 1010ee10 f   sfc_debugmsvc80:sfcdebug.obj
 0001:0010deb0       _sf_debug_cast_to_int32_T  1010eeb0 f   sfc_debugmsvc80:sfcdebug.obj
 0001:0010df20       _sf_debug_cast_to_uint32_T 1010ef20 f   sfc_debugmsvc80:sfcdebug.obj
 0001:0010dfc0       _sf_debug_data_range_error 1010efc0 f   sfc_debugmsvc80:sfcdebug.obj
 0001:0010e240       _sf_debug_read_before_write_check 1010f240 f   sfc_debugmsvc80:sfcdebug.obj
 0001:0010e5a0       _sf_debug_data_range_error_wrapper_min_max 1010f5a0 f   sfc_debugmsvc80:sfcdebug.obj
 0001:0010e620       _sf_debug_data_range_error_wrapper_min 1010f620 f   sfc_debugmsvc80:sfcdebug.obj
 0001:0010e690       _sf_debug_data_range_error_wrapper_max 1010f690 f   sfc_debugmsvc80:sfcdebug.obj
 0001:0010e700       _sf_debug_data_range_wrapper 1010f700 f   sfc_debugmsvc80:sfcdebug.obj
 0001:0010e750       _sf_debug_set_current_status_info 1010f750 f   sfc_debugmsvc80:sfcdebug.obj
 0001:0010eab0       _sf_debug_register_message_post_receive_info 1010fab0 f   sfc_debugmsvc80:sfcdebug.obj
 0001:0010ec70       _sf_debug_call             1010fc70 f   sfc_debugmsvc80:sfcdebug.obj
 0001:0010f470       _sf_debug_initialize_machine 10110470 f   sfc_debugmsvc80:sfcdebug.obj
 0001:0010f6f0       _sf_debug_initialize_chart 101106f0 f   sfc_debugmsvc80:sfcdebug.obj
 0001:0010f9f0       _sf_debug_ensure_script    101109f0 f   sfc_debugmsvc80:sfcdebug.obj
 0001:0010fa90       _cv_eval_saturation        10110a90 f   sfc_debugmsvc80:sfcdebug.obj
 0001:0010fb70       _cv_saturation_accum       10110b70 f   sfc_debugmsvc80:sfcdebug.obj
 0001:0010fc30       _cv_script_init_script     10110c30 f   sfc_debugmsvc80:sfcdebug.obj
 0001:0010fca0       _cv_script_init_fcn        10110ca0 f   sfc_debugmsvc80:sfcdebug.obj
 0001:0010fd00       _cv_script_init_testobjective 10110d00 f   sfc_debugmsvc80:sfcdebug.obj
 0001:0010fd60       _cv_script_init_saturation 10110d60 f   sfc_debugmsvc80:sfcdebug.obj
 0001:0010fdc0       _cv_script_init_if         10110dc0 f   sfc_debugmsvc80:sfcdebug.obj
 0001:0010fe20       _cv_script_init_for        10110e20 f   sfc_debugmsvc80:sfcdebug.obj
 0001:0010fe80       _cv_script_init_while      10110e80 f   sfc_debugmsvc80:sfcdebug.obj
 0001:0010fee0       _cv_script_init_mcdc       10110ee0 f   sfc_debugmsvc80:sfcdebug.obj
 0001:0010ff50       _cv_script_init_switch     10110f50 f   sfc_debugmsvc80:sfcdebug.obj
 0001:0010ffc0       _cv_script_eval            10110fc0 f   sfc_debugmsvc80:sfcdebug.obj
 0001:00110030       _eml_debug_line_call       10111030 f   sfc_debugmsvc80:sfcdebug.obj
 0001:00110120       _sf_debug_terminate        10111120 f   sfc_debugmsvc80:sfcdebug.obj
 0001:00110260       _sf_debug_set_script_cv_ids 10111260 f   sfc_debugmsvc80:sfcdebug.obj
 0001:00110360       _sf_debug_api              10111360 f   sfc_debugmsvc80:sfc_api.obj
 0001:00111de0       _sf_debug_sm_terminate     10112de0 f   sfc_debugmsvc80:sfdb_animation.obj
 0001:00111f40       _sf_debug_reset_path_objects 10112f40 f   sfc_debugmsvc80:sfdb_animation.obj
 0001:00111fb0       _sf_debug_sm_reset_object_selection_status 10112fb0 f   sfc_debugmsvc80:sfdb_animation.obj
 0001:00112050       _sf_debug_sm_reset_state_buffer 10113050 f   sfc_debugmsvc80:sfdb_animation.obj
 0001:00112110       _sf_debug_sm_store_state_buffer 10113110 f   sfc_debugmsvc80:sfdb_animation.obj
 0001:00112190       _sf_debug_sm_restore_state_buffer1 10113190 f   sfc_debugmsvc80:sfdb_animation.obj
 0001:001121f0       _sf_debug_sm_restore_state_buffer2 101131f0 f   sfc_debugmsvc80:sfdb_animation.obj
 0001:00112250       _sf_debug_sm_chart_active  10113250 f   sfc_debugmsvc80:sfdb_animation.obj
 0001:001122a0       _sf_debug_sm_select_active_objects 101132a0 f   sfc_debugmsvc80:sfdb_animation.obj
 0001:00112660       _sf_debug_sm_is_chart_active 10113660 f   sfc_debugmsvc80:sfdb_animation.obj
 0001:001126a0       _sf_debug_sm_is_state_active 101136a0 f   sfc_debugmsvc80:sfdb_animation.obj
 0001:00112850       _sf_debug_sm_get_active_states 10113850 f   sfc_debugmsvc80:sfdb_animation.obj
 0001:00112c80       _sf_debug_sm_initialize_instance 10113c80 f   sfc_debugmsvc80:sfdb_animation.obj
 0001:00112e90       _sf_debug_sm_change_object_selection_status 10113e90 f   sfc_debugmsvc80:sfdb_animation.obj
 0001:00113080       _cv_create_interface       10114080 f   sfc_debugmsvc80:cv_sfinterface.obj
 0001:00113370       _cv_init_trans             10114370 f   sfc_debugmsvc80:cv_sfinterface.obj
 0001:001133c0       _cv_init_saturation        101143c0 f   sfc_debugmsvc80:cv_sfinterface.obj
 0001:00113410       _cv_init_testobjective     10114410 f   sfc_debugmsvc80:cv_sfinterface.obj
 0001:00113460       _cv_init_state             10114460 f   sfc_debugmsvc80:cv_sfinterface.obj
 0001:001134c0       _cv_init_chart             101144c0 f   sfc_debugmsvc80:cv_sfinterface.obj
 0001:00113510       _cv_dec_update_call        10114510 f   sfc_debugmsvc80:cv_sfinterface.obj
 0001:00113550       _cv_cond_update_call       10114550 f   sfc_debugmsvc80:cv_sfinterface.obj
 0001:00113590       _cv_saturation_update_call 10114590 f   sfc_debugmsvc80:cv_sfinterface.obj
 0001:001135d0       _cv_saturation_update_accum 101145d0 f   sfc_debugmsvc80:cv_sfinterface.obj
 0001:00113610       _cv_testobjective_update_call 10114610 f   sfc_debugmsvc80:cv_sfinterface.obj
 0001:00113650       _cv_sigrange_update        10114650 f   sfc_debugmsvc80:cv_sfinterface.obj
 0001:001136a0       _cvsf_eml_eval             101146a0 f   sfc_debugmsvc80:cv_sfinterface.obj
 0001:00113780       _cvsf_eml_init_script      10114780 f   sfc_debugmsvc80:cv_sfinterface.obj
 0001:001137f0       _cvsf_eml_init_fcn         101147f0 f   sfc_debugmsvc80:cv_sfinterface.obj
 0001:00113850       _cvsf_eml_init_testobjective 10114850 f   sfc_debugmsvc80:cv_sfinterface.obj
 0001:001138b0       _cvsf_eml_init_saturation  101148b0 f   sfc_debugmsvc80:cv_sfinterface.obj
 0001:00113910       _cvsf_eml_init_if          10114910 f   sfc_debugmsvc80:cv_sfinterface.obj
 0001:00113970       _cvsf_eml_init_for         10114970 f   sfc_debugmsvc80:cv_sfinterface.obj
 0001:001139d0       _cvsf_eml_init_while       101149d0 f   sfc_debugmsvc80:cv_sfinterface.obj
 0001:00113a30       _cvsf_eml_init_mcdc        10114a30 f   sfc_debugmsvc80:cv_sfinterface.obj
 0001:00113aa0       _cvsf_eml_init_switch      10114aa0 f   sfc_debugmsvc80:cv_sfinterface.obj
 0001:00113b00       _cvsf_script_eval          10114b00 f   sfc_debugmsvc80:cv_sfinterface.obj
 0001:00113be0       _cvsf_script_init_script   10114be0 f   sfc_debugmsvc80:cv_sfinterface.obj
 0001:00113c50       _cvsf_script_init_fcn      10114c50 f   sfc_debugmsvc80:cv_sfinterface.obj
 0001:00113cb0       _cvsf_script_init_testobjective 10114cb0 f   sfc_debugmsvc80:cv_sfinterface.obj
 0001:00113d10       _cvsf_script_init_saturation 10114d10 f   sfc_debugmsvc80:cv_sfinterface.obj
 0001:00113d70       _cvsf_script_init_if       10114d70 f   sfc_debugmsvc80:cv_sfinterface.obj
 0001:00113dd0       _cvsf_script_init_for      10114dd0 f   sfc_debugmsvc80:cv_sfinterface.obj
 0001:00113e20       _cvsf_script_init_while    10114e20 f   sfc_debugmsvc80:cv_sfinterface.obj
 0001:00113e70       _cvsf_script_init_mcdc     10114e70 f   sfc_debugmsvc80:cv_sfinterface.obj
 0001:00113ee0       _cvsf_script_init_switch   10114ee0 f   sfc_debugmsvc80:cv_sfinterface.obj
 0001:00113f40       _cv_destroy_interface      10114f40 f   sfc_debugmsvc80:cv_sfinterface.obj
 0001:00113f60       _cv_create_instance_objects 10114f60 f   sfc_debugmsvc80:cv_sfinterface.obj
 0001:00114290       _cv_is_enabled             10115290 f   sfc_debugmsvc80:cv_sfinterface.obj
 0001:001142a0       _sf_debug_cv_initialize_script 101152a0 f   sfc_debugmsvc80:cv_sfinterface.obj
 0001:00114420       _sf_debug_cv_initialize_instance 10115420 f   sfc_debugmsvc80:cv_sfinterface.obj
 0001:00114710       _sf_debug_cv_terminate_chart 10115710 f   sfc_debugmsvc80:cv_sfinterface.obj
 0001:00114810       _cv_call_trans_test        10115810 f   sfc_debugmsvc80:cv_sfinterface.obj
 0001:00114820       _cv_call_sub_cond_test     10115820 f   sfc_debugmsvc80:cv_sfinterface.obj
 0001:00114860       _sf_debug_st_initialize_machine 10115860 f   sfc_debugmsvc80:sfdb_data_browse.obj
 0001:00114910       _sf_debug_st_initialize_instance 10115910 f   sfc_debugmsvc80:sfdb_data_browse.obj
 0001:00114ac0       _sf_debug_st_terminate     10115ac0 f   sfc_debugmsvc80:sfdb_data_browse.obj
 0001:00114c20       _sf_debug_st_set_data_value_ptr_in_machine 10115c20 f   sfc_debugmsvc80:sfdb_data_browse.obj
 0001:00114c90       _sf_debug_st_set_data_value_ptr_in_instance 10115c90 f   sfc_debugmsvc80:sfdb_data_browse.obj
 0001:00114d40       _sf_debug_st_unset_data_value_ptr_in_machine 10115d40 f   sfc_debugmsvc80:sfdb_data_browse.obj
 0001:00114da0       _sf_debug_st_unset_data_value_ptr_in_instance 10115da0 f   sfc_debugmsvc80:sfdb_data_browse.obj
 0001:001150b0       _sf_debug_mx_value         101160b0 f   sfc_debugmsvc80:sfdb_data_browse.obj
 0001:00115100       _sf_debug_mx_packed_vector 10116100 f   sfc_debugmsvc80:sfdb_data_browse.obj
 0001:001151a0       _sf_debug_mx_uint_vector   101161a0 f   sfc_debugmsvc80:sfdb_data_browse.obj
 0001:00115220       _sf_debug_st_get_double_value_from_void_ptr_vector 10116220 f   sfc_debugmsvc80:sfdb_data_browse.obj
 0001:00115a20       _sf_debug_st_browse_data   10116a20 f   sfc_debugmsvc80:sfdb_data_browse.obj
 0001:00116100       _sf_debug_hm_initialize_instance 10117100 f   sfc_debugmsvc80:sfdb_handle_management.obj
 0001:001165a0       _sf_debug_hm_get_object_id 101175a0 f   sfc_debugmsvc80:sfdb_handle_management.obj
 0001:00116fc0       _sf_debug_hm_update_chart_visibility 10117fc0 f   sfc_debugmsvc80:sfdb_handle_management.obj
 0001:00117fc0       _sf_debug_object_is_eml_function 10118fc0 f   sfc_debugmsvc80:sfdb_handle_management.obj
 0001:00118020       _sf_debug_hm_initialize_ids_in_machine 10119020 f   sfc_debugmsvc80:sfdb_handle_management.obj
 0001:00118170       _sf_debug_hm_initialize_ids_in_chart 10119170 f   sfc_debugmsvc80:sfdb_handle_management.obj
 0001:00118260       _sf_debug_hm_initialize_chart 10119260 f   sfc_debugmsvc80:sfdb_handle_management.obj
 0001:00118920       _sf_debug_hm_terminate     10119920 f   sfc_debugmsvc80:sfdb_handle_management.obj
 0001:00118980       _sf_debug_hm_initialize_machine 10119980 f   sfc_debugmsvc80:sfdb_handle_management.obj
 0001:00119050       _sf_debug_ss_initialize    1011a050 f   sfc_debugmsvc80:sfdb_symbol_scope.obj
 0001:00119070       _sf_debug_ss_terminate     1011a070 f   sfc_debugmsvc80:sfdb_symbol_scope.obj
 0001:001190f0       _sf_debug_ss_push_symbol_scope 1011a0f0 f   sfc_debugmsvc80:sfdb_symbol_scope.obj
 0001:001191b0       _sf_debug_ss_push_symbol_scope_eml 1011a1b0 f   sfc_debugmsvc80:sfdb_symbol_scope.obj
 0001:00119200       _sf_debug_ss_pop_symbol_scope 1011a200 f   sfc_debugmsvc80:sfdb_symbol_scope.obj
 0001:001192a0       _sf_debug_ss_add_symbol    1011a2a0 f   sfc_debugmsvc80:sfdb_symbol_scope.obj
 0001:00119390       _sf_debug_ss_add_symbol_eml 1011a390 f   sfc_debugmsvc80:sfdb_symbol_scope.obj
 0001:00119ca0       _sf_debug_ss_set_data_value 1011aca0 f   sfc_debugmsvc80:sfdb_symbol_scope.obj
 0001:00119ff0       _getInstanceNumber         1011aff0 f   sfc_debugmsvc80:sfdb_symbol_scope.obj
 0001:0011a0c0       _sf_debug_ss_watch_data    1011b0c0 f   sfc_debugmsvc80:sfdb_symbol_scope.obj
 0001:0011a1b0       _sf_debug_ss_assign_data   1011b1b0 f   sfc_debugmsvc80:sfdb_symbol_scope.obj
 0001:0011aa50       _get_data_entry_name       1011ba50 f   sfc_debugmsvc80:sfdb_symbol_scope.obj
 0001:0011aaa0       _sf_debug_ss_whos          1011baa0 f   sfc_debugmsvc80:sfdb_symbol_scope.obj
 0001:0011af50       _sf_debug_cc_initialize_chart 1011bf50 f   sfc_debugmsvc80:sfdb_coverage.obj
 0001:0011b8b0       _sf_debug_cc_initialize_instance 1011c8b0 f   sfc_debugmsvc80:sfdb_coverage.obj
 0001:0011c4e0       _sf_debug_cc_terminate     1011d4e0 f   sfc_debugmsvc80:sfdb_coverage.obj
 0001:0011c5b0       _sf_debug_cc_set_transition_maps 1011d5b0 f   sfc_debugmsvc80:sfdb_coverage.obj
 0001:0011c6b0       _sf_debug_cc_set_state_maps 1011d6b0 f   sfc_debugmsvc80:sfdb_coverage.obj
 0001:0011c780       _sf_debug_cc_set_transition_weights 1011d780 f   sfc_debugmsvc80:sfdb_coverage.obj
 0001:0011c9b0       _sf_debug_cc_set_state_weights 1011d9b0 f   sfc_debugmsvc80:sfdb_coverage.obj
 0001:0011cbe0       _sf_debug_cc_mark_transition_guard 1011dbe0 f   sfc_debugmsvc80:sfdb_coverage.obj
 0001:0011cc60       _sf_debug_cc_mark_transition_trigger 1011dc60 f   sfc_debugmsvc80:sfdb_coverage.obj
 0001:0011cce0       _sf_debug_cc_mark_transition_decision 1011dce0 f   sfc_debugmsvc80:sfdb_coverage.obj
 0001:0011cd40       _sf_debug_cc_mark_transition_condition_action 1011dd40 f   sfc_debugmsvc80:sfdb_coverage.obj
 0001:0011cd90       _sf_debug_cc_mark_transition_transition_action 1011dd90 f   sfc_debugmsvc80:sfdb_coverage.obj
 0001:0011cde0       _sf_debug_cc_mark_state_entry 1011dde0 f   sfc_debugmsvc80:sfdb_coverage.obj
 0001:0011ce30       _sf_debug_cc_mark_state_during 1011de30 f   sfc_debugmsvc80:sfdb_coverage.obj
 0001:0011ce80       _sf_debug_cc_mark_state_exit 1011de80 f   sfc_debugmsvc80:sfdb_coverage.obj
 0001:0011ced0       _sf_debug_bm_clear_script_breakpoints 1011ded0 f   sfc_debugmsvc80:sfdb_breakpoints.obj
 0001:0011cf10       _sf_debug_bm_set_script_breakpoint 1011df10 f   sfc_debugmsvc80:sfdb_breakpoints.obj
[...]
 0001:000ff1d0       _sfrtGenSizeString         101001d0 f   sfc_mexmsvc80:sfc_mex.obj
 0001:000ff200       _sfIsProperVector          10100200 f   sfc_mexmsvc80:sfc_mex.obj
 0001:000ff230       _sfIsRowVector             10100230 f   sfc_mexmsvc80:sfc_mex.obj
 0001:000ff360       _sf_ExtractMessageId       10100360 f   sfc_mexmsvc80:sfc_mex.obj
 0001:000ff5b0       _sf_mex_err                101005b0 f   sfc_mexmsvc80:sfc_mex.obj
 0001:000ff640       _sf_error_dimension_out_of_bound 10100640 f   sfc_mexmsvc80:sfc_mex.obj
 0001:000ff6e0       _sf_mex_check_and_set_actual_dimensions 101006e0 f   sfc_mexmsvc80:sfc_mex.obj
 0001:000ff860       _sf_mex_check_complex      10100860 f   sfc_mexmsvc80:sfc_mex.obj
 0001:000ff8d0       _sf_mex_check_sparse       101008d0 f   sfc_mexmsvc80:sfc_mex.obj
 0001:000ff910       _sf_mex_check_numerictype  10100910 f   sfc_mexmsvc80:sfc_mex.obj
 0001:000ff9a0       _sf_mex_check_fimath       101009a0 f   sfc_mexmsvc80:sfc_mex.obj
 0001:001000a0       _size_mismatch_error       101010a0 f   sfc_mexmsvc80:sfc_mex.obj
 0001:001008f0       _check_array_dimensions    101018f0 f   sfc_mexmsvc80:sfc_mex.obj
 0001:00100940       _check_input_mxarray       10101940 f   sfc_mexmsvc80:sfc_mex.obj
 0001:00100fe0       _sf_numeric_value_to_double 10101fe0 f   sfc_mexmsvc80:sfc_mex.obj
 0001:00101020       _ml_generic_out_of_bounds_check 10102020 f   sfc_mexmsvc80:sfc_mex.obj
 0001:001011b0       _ml_get_element_value_from_array 101021b0 f   sfc_mexmsvc80:sfc_mex.obj
 0001:00101680       __ml_generic_castability_check 10102680 f   sfc_mexmsvc80:sfc_mex.obj
 0001:00101f10       _ml_generic_castability_check 10102f10 f   sfc_mexmsvc80:sfc_mex.obj
 0001:00101f70       _ml_check_mx_array_for_single_castability 10102f70 f   sfc_mexmsvc80:sfc_mex.obj
 0001:00101fe0       _ml_check_mx_array_for_logical_castability 10102fe0 f   sfc_mexmsvc80:sfc_mex.obj
 0001:00102040       _ml_check_mx_array_for_int8_castability 10103040 f   sfc_mexmsvc80:sfc_mex.obj
 0001:001020d0       _ml_check_mx_array_for_uint8_castability 101030d0 f   sfc_mexmsvc80:sfc_mex.obj
 0001:00102140       _ml_check_mx_array_for_int16_castability 10103140 f   sfc_mexmsvc80:sfc_mex.obj
 0001:001021b0       _ml_check_mx_array_for_uint16_castability 101031b0 f   sfc_mexmsvc80:sfc_mex.obj
 0001:00102220       _ml_check_mx_array_for_int32_castability 10103220 f   sfc_mexmsvc80:sfc_mex.obj
 0001:00102290       _ml_check_mx_array_for_uint32_castability 10103290 f   sfc_mexmsvc80:sfc_mex.obj
 0001:00102300       _ml_check_mx_array_for_castability 10103300 f   sfc_mexmsvc80:sfc_mex.obj
 0001:00102990       _set_data_value            10103990 f   sfc_mexmsvc80:sfc_mex.obj
 0001:00102e60       _get_data_value            10103e60 f   sfc_mexmsvc80:sfc_mex.obj
 0001:00102f60       _get_next_element_address  10103f60 f   sfc_mexmsvc80:sfc_mex.obj
 0001:00103000       _sf_normalize_index        10104000 f   sfc_mexmsvc80:sfc_mex.obj
 0001:00103290       _ml_array_index_bound_check 10104290 f   sfc_mexmsvc80:sfc_mex.obj
 0001:00103b80       _mx_value                  10104b80 f   sfc_mexmsvc80:sfc_mex.obj
 0001:00103bd0       _sf_create_numeric_array   10104bd0 f   sfc_mexmsvc80:sfc_mex.obj
 0001:00103c50       _sf_mex_assign_to_mx_array 10104c50 f   sfc_mexmsvc80:sfc_mex.obj
 0001:00103eb0       _assign_from_mx_array      10104eb0 f   sfc_mexmsvc80:sfc_mex.obj
 0001:00104670       _sf_mex_import_v           10105670 f   sfc_mexmsvc80:sfc_mex.obj
 0001:00104b30       _get_machine_and_chart_file_number 10105b30 f   sfc_mexmsvc80:sfc_sf.obj
 0001:00104bf0       _get_sfun_block_specialization 10105bf0 f   sfc_mexmsvc80:sfc_sf.obj
 0001:00104c70       _call_sf_machine_global_method_dispatcher 10105c70 f   sfc_mexmsvc80:sfc_sf.obj
 0001:00104e30       _mdl_zeroCrossings_processing 10105e30 f   sfc_mexmsvc80:sfc_sf.obj
 0001:00104ee0       _mdl_derivatives_processing 10105ee0 f   sfc_mexmsvc80:sfc_sf.obj
 0001:00105160       _mdl_outputs_continuous_legacy 10106160 f   sfc_mexmsvc80:sfc_sf.obj
 0001:001051e0       _mdl_outputs_processing    101061e0 f   sfc_mexmsvc80:sfc_sf.obj
 0001:00105410       _mdl_enable_processing     10106410 f   sfc_mexmsvc80:sfc_sf.obj
 0001:001054c0       _mdl_disable_processing    101064c0 f   sfc_mexmsvc80:sfc_sf.obj
 0001:00106030       _sf_call_output_fcn_enable_disable 10107030 f   sfc_mexmsvc80:sfc_sf.obj
 0001:00106250       _set_dwork_information_from_mx_array 10107250 f   sfc_mexmsvc80:sfc_sf.obj
 0001:00106bf0       _ptr2mxStruct              10107bf0 f   sfc_mexmsvc80:sfc_sf.obj
 0001:00106e10       _SNPRINTF_WRAPPER          10107e10 f   sfc_debugmsvc80:sfcdebug.obj
 0001:00106e50       _sf_debug_chart_instance_initialized 10107e50 f   sfc_debugmsvc80:sfcdebug.obj
 0001:00106fd0       _sfrtAddSize               10107fd0 f   sfc_debugmsvc80:sfcdebug.obj
 0001:00107080       _sfrtGenSizeString         10108080 f   sfc_debugmsvc80:sfcdebug.obj
 0001:00107530       _fill_single_message_info  10108530 f   sfc_debugmsvc80:sfcdebug.obj
 0001:00107690       _sf_debug_sim_status_listener 10108690 f   sfc_debugmsvc80:sfcdebug.obj
 0001:00107b60       _sf_debug_form_mask_bits   10108b60 f   sfc_debugmsvc80:sfcdebug.obj
 0001:00107ba0       _sf_debug_form_sf_data_type_offsets 10108ba0 f   sfc_debugmsvc80:sfcdebug.obj
 0001:00107c30       _sf_debug_free_all         10108c30 f   sfc_debugmsvc80:sfcdebug.obj
 0001:00107dd0       _sf_debug_append_debugger_context 10108dd0 f   sfc_debugmsvc80:sfcdebug.obj
 0001:00108130       _local_strdup              10109130 f   sfc_debugmsvc80:sfcdebug.obj
 0001:00108e30       _sf_debug_em_terminate     10109e30 f   sfc_debugmsvc80:sfcdebug.obj
 0001:00108e70       _sf_debug_push_eml_function 10109e70 f   sfc_debugmsvc80:sfcdebug.obj
 0001:00108f00       _sf_debug_pop_eml_function 10109f00 f   sfc_debugmsvc80:sfcdebug.obj
 0001:001097e0       _sf_debug_get_machine_number_from_id_or_name 1010a7e0 f   sfc_debugmsvc80:sfcdebug.obj
 0001:00109940       _sf_debug_get_chart_number_from_id 1010a940 f   sfc_debugmsvc80:sfcdebug.obj
 0001:0010a350       _sf_debug_transfer_control_to_debugger_GUI 1010b350 f   sfc_debugmsvc80:sfcdebug.obj
 0001:0010b1a0       _sf_debug_scripts_rehash   1010c1a0 f   sfc_debugmsvc80:sfcdebug.obj
 0001:0010b350       _sf_debug_get_script_line_count 1010c350 f   sfc_debugmsvc80:sfcdebug.obj
 0001:0010ba00       _cv_eml_state_cvId         1010ca00 f   sfc_debugmsvc80:sfcdebug.obj
 0001:0010ba50       _cv_eml_trans_cvId         1010ca50 f   sfc_debugmsvc80:sfcdebug.obj
 0001:0010c8c0       _sf_debug_data_array_bounds_error 1010d8c0 f   sfc_debugmsvc80:sfcdebug.obj
 0001:0010cbd0       _eml_debug_runtime_error_doclink 1010dbd0 f   sfc_debugmsvc80:sfcdebug.obj
 0001:0010cd00       _sf_debug_runtime_error    1010dd00 f   sfc_debugmsvc80:sfcdebug.obj
 0001:0010cd50       _sf_debug_matlab_error     1010dd50 f   sfc_debugmsvc80:sfcdebug.obj
 0001:0010d320       _sf_debug_data_value_error 1010e320 f   sfc_debugmsvc80:sfcdebug.obj
 0001:0010d940       _sf_debug_data_loss_error  1010e940 f   sfc_debugmsvc80:sfcdebug.obj
 0001:0010e4b0       _call_cv_range_check       1010f4b0 f   sfc_debugmsvc80:sfcdebug.obj
 0001:0010ea50       _sf_debug_invoke_cycle_detection_code 1010fa50 f   sfc_debugmsvc80:sfcdebug.obj
 0001:0010f3d0       _sf_reset_debug_info_struct 101103d0 f   sfc_debugmsvc80:sfcdebug.obj
 0001:0010fa30       _cv_script_cvId            10110a30 f   sfc_debugmsvc80:sfcdebug.obj
 0001:00110490       _sfc_api_chart_visible     10111490 f   sfc_debugmsvc80:sfc_api.obj
 0001:00110550       _sfc_api_active_instance   10111550 f   sfc_debugmsvc80:sfc_api.obj
 0001:001105f0       _sfc_api_machine_load      101115f0 f   sfc_debugmsvc80:sfc_api.obj
 0001:00110700       _sfc_api_debugger_alive    10111700 f   sfc_debugmsvc80:sfc_api.obj
 0001:00110720       _sfc_api_go                10111720 f   sfc_debugmsvc80:sfc_api.obj
 0001:00110740       _sfc_api_step_over         10111740 f   sfc_debugmsvc80:sfc_api.obj
 0001:00110760       _sfc_api_step_out          10111760 f   sfc_debugmsvc80:sfc_api.obj
 0001:00110780       _sfc_api_resume            10111780 f   sfc_debugmsvc80:sfc_api.obj
 0001:001107a0       _sfc_api_break             101117a0 f   sfc_debugmsvc80:sfc_api.obj
 0001:001107c0       _sfc_api_stop_debugging    101117c0 f   sfc_debugmsvc80:sfc_api.obj
 0001:00110810       _sfc_api_is_cycle_detected 10111810 f   sfc_debugmsvc80:sfc_api.obj
 0001:00110860       _sfc_api_is_array_bounds_detected 10111860 f   sfc_debugmsvc80:sfc_api.obj
 0001:001108b0       _sfc_api_set_disable_all_breakpoints 101118b0 f   sfc_debugmsvc80:sfc_api.obj
 0001:00110940       _sfc_api_disable_all_breakpoints_and_go 10111940 f   sfc_debugmsvc80:sfc_api.obj
 0001:00110960       _sfc_api_close             10111960 f   sfc_debugmsvc80:sfc_api.obj
 0001:00110980       _sfc_api_browse_data       10111980 f   sfc_debugmsvc80:sfc_api.obj
 0001:00110a00       _sfc_api_watch_data        10111a00 f   sfc_debugmsvc80:sfc_api.obj
 0001:00110b00       _sfc_api_extract_message_post_receive_info 10111b00 f   sfc_debugmsvc80:sfc_api.obj
 0001:00110b20       _sfc_api_assign_data       10111b20 f   sfc_debugmsvc80:sfc_api.obj
 0001:00110ba0       _sfc_api_whos              10111ba0 f   sfc_debugmsvc80:sfc_api.obj
 0001:00110c30       _sfc_api_get_consistency_info 10111c30 f   sfc_debugmsvc80:sfc_api.obj
 0001:00110c50       _sfc_api_browse_trace      10111c50 f   sfc_debugmsvc80:sfc_api.obj
 0001:00110c70       _sfc_api_break_on_chart_entry 10111c70 f   sfc_debugmsvc80:sfc_api.obj
 0001:00110cb0       _sfc_api_break_on_event_broadcast 10111cb0 f   sfc_debugmsvc80:sfc_api.obj
 0001:00110cf0       _sfc_api_break_on_state_entry 10111cf0 f   sfc_debugmsvc80:sfc_api.obj
 0001:00110d30       _sfc_api_set_watch         10111d30 f   sfc_debugmsvc80:sfc_api.obj
 0001:00110e10       _sfc_api_set_breakpoints   10111e10 f   sfc_debugmsvc80:sfc_api.obj
 0001:00110ef0       _sfc_api_set_eml_breakpoints 10111ef0 f   sfc_debugmsvc80:sfc_api.obj
 0001:00110fa0       _sfc_api_set_script_breakpoints 10111fa0 f   sfc_debugmsvc80:sfc_api.obj
 0001:00111010       _sfc_api_add_script_breakpoints 10112010 f   sfc_debugmsvc80:sfc_api.obj
 0001:00111080       _sfc_api_clear_script_breakpoints 10112080 f   sfc_debugmsvc80:sfc_api.obj
 0001:001110f0       _sfc_api_query_script_breakpoints 101120f0 f   sfc_debugmsvc80:sfc_api.obj
 0001:00111160       _sfc_api_get_script_id     10112160 f   sfc_debugmsvc80:sfc_api.obj
 0001:00111200       _sfc_api_get_active_states 10112200 f   sfc_debugmsvc80:sfc_api.obj
 0001:00111270       _sfc_api_break_between_times 10112270 f   sfc_debugmsvc80:sfc_api.obj
 0001:001112d0       _sfc_api_get_instance_handle 101122d0 f   sfc_debugmsvc80:sfc_api.obj
 0001:001113b0       _sfc_api_set_animation     101123b0 f   sfc_debugmsvc80:sfc_api.obj
 0001:00111410       _sfc_api_select_chart      10112410 f   sfc_debugmsvc80:sfc_api.obj
 0001:001114a0       _sfc_api_select_charts     101124a0 f   sfc_debugmsvc80:sfc_api.obj
 0001:001114d0       _sfc_api_cycle_detection_check 101124d0 f   sfc_debugmsvc80:sfc_api.obj
 0001:00111530       _sfc_api_data_range_check  10112530 f   sfc_debugmsvc80:sfc_api.obj
 0001:00111590       _sfc_api_transition_conflict_check 10112590 f   sfc_debugmsvc80:sfc_api.obj
 0001:001115f0       _sfc_api_state_consistency_check 101125f0 f   sfc_debugmsvc80:sfc_api.obj
 0001:00111650       _sfc_api_set_instance_cv_ids 10112650 f   sfc_debugmsvc80:sfc_api.obj
 0001:00111780       _sfc_api_set_script_cv_ids 10112780 f   sfc_debugmsvc80:sfc_api.obj
 0001:00111850       _sfc_api_get_current_machine_id 10112850 f   sfc_debugmsvc80:sfc_api.obj
 0001:00111890       _sfc_api_get_current_machine_number 10112890 f   sfc_debugmsvc80:sfc_api.obj
 0001:001118d0       _sfc_api_get_current_chart_number 101128d0 f   sfc_debugmsvc80:sfc_api.obj
 0001:00111910       _sfc_api_get_current_instance_number 10112910 f   sfc_debugmsvc80:sfc_api.obj
 0001:00111950       _sfc_api_get_current_instance_handle 10112950 f   sfc_debugmsvc80:sfc_api.obj
 0001:00111970       _sfc_api_get_current_is_minor_time_step 10112970 f   sfc_debugmsvc80:sfc_api.obj
 0001:001119b0       _sfc_api_get_current_machine_name 101129b0 f   sfc_debugmsvc80:sfc_api.obj
 0001:001119d0       _sfc_api_get_current_chart_id 101129d0 f   sfc_debugmsvc80:sfc_api.obj
 0001:00111a10       _sfc_api_get_current_object_type 10112a10 f   sfc_debugmsvc80:sfc_api.obj
 0001:00111a50       _sfc_api_get_current_event_type 10112a50 f   sfc_debugmsvc80:sfc_api.obj
 0001:00111a90       _sfc_api_get_current_object_id 10112a90 f   sfc_debugmsvc80:sfc_api.obj
 0001:00111ad0       _sfc_get_current_active_event_type 10112ad0 f   sfc_debugmsvc80:sfc_api.obj
 0001:00111b10       _sfc_api_get_current_active_event_id 10112b10 f   sfc_debugmsvc80:sfc_api.obj
 0001:00111b50       _sfc_api_get_current_simulation_time 10112b50 f   sfc_debugmsvc80:sfc_api.obj
 0001:00111b70       _sfc_get_current_tag_type  10112b70 f   sfc_debugmsvc80:sfc_api.obj
 0001:00111bb0       _sfc_get_current_coverage_percentage 10112bb0 f   sfc_debugmsvc80:sfc_api.obj
 0001:00111bd0       _sfc_get_current_statement_context 10112bd0 f   sfc_debugmsvc80:sfc_api.obj
 0001:00111bf0       _sfc_get_current_optional_integer 10112bf0 f   sfc_debugmsvc80:sfc_api.obj
 0001:00111c20       _sfc_get_current_statement_info 10112c20 f   sfc_debugmsvc80:sfc_api.obj
 0001:00111cc0       _sfc_api_get               10112cc0 f   sfc_debugmsvc80:sfc_api.obj
 0001:00112710       _sf_debug_sm_fill_state_activity_data 10113710 f   sfc_debugmsvc80:sfdb_animation.obj
 0001:001149e0       _void_ptr_stack_vector_free_total 101159e0 f   sfc_debugmsvc80:sfdb_data_browse.obj
 0001:00114a40       _sf_debug_st_terminate_machine 10115a40 f   sfc_debugmsvc80:sfdb_data_browse.obj
 0001:00114a70       _sf_debug_st_terminate_instance 10115a70 f   sfc_debugmsvc80:sfdb_data_browse.obj
 0001:00114bf0       _push_on_to_void_ptr_stack 10115bf0 f   sfc_debugmsvc80:sfdb_data_browse.obj
 0001:00114d20       _pop_from_void_ptr_stack   10115d20 f   sfc_debugmsvc80:sfdb_data_browse.obj
 0001:00114e20       _sf_debug_st_get_data_value 10115e20 f   sfc_debugmsvc80:sfdb_data_browse.obj
 0001:001152c0       _mx_value                  101162c0 f   sfc_debugmsvc80:sfdb_data_browse.obj
 0001:001152f0       _sf_debug_st_fill_data_struct 101162f0 f   sfc_debugmsvc80:sfdb_data_browse.obj
 0001:001155c0       _data_type_format_strings  101165c0 f   sfc_debugmsvc80:sfdb_data_browse.obj
 0001:00115630       _sf_debug_st_fill_data     10116630 f   sfc_debugmsvc80:sfdb_data_browse.obj
 0001:00116030       _sf_debug_hm_get_simulink_handle 10117030 f   sfc_debugmsvc80:sfdb_handle_management.obj
 0001:001169b0       _sf_debug_hm_initialize_globals 101179b0 f   sfc_debugmsvc80:sfdb_handle_management.obj
 0001:00116aa0       _sf_debug_hm_get_machine_debug_flag 10117aa0 f   sfc_debugmsvc80:sfdb_handle_management.obj
 0001:00116bf0       _sf_debug_hm_get_machine_id 10117bf0 f   sfc_debugmsvc80:sfdb_handle_management.obj
 0001:00116d00       _sf_debug_hm_get_chart_id  10117d00 f   sfc_debugmsvc80:sfdb_handle_management.obj
 0001:00116e70       _sf_debug_hm_register_executing_SFunction 10117e70 f   sfc_debugmsvc80:sfdb_handle_management.obj
 0001:00117170       _sf_debug_hm_form_object_boolean_properties 10118170 f   sfc_debugmsvc80:sfdb_handle_management.obj
 0001:001173e0       _sf_debug_hm_form_object_properties 101183e0 f   sfc_debugmsvc80:sfdb_handle_management.obj
 0001:001175e0       _sf_debug_hm_terminate_charts 101185e0 f   sfc_debugmsvc80:sfdb_handle_management.obj
 0001:00117c00       _sf_debug_hm_terminate_machines 10118c00 f   sfc_debugmsvc80:sfdb_handle_management.obj
 0001:00119420       _sf_debug_ss_copy_dimension 1011a420 f   sfc_debugmsvc80:sfdb_symbol_scope.obj
 0001:00119490       _sf_debug_ss_get_number_elements 1011a490 f   sfc_debugmsvc80:sfdb_symbol_scope.obj
 0001:001194b0       _sf_debug_ss_fill_data_struct 1011a4b0 f   sfc_debugmsvc80:sfdb_symbol_scope.obj
 0001:001196a0       _sf_debug_ss_reset_data_info 1011a6a0 f   sfc_debugmsvc80:sfdb_symbol_scope.obj
 0001:001196f0       _sf_debug_fill_data_info_by_symbol_scope_entry 1011a6f0 f   sfc_debugmsvc80:sfdb_symbol_scope.obj
 0001:001197a0       _sf_debug_fill_data_info_by_data_vector 1011a7a0 f   sfc_debugmsvc80:sfdb_symbol_scope.obj
 0001:00119960       _get_data_info_helper      1011a960 f   sfc_debugmsvc80:sfdb_symbol_scope.obj
 0001:001199e0       _sf_debug_ss_get_data_info 1011a9e0 f   sfc_debugmsvc80:sfdb_symbol_scope.obj
 0001:00119b90       _sf_debug_select_mex_function 1011ab90 f   sfc_debugmsvc80:sfdb_symbol_scope.obj
 0001:00119bc0       _sf_debug_is_dyn_matrix_initialized 1011abc0 f   sfc_debugmsvc80:sfdb_symbol_scope.obj
 0001:00119be0       _sf_debug_ss_set_data_value_try 1011abe0 f   sfc_debugmsvc80:sfdb_symbol_scope.obj
 0001:00119d10       _sf_debug_ss_get_data_value 1011ad10 f   sfc_debugmsvc80:sfdb_symbol_scope.obj
 0001:0011a240       _sf_debug_ss_data_bytes_string 1011b240 f   sfc_debugmsvc80:sfdb_symbol_scope.obj
 0001:0011a2b0       _sf_debug_ss_data_class_string 1011b2b0 f   sfc_debugmsvc80:sfdb_symbol_scope.obj
 0001:0011a600       _sf_debug_ss_data_size_string 1011b600 f   sfc_debugmsvc80:sfdb_symbol_scope.obj
 0001:0011a6c0       _sf_debug_ss_data_create_data_info_struct 1011b6c0 f   sfc_debugmsvc80:sfdb_symbol_scope.obj
 0001:0011a920       _sf_debug_ss_data_create_name_value_pair 1011b920 f   sfc_debugmsvc80:sfdb_symbol_scope.obj
 0001:0011a980       _sf_debug_ss_data_get_whos_info 1011b980 f   sfc_debugmsvc80:sfdb_symbol_scope.obj
 0001:0011a9b0       _same_named_data_in_data_array 1011b9b0 f   sfc_debugmsvc80:sfdb_symbol_scope.obj
 0001:0011be40       _sf_debug_cc_terminate_chart 1011ce40 f   sfc_debugmsvc80:sfdb_coverage.obj
 0001:0011c150       _sf_debug_cc_terminate_instance 1011d150 f   sfc_debugmsvc80:sfdb_coverage.obj
 0001:0011cb80       _sf_debug_cc_mark_object_if_needed 1011db80 f   sfc_debugmsvc80:sfdb_coverage.obj
 0001:0011d300       _sf_debug_bm_initialize_eml 1011e300 f   sfc_debugmsvc80:sfdb_breakpoints.obj
 0001:0011e2d0       _sf_debug_bm_map_debug_tag_to_breakpoint_tag 1011f2d0 f   sfc_debugmsvc80:sfdb_breakpoints.obj
 0001:0011e370       _sf_debug_bm_is_a_eml_breakpoint_impl 1011f370 f   sfc_debugmsvc80:sfdb_breakpoints.obj
 0001:0011f9d0       _sf_debug_sc_push_on_error_stack 101209d0 f   sfc_debugmsvc80:sfdb_state_consistency.obj
 0001:0011fad0       _sf_debug_sc_reset_error_stack 10120ad0 f   sfc_debugmsvc80:sfdb_state_consistency.obj
 0001:0011fc20       _sf_debug_sc_is_state_inconsistent 10120c20 f   sfc_debugmsvc80:sfdb_state_consistency.obj
 0001:0011fe40       _sf_debug_sc_fill_consistency_info 10120e40 f   sfc_debugmsvc80:sfdb_state_consistency.obj
 0001:001202d0       _void_assertion_fcn        101212d0 f   sfc_debugmsvc80:sfdb_call_stack.obj
 0001:001207b0       _sf_debug_tm_fill_local_trace 101217b0 f   sfc_debugmsvc80:sfdb_call_stack.obj
 0001:00120c30       _sf_debug_cd_terminate_instance 10121c30 f   sfc_debugmsvc80:sfdb_cycle_detection.obj
 0001:00120c90       _sf_debug_cd_free_checksum_stack 10121c90 f   sfc_debugmsvc80:sfdb_cycle_detection.obj
 0001:00120cc0       _sf_debug_cd_reset_pack_strings 10121cc0 f   sfc_debugmsvc80:sfdb_cycle_detection.obj
 0001:00121300       _md5file_clear             10122300 f   sfc_debugmsvc80:ckmd5.obj
 0001:00121330       _Encode                    10122330 f   sfc_debugmsvc80:ckmd5.obj
 0001:00121370       _Decode                    10122370 f   sfc_debugmsvc80:ckmd5.obj
 0001:001213f0       _MD5Transform              101223f0 f   sfc_debugmsvc80:ckmd5.obj
 0001:00121ab0       _md5file_addn              10122ab0 f   sfc_debugmsvc80:ckmd5.obj
 0001:00121b60       _md5file_hash              10122b60 f   sfc_debugmsvc80:ckmd5.obj
 0001:00122097       _pre_c_init                10123097 f   MSVCRT:crtdll.obj
 0001:001222ef       ___DllMainCRTStartup       101232ef f   MSVCRT:crtdll.obj
