 CusakisME4901arcs2_sfun

 Timestamp is 531a3797 (Fri Mar 07 13:18:15 2014)

 Preferred load address is 10000000

 Start         Length     Name                   Class
 0001:00000000 00122a24H .text                   CODE
 0002:00000000 0000027cH .idata$5                DATA
 0002:0000027c 00000004H .CRT$XCA                DATA
 0002:00000280 00000004H .CRT$XCZ                DATA
 0002:00000284 00000004H .CRT$XIA                DATA
 0002:00000288 00000004H .CRT$XIAA               DATA
 0002:0000028c 00000004H .CRT$XIC                DATA
 0002:00000290 00000004H .CRT$XIZ                DATA
 0002:00000298 00004a08H .rdata                  DATA
 0002:00004ca0 00000004H .rdata$sxdata           DATA
 0002:00004ca4 00000004H .rtc$IAA                DATA
 0002:00004ca8 00000004H .rtc$IZZ                DATA
 0002:00004cac 00000004H .rtc$TAA                DATA
 0002:00004cb0 00000004H .rtc$TZZ                DATA
 0002:00004cb8 00000064H .xdata$x                DATA
 0002:00004d1c 000000b4H .idata$2                DATA
 0002:00004dd0 00000014H .idata$3                DATA
 0002:00004de4 0000027cH .idata$4                DATA
 0002:00005060 00000bb8H .idata$6                DATA
 0002:00005c20 0000005dH .edata                  DATA
 0003:00000000 00034550H .data                   DATA
 0003:00034560 000029a8H .bss                    DATA

  Address         Publics by Value              Rva+Base       Lib:Object

 0000:00000000       __except_list              00000000     <absolute>
 0000:00000001       ___safe_se_handler_count   00000001     <absolute>
 0000:00009876       __ldused                   00009876     <absolute>
 0000:00009876       __fltused                  00009876     <absolute>
 0000:00000000       ___ImageBase               10000000     <linker-defined>
 0001:00000010       _sf_c1_CusakisME4901arcs2_get_eml_resolved_functions_info 10001010 f   c1_CusakisME4901arcs2.obj
 0001:00000a40       _sf_c1_CusakisME4901arcs2_get_check_sum 10001a40 f   c1_CusakisME4901arcs2.obj
 0001:00000aa0       _sf_c1_CusakisME4901arcs2_get_autoinheritance_info 10001aa0 f   c1_CusakisME4901arcs2.obj
 0001:00001120       _sf_c1_CusakisME4901arcs2_third_party_uses_info 10002120 f   c1_CusakisME4901arcs2.obj
 0001:00001140       _sf_internal_get_sim_state_c1_CusakisME4901arcs2 10002140 f   c1_CusakisME4901arcs2.obj
 0001:000014c0       _sf_internal_set_sim_state_c1_CusakisME4901arcs2 100024c0 f   c1_CusakisME4901arcs2.obj
 0001:00001980       _c1_CusakisME4901arcs2_method_dispatcher 10002980 f   c1_CusakisME4901arcs2.obj
 0001:0000fec0       _sf_c2_CusakisME4901arcs2_get_eml_resolved_functions_info 10010ec0 f   c2_CusakisME4901arcs2.obj
 0001:000108a0       _sf_c2_CusakisME4901arcs2_get_check_sum 100118a0 f   c2_CusakisME4901arcs2.obj
 0001:00010900       _sf_c2_CusakisME4901arcs2_get_autoinheritance_info 10011900 f   c2_CusakisME4901arcs2.obj
 0001:00010e50       _sf_c2_CusakisME4901arcs2_third_party_uses_info 10011e50 f   c2_CusakisME4901arcs2.obj
 0001:00010e70       _sf_internal_get_sim_state_c2_CusakisME4901arcs2 10011e70 f   c2_CusakisME4901arcs2.obj
 0001:00011130       _sf_internal_set_sim_state_c2_CusakisME4901arcs2 10012130 f   c2_CusakisME4901arcs2.obj
 0001:000114b0       _c2_CusakisME4901arcs2_method_dispatcher 100124b0 f   c2_CusakisME4901arcs2.obj
 0001:00014860       _sf_c3_CusakisME4901arcs2_get_eml_resolved_functions_info 10015860 f   c3_CusakisME4901arcs2.obj
 0001:00015300       _sf_c3_CusakisME4901arcs2_get_check_sum 10016300 f   c3_CusakisME4901arcs2.obj
 0001:00015360       _sf_c3_CusakisME4901arcs2_get_autoinheritance_info 10016360 f   c3_CusakisME4901arcs2.obj
 0001:000159e0       _sf_c3_CusakisME4901arcs2_third_party_uses_info 100169e0 f   c3_CusakisME4901arcs2.obj
 0001:00015a00       _sf_internal_get_sim_state_c3_CusakisME4901arcs2 10016a00 f   c3_CusakisME4901arcs2.obj
 0001:00015d80       _sf_internal_set_sim_state_c3_CusakisME4901arcs2 10016d80 f   c3_CusakisME4901arcs2.obj
 0001:00016240       _c3_CusakisME4901arcs2_method_dispatcher 10017240 f   c3_CusakisME4901arcs2.obj
 0001:000247a0       _sf_c4_CusakisME4901arcs2_get_eml_resolved_functions_info 100257a0 f   c4_CusakisME4901arcs2.obj
 0001:00025100       _sf_c4_CusakisME4901arcs2_get_check_sum 10026100 f   c4_CusakisME4901arcs2.obj
 0001:00025160       _sf_c4_CusakisME4901arcs2_get_autoinheritance_info 10026160 f   c4_CusakisME4901arcs2.obj
 0001:000256b0       _sf_c4_CusakisME4901arcs2_third_party_uses_info 100266b0 f   c4_CusakisME4901arcs2.obj
 0001:000256d0       _sf_internal_get_sim_state_c4_CusakisME4901arcs2 100266d0 f   c4_CusakisME4901arcs2.obj
 0001:00025990       _sf_internal_set_sim_state_c4_CusakisME4901arcs2 10026990 f   c4_CusakisME4901arcs2.obj
 0001:00025d10       _c4_CusakisME4901arcs2_method_dispatcher 10026d10 f   c4_CusakisME4901arcs2.obj
 0001:00029140       _sf_c5_CusakisME4901arcs2_get_eml_resolved_functions_info 1002a140 f   c5_CusakisME4901arcs2.obj
 0001:00029e30       _sf_c5_CusakisME4901arcs2_get_check_sum 1002ae30 f   c5_CusakisME4901arcs2.obj
 0001:00029e90       _sf_c5_CusakisME4901arcs2_get_autoinheritance_info 1002ae90 f   c5_CusakisME4901arcs2.obj
 0001:0002a3f0       _sf_c5_CusakisME4901arcs2_third_party_uses_info 1002b3f0 f   c5_CusakisME4901arcs2.obj
 0001:0002a410       _sf_internal_get_sim_state_c5_CusakisME4901arcs2 1002b410 f   c5_CusakisME4901arcs2.obj
 0001:0002a6d0       _sf_internal_set_sim_state_c5_CusakisME4901arcs2 1002b6d0 f   c5_CusakisME4901arcs2.obj
 0001:0002aa60       _c5_CusakisME4901arcs2_method_dispatcher 1002ba60 f   c5_CusakisME4901arcs2.obj
 0001:0002e4f0       _sf_c6_CusakisME4901arcs2_get_eml_resolved_functions_info 1002f4f0 f   c6_CusakisME4901arcs2.obj
 0001:0002f190       _sf_c6_CusakisME4901arcs2_get_check_sum 10030190 f   c6_CusakisME4901arcs2.obj
 0001:0002f1f0       _sf_c6_CusakisME4901arcs2_get_autoinheritance_info 100301f0 f   c6_CusakisME4901arcs2.obj
 0001:0002f750       _sf_c6_CusakisME4901arcs2_third_party_uses_info 10030750 f   c6_CusakisME4901arcs2.obj
 0001:0002f770       _sf_internal_get_sim_state_c6_CusakisME4901arcs2 10030770 f   c6_CusakisME4901arcs2.obj
 0001:0002fa30       _sf_internal_set_sim_state_c6_CusakisME4901arcs2 10030a30 f   c6_CusakisME4901arcs2.obj
 0001:0002fdc0       _c6_CusakisME4901arcs2_method_dispatcher 10030dc0 f   c6_CusakisME4901arcs2.obj
 0001:00033850       _sf_c7_CusakisME4901arcs2_get_eml_resolved_functions_info 10034850 f   c7_CusakisME4901arcs2.obj
 0001:000338a0       _sf_c7_CusakisME4901arcs2_get_check_sum 100348a0 f   c7_CusakisME4901arcs2.obj
 0001:00033900       _sf_c7_CusakisME4901arcs2_get_autoinheritance_info 10034900 f   c7_CusakisME4901arcs2.obj
 0001:00033d00       _sf_c7_CusakisME4901arcs2_third_party_uses_info 10034d00 f   c7_CusakisME4901arcs2.obj
 0001:00033d20       _sf_internal_get_sim_state_c7_CusakisME4901arcs2 10034d20 f   c7_CusakisME4901arcs2.obj
 0001:00033fb0       _sf_internal_set_sim_state_c7_CusakisME4901arcs2 10034fb0 f   c7_CusakisME4901arcs2.obj
 0001:000342c0       _c7_CusakisME4901arcs2_method_dispatcher 100352c0 f   c7_CusakisME4901arcs2.obj
 0001:00035b00       _sf_c8_CusakisME4901arcs2_get_eml_resolved_functions_info 10036b00 f   c8_CusakisME4901arcs2.obj
 0001:0003c2b0       _sf_c8_CusakisME4901arcs2_get_check_sum 1003d2b0 f   c8_CusakisME4901arcs2.obj
 0001:0003c310       _sf_c8_CusakisME4901arcs2_get_autoinheritance_info 1003d310 f   c8_CusakisME4901arcs2.obj
 0001:0003ccd0       _sf_c8_CusakisME4901arcs2_third_party_uses_info 1003dcd0 f   c8_CusakisME4901arcs2.obj
 0001:0003ccf0       _sf_internal_get_sim_state_c8_CusakisME4901arcs2 1003dcf0 f   c8_CusakisME4901arcs2.obj
 0001:0003d0b0       _sf_internal_set_sim_state_c8_CusakisME4901arcs2 1003e0b0 f   c8_CusakisME4901arcs2.obj
 0001:0003d570       _c8_CusakisME4901arcs2_method_dispatcher 1003e570 f   c8_CusakisME4901arcs2.obj
 0001:00065970       _sf_c9_CusakisME4901arcs2_get_eml_resolved_functions_info 10066970 f   c9_CusakisME4901arcs2.obj
 0001:000659c0       _sf_c9_CusakisME4901arcs2_get_check_sum 100669c0 f   c9_CusakisME4901arcs2.obj
 0001:00065a20       _sf_c9_CusakisME4901arcs2_get_autoinheritance_info 10066a20 f   c9_CusakisME4901arcs2.obj
 0001:00066050       _sf_c9_CusakisME4901arcs2_third_party_uses_info 10067050 f   c9_CusakisME4901arcs2.obj
 0001:00066070       _sf_internal_get_sim_state_c9_CusakisME4901arcs2 10067070 f   c9_CusakisME4901arcs2.obj
 0001:00066430       _sf_internal_set_sim_state_c9_CusakisME4901arcs2 10067430 f   c9_CusakisME4901arcs2.obj
 0001:000669b0       _c9_CusakisME4901arcs2_method_dispatcher 100679b0 f   c9_CusakisME4901arcs2.obj
 0001:000694f0       _sf_c10_CusakisME4901arcs2_get_eml_resolved_functions_info 1006a4f0 f   c10_CusakisME4901arcs2.obj
 0001:0006b410       _sf_c10_CusakisME4901arcs2_get_check_sum 1006c410 f   c10_CusakisME4901arcs2.obj
 0001:0006b470       _sf_c10_CusakisME4901arcs2_get_autoinheritance_info 1006c470 f   c10_CusakisME4901arcs2.obj
 0001:0006d340       _sf_c10_CusakisME4901arcs2_third_party_uses_info 1006e340 f   c10_CusakisME4901arcs2.obj
 0001:0006d360       _sf_internal_get_sim_state_c10_CusakisME4901arcs2 1006e360 f   c10_CusakisME4901arcs2.obj
 0001:0006df00       _sf_internal_set_sim_state_c10_CusakisME4901arcs2 1006ef00 f   c10_CusakisME4901arcs2.obj
 0001:0006ebc0       _c10_CusakisME4901arcs2_method_dispatcher 1006fbc0 f   c10_CusakisME4901arcs2.obj
 0001:00079990       _sf_c11_CusakisME4901arcs2_get_eml_resolved_functions_info 1007a990 f   c11_CusakisME4901arcs2.obj
 0001:00079c90       _sf_c11_CusakisME4901arcs2_get_check_sum 1007ac90 f   c11_CusakisME4901arcs2.obj
 0001:00079cf0       _sf_c11_CusakisME4901arcs2_get_autoinheritance_info 1007acf0 f   c11_CusakisME4901arcs2.obj
 0001:0007a010       _sf_c11_CusakisME4901arcs2_third_party_uses_info 1007b010 f   c11_CusakisME4901arcs2.obj
 0001:0007a030       _sf_internal_get_sim_state_c11_CusakisME4901arcs2 1007b030 f   c11_CusakisME4901arcs2.obj
 0001:0007a2f0       _sf_internal_set_sim_state_c11_CusakisME4901arcs2 1007b2f0 f   c11_CusakisME4901arcs2.obj
 0001:0007a670       _c11_CusakisME4901arcs2_method_dispatcher 1007b670 f   c11_CusakisME4901arcs2.obj
 0001:0007c3d0       _sf_c12_CusakisME4901arcs2_get_eml_resolved_functions_info 1007d3d0 f   c12_CusakisME4901arcs2.obj
 0001:0007c6d0       _sf_c12_CusakisME4901arcs2_get_check_sum 1007d6d0 f   c12_CusakisME4901arcs2.obj
 0001:0007c730       _sf_c12_CusakisME4901arcs2_get_autoinheritance_info 1007d730 f   c12_CusakisME4901arcs2.obj
 0001:0007ca50       _sf_c12_CusakisME4901arcs2_third_party_uses_info 1007da50 f   c12_CusakisME4901arcs2.obj
 0001:0007ca70       _sf_internal_get_sim_state_c12_CusakisME4901arcs2 1007da70 f   c12_CusakisME4901arcs2.obj
 0001:0007cd80       _sf_internal_set_sim_state_c12_CusakisME4901arcs2 1007dd80 f   c12_CusakisME4901arcs2.obj
 0001:0007d110       _c12_CusakisME4901arcs2_method_dispatcher 1007e110 f   c12_CusakisME4901arcs2.obj
 0001:0007ef00       _sf_c13_CusakisME4901arcs2_get_eml_resolved_functions_info 1007ff00 f   c13_CusakisME4901arcs2.obj
 0001:0007ef50       _sf_c13_CusakisME4901arcs2_get_check_sum 1007ff50 f   c13_CusakisME4901arcs2.obj
 0001:0007efb0       _sf_c13_CusakisME4901arcs2_get_autoinheritance_info 1007ffb0 f   c13_CusakisME4901arcs2.obj
 0001:0007f4c0       _sf_c13_CusakisME4901arcs2_third_party_uses_info 100804c0 f   c13_CusakisME4901arcs2.obj
 0001:0007f4e0       _sf_internal_get_sim_state_c13_CusakisME4901arcs2 100804e0 f   c13_CusakisME4901arcs2.obj
 0001:0007f7a0       _sf_internal_set_sim_state_c13_CusakisME4901arcs2 100807a0 f   c13_CusakisME4901arcs2.obj
 0001:0007fb20       _c13_CusakisME4901arcs2_method_dispatcher 10080b20 f   c13_CusakisME4901arcs2.obj
 0001:000813f0       _sf_c14_CusakisME4901arcs2_get_eml_resolved_functions_info 100823f0 f   c14_CusakisME4901arcs2.obj
 0001:000817f0       _sf_c14_CusakisME4901arcs2_get_check_sum 100827f0 f   c14_CusakisME4901arcs2.obj
 0001:00081850       _sf_c14_CusakisME4901arcs2_get_autoinheritance_info 10082850 f   c14_CusakisME4901arcs2.obj
 0001:00081c60       _sf_c14_CusakisME4901arcs2_third_party_uses_info 10082c60 f   c14_CusakisME4901arcs2.obj
 0001:00081c80       _sf_internal_get_sim_state_c14_CusakisME4901arcs2 10082c80 f   c14_CusakisME4901arcs2.obj
 0001:00081fe0       _sf_internal_set_sim_state_c14_CusakisME4901arcs2 10082fe0 f   c14_CusakisME4901arcs2.obj
 0001:000824b0       _c14_CusakisME4901arcs2_method_dispatcher 100834b0 f   c14_CusakisME4901arcs2.obj
 0001:00083f00       _sf_c15_CusakisME4901arcs2_get_eml_resolved_functions_info 10084f00 f   c15_CusakisME4901arcs2.obj
 0001:00084510       _sf_c15_CusakisME4901arcs2_get_check_sum 10085510 f   c15_CusakisME4901arcs2.obj
 0001:00084570       _sf_c15_CusakisME4901arcs2_get_autoinheritance_info 10085570 f   c15_CusakisME4901arcs2.obj
 0001:00085160       _sf_c15_CusakisME4901arcs2_third_party_uses_info 10086160 f   c15_CusakisME4901arcs2.obj
 0001:00085180       _sf_internal_get_sim_state_c15_CusakisME4901arcs2 10086180 f   c15_CusakisME4901arcs2.obj
 0001:00085590       _sf_internal_set_sim_state_c15_CusakisME4901arcs2 10086590 f   c15_CusakisME4901arcs2.obj
 0001:00085af0       _c15_CusakisME4901arcs2_method_dispatcher 10086af0 f   c15_CusakisME4901arcs2.obj
 0001:0008af60       _sf_c16_CusakisME4901arcs2_get_eml_resolved_functions_info 1008bf60 f   c16_CusakisME4901arcs2.obj
 0001:0008b420       _sf_c16_CusakisME4901arcs2_get_check_sum 1008c420 f   c16_CusakisME4901arcs2.obj
 0001:0008b480       _sf_c16_CusakisME4901arcs2_get_autoinheritance_info 1008c480 f   c16_CusakisME4901arcs2.obj
 0001:0008bdf0       _sf_c16_CusakisME4901arcs2_third_party_uses_info 1008cdf0 f   c16_CusakisME4901arcs2.obj
 0001:0008be10       _sf_internal_get_sim_state_c16_CusakisME4901arcs2 1008ce10 f   c16_CusakisME4901arcs2.obj
 0001:0008c1a0       _sf_internal_set_sim_state_c16_CusakisME4901arcs2 1008d1a0 f   c16_CusakisME4901arcs2.obj
 0001:0008c670       _c16_CusakisME4901arcs2_method_dispatcher 1008d670 f   c16_CusakisME4901arcs2.obj
 0001:0008e710       _sf_c17_CusakisME4901arcs2_get_eml_resolved_functions_info 1008f710 f   c17_CusakisME4901arcs2.obj
 0001:0008e760       _sf_c17_CusakisME4901arcs2_get_check_sum 1008f760 f   c17_CusakisME4901arcs2.obj
 0001:0008e7c0       _sf_c17_CusakisME4901arcs2_get_autoinheritance_info 1008f7c0 f   c17_CusakisME4901arcs2.obj
 0001:0008ebd0       _sf_c17_CusakisME4901arcs2_third_party_uses_info 1008fbd0 f   c17_CusakisME4901arcs2.obj
 0001:0008ebf0       _sf_internal_get_sim_state_c17_CusakisME4901arcs2 1008fbf0 f   c17_CusakisME4901arcs2.obj
 0001:0008eeb0       _sf_internal_set_sim_state_c17_CusakisME4901arcs2 1008feb0 f   c17_CusakisME4901arcs2.obj
 0001:0008f230       _c17_CusakisME4901arcs2_method_dispatcher 10090230 f   c17_CusakisME4901arcs2.obj
 0001:00090880       _sf_c18_CusakisME4901arcs2_get_eml_resolved_functions_info 10091880 f   c18_CusakisME4901arcs2.obj
 0001:000908d0       _sf_c18_CusakisME4901arcs2_get_check_sum 100918d0 f   c18_CusakisME4901arcs2.obj
 0001:00090930       _sf_c18_CusakisME4901arcs2_get_autoinheritance_info 10091930 f   c18_CusakisME4901arcs2.obj
 0001:00091070       _sf_c18_CusakisME4901arcs2_third_party_uses_info 10092070 f   c18_CusakisME4901arcs2.obj
 0001:00091090       _sf_internal_get_sim_state_c18_CusakisME4901arcs2 10092090 f   c18_CusakisME4901arcs2.obj
 0001:00091390       _sf_internal_set_sim_state_c18_CusakisME4901arcs2 10092390 f   c18_CusakisME4901arcs2.obj
 0001:000916e0       _c18_CusakisME4901arcs2_method_dispatcher 100926e0 f   c18_CusakisME4901arcs2.obj
 0001:00093360       _sf_c19_CusakisME4901arcs2_get_eml_resolved_functions_info 10094360 f   c19_CusakisME4901arcs2.obj
 0001:00093d50       _sf_c19_CusakisME4901arcs2_get_check_sum 10094d50 f   c19_CusakisME4901arcs2.obj
 0001:00093db0       _sf_c19_CusakisME4901arcs2_get_autoinheritance_info 10094db0 f   c19_CusakisME4901arcs2.obj
 0001:00094410       _sf_c19_CusakisME4901arcs2_third_party_uses_info 10095410 f   c19_CusakisME4901arcs2.obj
 0001:00094430       _sf_internal_get_sim_state_c19_CusakisME4901arcs2 10095430 f   c19_CusakisME4901arcs2.obj
 0001:000946c0       _sf_internal_set_sim_state_c19_CusakisME4901arcs2 100956c0 f   c19_CusakisME4901arcs2.obj
 0001:000949d0       _c19_CusakisME4901arcs2_method_dispatcher 100959d0 f   c19_CusakisME4901arcs2.obj
 0001:00096f90       _sf_c20_CusakisME4901arcs2_get_eml_resolved_functions_info 10097f90 f   c20_CusakisME4901arcs2.obj
 0001:0009e4b0       _sf_c20_CusakisME4901arcs2_get_check_sum 1009f4b0 f   c20_CusakisME4901arcs2.obj
 0001:0009e510       _sf_c20_CusakisME4901arcs2_get_autoinheritance_info 1009f510 f   c20_CusakisME4901arcs2.obj
 0001:0009f590       _sf_c20_CusakisME4901arcs2_third_party_uses_info 100a0590 f   c20_CusakisME4901arcs2.obj
 0001:0009f5b0       _sf_internal_get_sim_state_c20_CusakisME4901arcs2 100a05b0 f   c20_CusakisME4901arcs2.obj
 0001:0009fab0       _sf_internal_set_sim_state_c20_CusakisME4901arcs2 100a0ab0 f   c20_CusakisME4901arcs2.obj
 0001:000a0140       _c20_CusakisME4901arcs2_method_dispatcher 100a1140 f   c20_CusakisME4901arcs2.obj
 0001:000c9eb0       _sf_c21_CusakisME4901arcs2_get_eml_resolved_functions_info 100caeb0 f   c21_CusakisME4901arcs2.obj
 0001:000ca260       _sf_c21_CusakisME4901arcs2_get_check_sum 100cb260 f   c21_CusakisME4901arcs2.obj
 0001:000ca2c0       _sf_c21_CusakisME4901arcs2_get_autoinheritance_info 100cb2c0 f   c21_CusakisME4901arcs2.obj
 0001:000cad40       _sf_c21_CusakisME4901arcs2_third_party_uses_info 100cbd40 f   c21_CusakisME4901arcs2.obj
 0001:000cad60       _sf_internal_get_sim_state_c21_CusakisME4901arcs2 100cbd60 f   c21_CusakisME4901arcs2.obj
 0001:000cb060       _sf_internal_set_sim_state_c21_CusakisME4901arcs2 100cc060 f   c21_CusakisME4901arcs2.obj
 0001:000cb3b0       _c21_CusakisME4901arcs2_method_dispatcher 100cc3b0 f   c21_CusakisME4901arcs2.obj
 0001:000cd1d0       _sf_c22_CusakisME4901arcs2_get_eml_resolved_functions_info 100ce1d0 f   c22_CusakisME4901arcs2.obj
 0001:000cd660       _sf_c22_CusakisME4901arcs2_get_check_sum 100ce660 f   c22_CusakisME4901arcs2.obj
 0001:000cd6c0       _sf_c22_CusakisME4901arcs2_get_autoinheritance_info 100ce6c0 f   c22_CusakisME4901arcs2.obj
 0001:000cd9e0       _sf_c22_CusakisME4901arcs2_third_party_uses_info 100ce9e0 f   c22_CusakisME4901arcs2.obj
 0001:000cda00       _sf_internal_get_sim_state_c22_CusakisME4901arcs2 100cea00 f   c22_CusakisME4901arcs2.obj
 0001:000cdcc0       _sf_internal_set_sim_state_c22_CusakisME4901arcs2 100cecc0 f   c22_CusakisME4901arcs2.obj
 0001:000ce040       _c22_CusakisME4901arcs2_method_dispatcher 100cf040 f   c22_CusakisME4901arcs2.obj
 0001:000cf690       _sf_c23_CusakisME4901arcs2_get_eml_resolved_functions_info 100d0690 f   c23_CusakisME4901arcs2.obj
 0001:000cfb00       _sf_c23_CusakisME4901arcs2_get_check_sum 100d0b00 f   c23_CusakisME4901arcs2.obj
 0001:000cfb60       _sf_c23_CusakisME4901arcs2_get_autoinheritance_info 100d0b60 f   c23_CusakisME4901arcs2.obj
 0001:000cfe70       _sf_c23_CusakisME4901arcs2_third_party_uses_info 100d0e70 f   c23_CusakisME4901arcs2.obj
 0001:000cfe90       _sf_internal_get_sim_state_c23_CusakisME4901arcs2 100d0e90 f   c23_CusakisME4901arcs2.obj
 0001:000d0120       _sf_internal_set_sim_state_c23_CusakisME4901arcs2 100d1120 f   c23_CusakisME4901arcs2.obj
 0001:000d0430       _c23_CusakisME4901arcs2_method_dispatcher 100d1430 f   c23_CusakisME4901arcs2.obj
 0001:000d1670       _sf_c24_CusakisME4901arcs2_get_eml_resolved_functions_info 100d2670 f   c24_CusakisME4901arcs2.obj
 0001:000d16c0       _sf_c24_CusakisME4901arcs2_get_check_sum 100d26c0 f   c24_CusakisME4901arcs2.obj
 0001:000d1720       _sf_c24_CusakisME4901arcs2_get_autoinheritance_info 100d2720 f   c24_CusakisME4901arcs2.obj
 0001:000d1b20       _sf_c24_CusakisME4901arcs2_third_party_uses_info 100d2b20 f   c24_CusakisME4901arcs2.obj
 0001:000d1b40       _sf_internal_get_sim_state_c24_CusakisME4901arcs2 100d2b40 f   c24_CusakisME4901arcs2.obj
 0001:000d1dd0       _sf_internal_set_sim_state_c24_CusakisME4901arcs2 100d2dd0 f   c24_CusakisME4901arcs2.obj
 0001:000d20e0       _c24_CusakisME4901arcs2_method_dispatcher 100d30e0 f   c24_CusakisME4901arcs2.obj
 0001:000d3910       _sf_c25_CusakisME4901arcs2_get_eml_resolved_functions_info 100d4910 f   c25_CusakisME4901arcs2.obj
 0001:000d3e60       _sf_c25_CusakisME4901arcs2_get_check_sum 100d4e60 f   c25_CusakisME4901arcs2.obj
 0001:000d3ec0       _sf_c25_CusakisME4901arcs2_get_autoinheritance_info 100d4ec0 f   c25_CusakisME4901arcs2.obj
 0001:000d4520       _sf_c25_CusakisME4901arcs2_third_party_uses_info 100d5520 f   c25_CusakisME4901arcs2.obj
 0001:000d4540       _sf_internal_get_sim_state_c25_CusakisME4901arcs2 100d5540 f   c25_CusakisME4901arcs2.obj
 0001:000d4800       _sf_internal_set_sim_state_c25_CusakisME4901arcs2 100d5800 f   c25_CusakisME4901arcs2.obj
 0001:000d4b80       _c25_CusakisME4901arcs2_method_dispatcher 100d5b80 f   c25_CusakisME4901arcs2.obj
 0001:000d6900       _sf_c26_CusakisME4901arcs2_get_eml_resolved_functions_info 100d7900 f   c26_CusakisME4901arcs2.obj
 0001:000d6950       _sf_c26_CusakisME4901arcs2_get_check_sum 100d7950 f   c26_CusakisME4901arcs2.obj
 0001:000d69b0       _sf_c26_CusakisME4901arcs2_get_autoinheritance_info 100d79b0 f   c26_CusakisME4901arcs2.obj
 0001:000d6dc0       _sf_c26_CusakisME4901arcs2_third_party_uses_info 100d7dc0 f   c26_CusakisME4901arcs2.obj
 0001:000d6de0       _sf_internal_get_sim_state_c26_CusakisME4901arcs2 100d7de0 f   c26_CusakisME4901arcs2.obj
 0001:000d70a0       _sf_internal_set_sim_state_c26_CusakisME4901arcs2 100d80a0 f   c26_CusakisME4901arcs2.obj
 0001:000d7420       _c26_CusakisME4901arcs2_method_dispatcher 100d8420 f   c26_CusakisME4901arcs2.obj
 0001:000d8b10       _sf_c27_CusakisME4901arcs2_get_eml_resolved_functions_info 100d9b10 f   c27_CusakisME4901arcs2.obj
 0001:000d9050       _sf_c27_CusakisME4901arcs2_get_check_sum 100da050 f   c27_CusakisME4901arcs2.obj
 0001:000d90b0       _sf_c27_CusakisME4901arcs2_get_autoinheritance_info 100da0b0 f   c27_CusakisME4901arcs2.obj
 0001:000d93c0       _sf_c27_CusakisME4901arcs2_third_party_uses_info 100da3c0 f   c27_CusakisME4901arcs2.obj
 0001:000d93e0       _sf_internal_get_sim_state_c27_CusakisME4901arcs2 100da3e0 f   c27_CusakisME4901arcs2.obj
 0001:000d9670       _sf_internal_set_sim_state_c27_CusakisME4901arcs2 100da670 f   c27_CusakisME4901arcs2.obj
 0001:000d9980       _c27_CusakisME4901arcs2_method_dispatcher 100da980 f   c27_CusakisME4901arcs2.obj
 0001:000dabd0       _sf_c28_CusakisME4901arcs2_get_eml_resolved_functions_info 100dbbd0 f   c28_CusakisME4901arcs2.obj
 0001:000db130       _sf_c28_CusakisME4901arcs2_get_check_sum 100dc130 f   c28_CusakisME4901arcs2.obj
 0001:000db190       _sf_c28_CusakisME4901arcs2_get_autoinheritance_info 100dc190 f   c28_CusakisME4901arcs2.obj
 0001:000db4a0       _sf_c28_CusakisME4901arcs2_third_party_uses_info 100dc4a0 f   c28_CusakisME4901arcs2.obj
 0001:000db4c0       _sf_internal_get_sim_state_c28_CusakisME4901arcs2 100dc4c0 f   c28_CusakisME4901arcs2.obj
 0001:000db750       _sf_internal_set_sim_state_c28_CusakisME4901arcs2 100dc750 f   c28_CusakisME4901arcs2.obj
 0001:000dba60       _c28_CusakisME4901arcs2_method_dispatcher 100dca60 f   c28_CusakisME4901arcs2.obj
 0001:000dccb0       _sf_c29_CusakisME4901arcs2_get_eml_resolved_functions_info 100ddcb0 f   c29_CusakisME4901arcs2.obj
 0001:000dd1e0       _sf_c29_CusakisME4901arcs2_get_check_sum 100de1e0 f   c29_CusakisME4901arcs2.obj
 0001:000dd240       _sf_c29_CusakisME4901arcs2_get_autoinheritance_info 100de240 f   c29_CusakisME4901arcs2.obj
 0001:000dd550       _sf_c29_CusakisME4901arcs2_third_party_uses_info 100de550 f   c29_CusakisME4901arcs2.obj
 0001:000dd570       _sf_internal_get_sim_state_c29_CusakisME4901arcs2 100de570 f   c29_CusakisME4901arcs2.obj
 0001:000dd800       _sf_internal_set_sim_state_c29_CusakisME4901arcs2 100de800 f   c29_CusakisME4901arcs2.obj
 0001:000ddb10       _c29_CusakisME4901arcs2_method_dispatcher 100deb10 f   c29_CusakisME4901arcs2.obj
 0001:000ded50       _sf_c30_CusakisME4901arcs2_get_eml_resolved_functions_info 100dfd50 f   c30_CusakisME4901arcs2.obj
 0001:000df2b0       _sf_c30_CusakisME4901arcs2_get_check_sum 100e02b0 f   c30_CusakisME4901arcs2.obj
 0001:000df310       _sf_c30_CusakisME4901arcs2_get_autoinheritance_info 100e0310 f   c30_CusakisME4901arcs2.obj
 0001:000df620       _sf_c30_CusakisME4901arcs2_third_party_uses_info 100e0620 f   c30_CusakisME4901arcs2.obj
 0001:000df640       _sf_internal_get_sim_state_c30_CusakisME4901arcs2 100e0640 f   c30_CusakisME4901arcs2.obj
 0001:000df8d0       _sf_internal_set_sim_state_c30_CusakisME4901arcs2 100e08d0 f   c30_CusakisME4901arcs2.obj
 0001:000dfbe0       _c30_CusakisME4901arcs2_method_dispatcher 100e0be0 f   c30_CusakisME4901arcs2.obj
 0001:000e0e20       _sf_c31_CusakisME4901arcs2_get_eml_resolved_functions_info 100e1e20 f   c31_CusakisME4901arcs2.obj
 0001:000e1410       _sf_c31_CusakisME4901arcs2_get_check_sum 100e2410 f   c31_CusakisME4901arcs2.obj
 0001:000e1470       _sf_c31_CusakisME4901arcs2_get_autoinheritance_info 100e2470 f   c31_CusakisME4901arcs2.obj
 0001:000e2900       _sf_c31_CusakisME4901arcs2_third_party_uses_info 100e3900 f   c31_CusakisME4901arcs2.obj
 0001:000e2920       _sf_internal_get_sim_state_c31_CusakisME4901arcs2 100e3920 f   c31_CusakisME4901arcs2.obj
 0001:000e30a0       _sf_internal_set_sim_state_c31_CusakisME4901arcs2 100e40a0 f   c31_CusakisME4901arcs2.obj
 0001:000e35e0       _c31_CusakisME4901arcs2_method_dispatcher 100e45e0 f   c31_CusakisME4901arcs2.obj
 0001:000e6f20       _sf_c32_CusakisME4901arcs2_get_eml_resolved_functions_info 100e7f20 f   c32_CusakisME4901arcs2.obj
 0001:000e7a20       _sf_c32_CusakisME4901arcs2_get_check_sum 100e8a20 f   c32_CusakisME4901arcs2.obj
 0001:000e7a80       _sf_c32_CusakisME4901arcs2_get_autoinheritance_info 100e8a80 f   c32_CusakisME4901arcs2.obj
 0001:000e7da0       _sf_c32_CusakisME4901arcs2_third_party_uses_info 100e8da0 f   c32_CusakisME4901arcs2.obj
 0001:000e7dc0       _sf_internal_get_sim_state_c32_CusakisME4901arcs2 100e8dc0 f   c32_CusakisME4901arcs2.obj
 0001:000e8050       _sf_internal_set_sim_state_c32_CusakisME4901arcs2 100e9050 f   c32_CusakisME4901arcs2.obj
 0001:000e82c0       _c32_CusakisME4901arcs2_method_dispatcher 100e92c0 f   c32_CusakisME4901arcs2.obj
 0001:000e9dd0       _sf_c33_CusakisME4901arcs2_get_eml_resolved_functions_info 100eadd0 f   c33_CusakisME4901arcs2.obj
 0001:000ea310       _sf_c33_CusakisME4901arcs2_get_check_sum 100eb310 f   c33_CusakisME4901arcs2.obj
 0001:000ea370       _sf_c33_CusakisME4901arcs2_get_autoinheritance_info 100eb370 f   c33_CusakisME4901arcs2.obj
 0001:000ea680       _sf_c33_CusakisME4901arcs2_third_party_uses_info 100eb680 f   c33_CusakisME4901arcs2.obj
 0001:000ea6a0       _sf_internal_get_sim_state_c33_CusakisME4901arcs2 100eb6a0 f   c33_CusakisME4901arcs2.obj
 0001:000ea930       _sf_internal_set_sim_state_c33_CusakisME4901arcs2 100eb930 f   c33_CusakisME4901arcs2.obj
 0001:000eaba0       _c33_CusakisME4901arcs2_method_dispatcher 100ebba0 f   c33_CusakisME4901arcs2.obj
 0001:000ec230       _sf_c34_CusakisME4901arcs2_get_eml_resolved_functions_info 100ed230 f   c34_CusakisME4901arcs2.obj
 0001:000ec7d0       _sf_c34_CusakisME4901arcs2_get_check_sum 100ed7d0 f   c34_CusakisME4901arcs2.obj
 0001:000ec830       _sf_c34_CusakisME4901arcs2_get_autoinheritance_info 100ed830 f   c34_CusakisME4901arcs2.obj
 0001:000ecf60       _sf_c34_CusakisME4901arcs2_third_party_uses_info 100edf60 f   c34_CusakisME4901arcs2.obj
 0001:000ecf80       _sf_internal_get_sim_state_c34_CusakisME4901arcs2 100edf80 f   c34_CusakisME4901arcs2.obj
 0001:000ed350       _sf_internal_set_sim_state_c34_CusakisME4901arcs2 100ee350 f   c34_CusakisME4901arcs2.obj
 0001:000ed680       _c34_CusakisME4901arcs2_method_dispatcher 100ee680 f   c34_CusakisME4901arcs2.obj
 0001:000ef590       _sf_c35_CusakisME4901arcs2_get_eml_resolved_functions_info 100f0590 f   c35_CusakisME4901arcs2.obj
 0001:000f05f0       _sf_c35_CusakisME4901arcs2_get_check_sum 100f15f0 f   c35_CusakisME4901arcs2.obj
 0001:000f0650       _sf_c35_CusakisME4901arcs2_get_autoinheritance_info 100f1650 f   c35_CusakisME4901arcs2.obj
 0001:000f1440       _sf_c35_CusakisME4901arcs2_third_party_uses_info 100f2440 f   c35_CusakisME4901arcs2.obj
 0001:000f1460       _sf_internal_get_sim_state_c35_CusakisME4901arcs2 100f2460 f   c35_CusakisME4901arcs2.obj
 0001:000f19b0       _sf_internal_set_sim_state_c35_CusakisME4901arcs2 100f29b0 f   c35_CusakisME4901arcs2.obj
 0001:000f1f20       _c35_CusakisME4901arcs2_method_dispatcher 100f2f20 f   c35_CusakisME4901arcs2.obj
 0001:000f7b30       _sf_process_check_sum_call 100f8b30 f   CusakisME4901arcs2_sfun_registry.obj
 0001:000f7b60       _sf_process_autoinheritance_call 100f8b60 f   CusakisME4901arcs2_sfun_registry.obj
 0001:000f7ca0       _sf_process_get_third_party_uses_info_call 100f8ca0 f   CusakisME4901arcs2_sfun_registry.obj
 0001:000f7de0       _sf_process_get_eml_resolved_functions_info_call 100f8de0 f   CusakisME4901arcs2_sfun_registry.obj
 0001:000f7f00       _sf_mex_unlock_call        100f8f00 f   CusakisME4901arcs2_sfun_registry.obj
 0001:000f7f90       _sf_machine_global_initializer_called 100f8f90 f   CusakisME4901arcs2_sfun_registry.obj
 0001:000f7fb0       _sf_machine_global_method_dispatcher 100f8fb0 f   CusakisME4901arcs2_sfun_registry.obj
 0001:000f7ff0       _sf_machine_global_terminator 100f8ff0 f   CusakisME4901arcs2_sfun_registry.obj
 0001:000f8030       _sf_register_machine_exported_symbols 100f9030 f   CusakisME4901arcs2_sfun_registry.obj
 0001:000f8050       _callCustomFcn             100f9050 f   CusakisME4901arcs2_sfun_registry.obj
 0001:000f8060       _sf_machine_global_initializer 100f9060 f   CusakisME4901arcs2_sfun_registry.obj
 0001:000f80d0       __ssSetStateAbsTol         100f90d0 f   CusakisME4901arcs2_sfun_registry.obj
 0001:000f8170       __ssGetAbsTol              100f9170 f   CusakisME4901arcs2_sfun_registry.obj
 0001:000f81c0       __ssSetInputPortMatrixDimensions 100f91c0 f   CusakisME4901arcs2_sfun_registry.obj
 0001:000f8270       __ssSetOutputPortMatrixDimensions 100f9270 f   CusakisME4901arcs2_sfun_registry.obj
 0001:000f8320       __ssSetInputPortVectorDimension 100f9320 f   CusakisME4901arcs2_sfun_registry.obj
 0001:000f83a0       __ssSetOutputPortVectorDimension 100f93a0 f   CusakisME4901arcs2_sfun_registry.obj
 0001:000f8420       _ssIsRunTimeParamTunable   100f9420 f   CusakisME4901arcs2_sfun_registry.obj
 0001:000f8480       _ssGetSFuncBlockHandle     100f9480 f   CusakisME4901arcs2_sfun_registry.obj
 0001:000f84d0       __ssGetCurrentInputPortWidth 100f94d0 f   CusakisME4901arcs2_sfun_registry.obj
 0001:000f85a0       __ssGetCurrentOutputPortWidth 100f95a0 f   CusakisME4901arcs2_sfun_registry.obj
 0001:000f8670       __ssGetCallSystemNumFcnCallDestinations 100f9670 f   CusakisME4901arcs2_sfun_registry.obj
 0001:000f86d0       _ssWarning                 100f96d0 f   CusakisME4901arcs2_sfun_registry.obj
 0001:000f87b0       _ssGetIsZeroCrossControlDisabled 100f97b0 f   CusakisME4901arcs2_sfun_registry.obj
 0001:000f8810       _ssSetIsInputPortUsedForContZcSignal 100f9810 f   CusakisME4901arcs2_sfun_registry.obj
 0001:000f8860       _ssSetZcSignalIsZcElementDisc 100f9860 f   CusakisME4901arcs2_sfun_registry.obj
 0001:000f88e0       _ssSetZcSignalName         100f98e0 f   CusakisME4901arcs2_sfun_registry.obj
 0001:000f8930       _ssSetZcSignalWidth        100f9930 f   CusakisME4901arcs2_sfun_registry.obj
 0001:000f8980       _ssSetZcSignalZcEventType  100f9980 f   CusakisME4901arcs2_sfun_registry.obj
 0001:000f89d0       _ssSetZcSignalType         100f99d0 f   CusakisME4901arcs2_sfun_registry.obj
 0001:000f8a20       _ssSetZcSignalZcTol        100f9a20 f   CusakisME4901arcs2_sfun_registry.obj
 0001:000f8a70       _ssSetZcSignalNeedsEventNotification 100f9a70 f   CusakisME4901arcs2_sfun_registry.obj
 0001:000f8ac0       _ssCreateAndAddZcSignalInfo 100f9ac0 f   CusakisME4901arcs2_sfun_registry.obj
 0001:000f8b20       _ssCloneAndAddZcSignalInfo 100f9b20 f   CusakisME4901arcs2_sfun_registry.obj
 0001:000f8b80       _ssGetNumZcSignals         100f9b80 f   CusakisME4901arcs2_sfun_registry.obj
 0001:000f8be0       _ssGetZcSignalVector       100f9be0 f   CusakisME4901arcs2_sfun_registry.obj
 0001:000f8c40       _ssGetZcSignalZcEvents     100f9c40 f   CusakisME4901arcs2_sfun_registry.obj
 0001:000f8ca0       _ssGetZcSignalName         100f9ca0 f   CusakisME4901arcs2_sfun_registry.obj
 0001:000f8d00       _ssGetZcSignalWidth        100f9d00 f   CusakisME4901arcs2_sfun_registry.obj
 0001:000f8d60       _ssGetZcSignalZcEventType  100f9d60 f   CusakisME4901arcs2_sfun_registry.obj
 0001:000f8dc0       _ssGetZcSignalType         100f9dc0 f   CusakisME4901arcs2_sfun_registry.obj
 0001:000f8e20       _ssGetZcSignalZcTol        100f9e20 f   CusakisME4901arcs2_sfun_registry.obj
 0001:000f8e80       _ssGetZcSignalNeedsEventNotification 100f9e80 f   CusakisME4901arcs2_sfun_registry.obj
 0001:000f8ee0       _ssGetZcSignalIsZcElementDisc 100f9ee0 f   CusakisME4901arcs2_sfun_registry.obj
 0001:000f8f60       _ssGetIsInputPortElementContinuous 100f9f60 f   CusakisME4901arcs2_sfun_registry.obj
 0001:000f8fe0       __ssGetInputPortSignalPtrsFcn 100f9fe0 f   CusakisME4901arcs2_sfun_registry.obj
 0001:000f91e0       __ssGetInputPortSignalFcn  100fa1e0 f   CusakisME4901arcs2_sfun_registry.obj
 0001:000f9370       __ssSetInputPortDirectFeedThroughFcn 100fa370 f   CusakisME4901arcs2_sfun_registry.obj
 0001:000f94a0       __ssSetInputPortReusableFcn 100fa4a0 f   CusakisME4901arcs2_sfun_registry.obj
 0001:000f9530       __ssSetOutputPortReusableFcn 100fa530 f   CusakisME4901arcs2_sfun_registry.obj
 0001:000f95c0       _ssGetDTypeIdFromMxArray   100fa5c0 f   CusakisME4901arcs2_sfun_registry.obj
 0001:000f96b0       _ssWriteRTWStr             100fa6b0 f   CusakisME4901arcs2_sfun_registry.obj
 0001:000f96f0       _ssWriteRTWMxVectParam     100fa6f0 f   CusakisME4901arcs2_sfun_registry.obj
 0001:000f9730       _ssWriteRTWMx2dMatParam    100fa730 f   CusakisME4901arcs2_sfun_registry.obj
 0001:000f9770       _ssWriteRTWNameValuePair   100fa770 f   CusakisME4901arcs2_sfun_registry.obj
 0001:000f9ae0       _ssWriteRTWParameters      100faae0 f   CusakisME4901arcs2_sfun_registry.obj
 0001:000f9e80       _ssWriteRTWParamSettings   100fae80 f   CusakisME4901arcs2_sfun_registry.obj
 0001:000fa330       _ssWriteRTWWorkVect        100fb330 f   CusakisME4901arcs2_sfun_registry.obj
 0001:000fa6c0       _mexFunction               100fb6c0 f   CusakisME4901arcs2_sfun_registry.obj
 0001:000fbe40       _ProcessMexSfunctionEveryCall 100fce40 f   CusakisME4901arcs2_sfun_registry.obj
 0001:000fbf50       _CusakisME4901arcs2_initializer 100fcf50 f   CusakisME4901arcs2_sfun.obj
 0001:000fbf60       _CusakisME4901arcs2_terminator 100fcf60 f   CusakisME4901arcs2_sfun.obj
 0001:000fbf70       _sf_CusakisME4901arcs2_method_dispatcher 100fcf70 f   CusakisME4901arcs2_sfun.obj
 0001:000fc460       _sf_CusakisME4901arcs2_process_check_sum_call 100fd460 f   CusakisME4901arcs2_sfun.obj
 0001:000fcae0       _sf_CusakisME4901arcs2_autoinheritance_info 100fdae0 f   CusakisME4901arcs2_sfun.obj
 0001:000fd490       _sf_CusakisME4901arcs2_get_eml_resolved_functions_info 100fe490 f   CusakisME4901arcs2_sfun.obj
 0001:000fdca0       _sf_CusakisME4901arcs2_third_party_uses_info 100feca0 f   CusakisME4901arcs2_sfun.obj
 0001:000fe3a0       _CusakisME4901arcs2_debug_initialize 100ff3a0 f   CusakisME4901arcs2_sfun.obj
 0001:000fe400       _CusakisME4901arcs2_register_exported_symbols 100ff400 f   CusakisME4901arcs2_sfun.obj
 0001:000fe410       _load_CusakisME4901arcs2_optimization_info 100ff410 f   CusakisME4901arcs2_sfun.obj
 0001:000fe450       _unload_CusakisME4901arcs2_optimization_info 100ff450 f   CusakisME4901arcs2_sfun.obj
 0001:000fe520       _sf_mex_mx_is_numeric      100ff520 f   sfc_mexmsvc80:sfc_mex.obj
 0001:000fe560       _strcmp_ignore_ws          100ff560 f   sfc_mexmsvc80:sfc_mex.obj
 0001:000fe680       _sf_mex_duplicatearraysafe 100ff680 f   sfc_mexmsvc80:sfc_mex.obj
 0001:000fe860       _sf_set_error_debugger_context_message_fcn 100ff860 f   sfc_mexmsvc80:sfc_mex.obj
 0001:000fe880       _sf_set_debugger_matlab_error_fcn 100ff880 f   sfc_mexmsvc80:sfc_mex.obj
 0001:000fe8b0       _sf_set_error_prefix_string 100ff8b0 f   sfc_mexmsvc80:sfc_mex.obj
 0001:000fe8e0       _sf_get_error_prefix_string 100ff8e0 f   sfc_mexmsvc80:sfc_mex.obj
 0001:000fe8f0       _sf_mex_enter_parallel_region 100ff8f0 f   sfc_mexmsvc80:sfc_mex.obj
 0001:000fe900       _sf_mex_exit_parallel_region 100ff900 f   sfc_mexmsvc80:sfc_mex.obj
 0001:000fe910       _sf_get_current_jmp_buf_ptr 100ff910 f   sfc_mexmsvc80:sfc_mex.obj
 0001:000fe920       _sf_set_current_jmp_buf_ptr 100ff920 f   sfc_mexmsvc80:sfc_mex.obj
 0001:000fe930       _sf_mex_set_halt_simulation 100ff930 f   sfc_mexmsvc80:sfc_mex.obj
 0001:000fe940       _sf_mex_get_halt_simulation 100ff940 f   sfc_mexmsvc80:sfc_mex.obj
 0001:000fe950       _sf_mex_clear_error_message 100ff950 f   sfc_mexmsvc80:sfc_mex.obj
 0001:000fe970       _sf_mex_get_error_message_for_read 100ff970 f   sfc_mexmsvc80:sfc_mex.obj
 0001:000fe980       _sf_mex_get_error_message_buffer_length 100ff980 f   sfc_mexmsvc80:sfc_mex.obj
 0001:000fea50       _sf_mex_warning_message    100ffa50 f   sfc_mexmsvc80:sfc_mex.obj
 0001:000feaa0       _sf_mex_v_errbuf_createf   100ffaa0 f   sfc_mexmsvc80:sfc_mex.obj
 0001:000feac0       _sf_mex_errbuf_createf     100ffac0 f   sfc_mexmsvc80:sfc_mex.obj
 0001:000feae0       _sf_mex_v_errbuf_catf      100ffae0 f   sfc_mexmsvc80:sfc_mex.obj
 0001:000feb20       _sf_mex_errbuf_catf        100ffb20 f   sfc_mexmsvc80:sfc_mex.obj
 0001:000feb60       _sf_mex_errbuf_copy        100ffb60 f   sfc_mexmsvc80:sfc_mex.obj
 0001:000feb80       _sf_mex_errbuf_clear       100ffb80 f   sfc_mexmsvc80:sfc_mex.obj
 0001:000feb90       _sf_mex_errbuf_isempty     100ffb90 f   sfc_mexmsvc80:sfc_mex.obj
 0001:000fec20       _sf_mex_set_error_status   100ffc20 f   sfc_mexmsvc80:sfc_mex.obj
 0001:000fec50       _sf_mex_error_direct_call  100ffc50 f   sfc_mexmsvc80:sfc_mex.obj
 0001:000fec70       _sf_mex_error_message_no_long_jump 100ffc70 f   sfc_mexmsvc80:sfc_mex.obj
 0001:000feca0       _sf_mex_long_jump_on_error 100ffca0 f   sfc_mexmsvc80:sfc_mex.obj
 0001:000fecd0       _sf_mex_call_matlab        100ffcd0 f   sfc_mexmsvc80:sfc_mex.obj
 0001:000feda0       _sf_mex_check_builtin      100ffda0 f   sfc_mexmsvc80:sfc_mex.obj
 0001:000fee00       _sf_mex_check_builtin_vs   100ffe00 f   sfc_mexmsvc80:sfc_mex.obj
 0001:000fee60       _sf_mex_check_enum         100ffe60 f   sfc_mexmsvc80:sfc_mex.obj
 0001:000feeb0       _sf_mex_create_enum        100ffeb0 f   sfc_mexmsvc80:sfc_mex.obj
 0001:000fef00       _sf_mex_get_enum_element   100fff00 f   sfc_mexmsvc80:sfc_mex.obj
 0001:000fef10       _sf_mex_createcellarray    100fff10 f   sfc_mexmsvc80:sfc_mex.obj
 0001:000fef30       _sf_mex_setcell            100fff30 f   sfc_mexmsvc80:sfc_mex.obj
 0001:000fef40       _sf_mex_getcell            100fff40 f   sfc_mexmsvc80:sfc_mex.obj
 0001:000fef50       _sf_mex_dup                100fff50 f   sfc_mexmsvc80:sfc_mex.obj
 0001:000fef80       _sf_mex_assign             100fff80 f   sfc_mexmsvc80:sfc_mex.obj
 0001:000fefd0       _sf_mex_destroy            100fffd0 f   sfc_mexmsvc80:sfc_mex.obj
 0001:000ff000       _mx_array_has_fi_type      10100000 f   sfc_mexmsvc80:sfc_mex.obj
 0001:000ff030       _sf_mex_convert_from_fi    10100030 f   sfc_mexmsvc80:sfc_mex.obj
 0001:000ff110       _sf_mex_convert_to_double  10100110 f   sfc_mexmsvc80:sfc_mex.obj
 0001:000ff150       _sf_mex_import_fi_vs       10100150 f   sfc_mexmsvc80:sfc_mex.obj
 0001:000ff2b0       _sf_matrix_matrix_index_ok 101002b0 f   sfc_mexmsvc80:sfc_mex.obj
 0001:000ff320       _sf_vector_vector_index_ok 10100320 f   sfc_mexmsvc80:sfc_mex.obj
 0001:000ff350       _ssGetCurrentInputPortDimensions_wrapper 10100350 f   sfc_mexmsvc80:sfc_mex.obj
 0001:000ff370       _ssGetCurrentOutputPortDimensions_wrapper 10100370 f   sfc_mexmsvc80:sfc_mex.obj
 0001:000ff390       _sf_mex_emlrt_context_is_debug_mode 10100390 f   sfc_mexmsvc80:sfc_mex.obj
 0001:000ff3a0       _sf_mex_emlrt_context_set_debug_mode 101003a0 f   sfc_mexmsvc80:sfc_mex.obj
 0001:000ff3b0       _sf_mex_emlrtNameCapturePostProcessR2012a 101003b0 f   sfc_mexmsvc80:sfc_mex.obj
 0001:000ff410       _sf_clear_error_manager_info 10100410 f   sfc_mexmsvc80:sfc_mex.obj
 0001:000ff460       _sf_mex_stop_simulation_abruptly_wo_error 10100460 f   sfc_mexmsvc80:sfc_mex.obj
 0001:000ff490       _sf_mex_error_message      10100490 f   sfc_mexmsvc80:sfc_mex.obj
 0001:000ff4e0       _sf_react_to_error_in_matlab_call 101004e0 f   sfc_mexmsvc80:sfc_mex.obj
 0001:000ff510       _sf_mex_addfield           10100510 f   sfc_mexmsvc80:sfc_mex.obj
 0001:000ff590       _sf_mex_getfield           10100590 f   sfc_mexmsvc80:sfc_mex.obj
 0001:000ff810       _sf_mex_check_class        10100810 f   sfc_mexmsvc80:sfc_mex.obj
 0001:000ff890       _sf_mex_is_real            10100890 f   sfc_mexmsvc80:sfc_mex.obj
 0001:000ffaa0       _sf_mex_decode_encoded_mx_struct_array 10100aa0 f   sfc_mexmsvc80:sfc_mex.obj
 0001:000ffc40       _sf_mex_lw_bounds_check    10100c40 f   sfc_mexmsvc80:sfc_mex.obj
 0001:000ffc70       _sf_mex_lw_size_eq_check_1d 10100c70 f   sfc_mexmsvc80:sfc_mex.obj
 0001:000ffc90       _sf_mex_lw_size_eq_check_nd 10100c90 f   sfc_mexmsvc80:sfc_mex.obj
 0001:000ffd70       _sf_mex_lw_dim_size_eq_check 10100d70 f   sfc_mexmsvc80:sfc_mex.obj
 0001:000ffda0       _sf_mex_lw_dim_size_geq_check 10100da0 f   sfc_mexmsvc80:sfc_mex.obj
 0001:000ffdd0       _sf_mex_lw_sub_assign_size_check_nd 10100dd0 f   sfc_mexmsvc80:sfc_mex.obj
 0001:000fff00       _sf_mex_lw_runtime_error_msgid 10100f00 f   sfc_mexmsvc80:sfc_mex.obj
 0001:000fffb0       _sf_mex_lw_matrix_matrix_index_check 10100fb0 f   sfc_mexmsvc80:sfc_mex.obj
 0001:000fffe0       _sf_mex_lw_vector_vector_index_check 10100fe0 f   sfc_mexmsvc80:sfc_mex.obj
 0001:00100020       _sf_mex_lw_for_loop_vector_check 10101020 f   sfc_mexmsvc80:sfc_mex.obj
 0001:00100080       _sf_mex_lw_non_negative_check 10101080 f   sfc_mexmsvc80:sfc_mex.obj
 0001:001000b0       _sf_mex_overflow_error     101010b0 f   sfc_mexmsvc80:sfc_mex.obj
 0001:001000c0       _sf_mex_dividebyzero_error 101010c0 f   sfc_mexmsvc80:sfc_mex.obj
 0001:001000d0       _sf_mex_unsafe_enum_error  101010d0 f   sfc_mexmsvc80:sfc_mex.obj
 0001:001000e0       _sf_emlrtErrHandler        101010e0 f   sfc_mexmsvc80:sfc_mex.obj
 0001:001001a0       _sf_mex_size_one_check     101011a0 f   sfc_mexmsvc80:sfc_mex.obj
 0001:001001c0       _sf_mex_printf             101011c0 f   sfc_mexmsvc80:sfc_mex.obj
 0001:001002a0       _sf_mex_check_size         101012a0 f   sfc_mexmsvc80:sfc_mex.obj
 0001:00100520       _sf_mex_check_struct       10101520 f   sfc_mexmsvc80:sfc_mex.obj
 0001:00100770       _sf_mex_check_struct_vs    10101770 f   sfc_mexmsvc80:sfc_mex.obj
 0001:001007b0       _sf_mex_check_fi           101017b0 f   sfc_mexmsvc80:sfc_mex.obj
 0001:00100880       _sf_mex_check_fi_vs        10101880 f   sfc_mexmsvc80:sfc_mex.obj
 0001:001008d0       _sf_echo_expression        101018d0 f   sfc_mexmsvc80:sfc_mex.obj
 0001:00100920       _sf_assertion_failed       10101920 f   sfc_mexmsvc80:sfc_mex.obj
 0001:00100bb0       _sf_mex_evalin             10101bb0 f   sfc_mexmsvc80:sfc_mex.obj
 0001:00100e10       _sf_mex_export             10101e10 f   sfc_mexmsvc80:sfc_mex.obj
 0001:00100ec0       _sf_mex_get_ml_var_no_error 10101ec0 f   sfc_mexmsvc80:sfc_mex.obj
 0001:00101020       _sf_mex_get_ml_var         10102020 f   sfc_mexmsvc80:sfc_mex.obj
 0001:001014f0       _ml_set_element_value_in_array 101024f0 f   sfc_mexmsvc80:sfc_mex.obj
 0001:00102620       _sf_mex_call_impl          10103620 f   sfc_mexmsvc80:sfc_mex.obj
 0001:001029c0       _sf_mex_call_debug         101039c0 f   sfc_mexmsvc80:sfc_mex.obj
 0001:001029e0       _sf_mex_call               101039e0 f   sfc_mexmsvc80:sfc_mex.obj
 0001:001030f0       _sf_mex_createstruct       101040f0 f   sfc_mexmsvc80:sfc_mex.obj
 0001:00103190       _sf_mex_createstructarray  10104190 f   sfc_mexmsvc80:sfc_mex.obj
 0001:001031f0       _sf_mex_get_mx_datatype_from_sf_datatype 101041f0 f   sfc_mexmsvc80:sfc_mex.obj
 0001:00103480       _sf_mex_ml_var_sub         10104480 f   sfc_mexmsvc80:sfc_mex.obj
 0001:001035f0       _sf_mex_ml_var_subsasgn    101045f0 f   sfc_mexmsvc80:sfc_mex.obj
 0001:00103900       _sf_mex_sub                10104900 f   sfc_mexmsvc80:sfc_mex.obj
 0001:00103aa0       _sf_mex_subsasgn           10104aa0 f   sfc_mexmsvc80:sfc_mex.obj
 0001:00103e90       _sf_mex_create             10104e90 f   sfc_mexmsvc80:sfc_mex.obj
 0001:00104780       _sf_mex_import_named       10105780 f   sfc_mexmsvc80:sfc_mex.obj
 0001:001047d0       _sf_mex_import             101057d0 f   sfc_mexmsvc80:sfc_mex.obj
 0001:00104810       _sf_mex_import_vs          10105810 f   sfc_mexmsvc80:sfc_mex.obj
 0001:001048a0       _sf_mex_lower_fixpt_mx_array 101058a0 f   sfc_mexmsvc80:sfc_mex.obj
 0001:00104a70       _sf_send_message_wrapper   10105a70 f   sfc_mexmsvc80:sfc_sf.obj
 0001:00104aa0       _sf_receive_message_wrapper 10105aa0 f   sfc_mexmsvc80:sfc_sf.obj
 0001:00104ae0       _sf_check_out_message_wrapper 10105ae0 f   sfc_mexmsvc80:sfc_sf.obj
 0001:00104b20       _sf_check_in_message_wrapper 10105b20 f   sfc_mexmsvc80:sfc_sf.obj
 0001:00104b60       _sf_no_message_wrapper     10105b60 f   sfc_mexmsvc80:sfc_sf.obj
 0001:00104dd0       _sim_mode_is_rtw_gen       10105dd0 f   sfc_mexmsvc80:sfc_sf.obj
 0001:00104e10       _sim_mode_is_external      10105e10 f   sfc_mexmsvc80:sfc_sf.obj
 0001:00104e30       _sim_mode_is_modelref_sim  10105e30 f   sfc_mexmsvc80:sfc_sf.obj
 0001:00104e60       _mdlInitializeSizes        10105e60 f   sfc_mexmsvc80:sfc_sf.obj
 0001:00104e80       _mdlInitializeSampleTimes  10105e80 f   sfc_mexmsvc80:sfc_sf.obj
 0001:00104ec0       _mdlZeroCrossings          10105ec0 f   sfc_mexmsvc80:sfc_sf.obj
 0001:00104f70       _mdlDerivatives            10105f70 f   sfc_mexmsvc80:sfc_sf.obj
 0001:00105010       _mdl_initialize_conditions_processing 10106010 f   sfc_mexmsvc80:sfc_sf.obj
 0001:00105040       _mdlInitializeConditions   10106040 f   sfc_mexmsvc80:sfc_sf.obj
 0001:001050e0       _mdlGetSimState            101060e0 f   sfc_mexmsvc80:sfc_sf.obj
 0001:00105100       _mdlSetSimState            10106100 f   sfc_mexmsvc80:sfc_sf.obj
 0001:00105120       _mdl_ext_mode_exec_processing 10106120 f   sfc_mexmsvc80:sfc_sf.obj
 0001:00105140       _mdlExtModeExec            10106140 f   sfc_mexmsvc80:sfc_sf.obj
 0001:001052d0       _mdlTerminate              101062d0 f   sfc_mexmsvc80:sfc_sf.obj
 0001:00105330       _mdlRTW                    10106330 f   sfc_mexmsvc80:sfc_sf.obj
 0001:00105360       _mdlSetWorkWidths          10106360 f   sfc_mexmsvc80:sfc_sf.obj
 0001:00105380       _mdlProcessParameters      10106380 f   sfc_mexmsvc80:sfc_sf.obj
 0001:001053a0       _mdl_start_processing      101063a0 f   sfc_mexmsvc80:sfc_sf.obj
 0001:001053f0       _mdlStart                  101063f0 f   sfc_mexmsvc80:sfc_sf.obj
 0001:001054a0       _mdlEnable                 101064a0 f   sfc_mexmsvc80:sfc_sf.obj
 0001:00105550       _mdlDisable                10106550 f   sfc_mexmsvc80:sfc_sf.obj
 0001:001055e0       _sf_get_chart_instance_ptr 101065e0 f   sfc_mexmsvc80:sfc_sf.obj
 0001:00105600       _sf_load_rtw_optimization_info 10106600 f   sfc_mexmsvc80:sfc_sf.obj
 0001:001056a0       _sf_update_buildInfo       101066a0 f   sfc_mexmsvc80:sfc_sf.obj
 0001:00105760       _sf_rtw_info_uint_prop     10106760 f   sfc_mexmsvc80:sfc_sf.obj
 0001:00105880       _sf_is_chart_inlinable     10106880 f   sfc_mexmsvc80:sfc_sf.obj
 0001:001058b0       _sf_mark_output_events_with_multiple_callers 101068b0 f   sfc_mexmsvc80:sfc_sf.obj
 0001:00105a10       _sf_mark_chart_reusable_outputs 10106a10 f   sfc_mexmsvc80:sfc_sf.obj
 0001:00105b70       _sf_mark_chart_expressionable_inputs 10106b70 f   sfc_mexmsvc80:sfc_sf.obj
 0001:00105cd0       _sf_get_subchart_simstruct 10106cd0 f   sfc_mexmsvc80:sfc_sf.obj
 0001:00105d10       _sf_get_fixpt_data_type_id 10106d10 f   sfc_mexmsvc80:sfc_sf.obj
 0001:00105d50       _sf_get_enum_data_type_id  10106d50 f   sfc_mexmsvc80:sfc_sf.obj
 0001:00105d90       _sf_get_param_data_type_id 10106d90 f   sfc_mexmsvc80:sfc_sf.obj
 0001:00105dc0       _sf_mex_listen_for_ctrl_c_force 10106dc0 f   sfc_mexmsvc80:sfc_sf.obj
 0001:00105ec0       _sf_mex_draw_now           10106ec0 f   sfc_mexmsvc80:sfc_sf.obj
 0001:00105f00       _sf_mex_set_debugger_sim_status_listener_fcn 10106f00 f   sfc_mexmsvc80:sfc_sf.obj
 0001:00105f10       _sf_mex_listen_for_ctrl_c  10106f10 f   sfc_mexmsvc80:sfc_sf.obj
 0001:00105fa0       _sf_mex_get_sfun_param     10106fa0 f   sfc_mexmsvc80:sfc_sf.obj
 0001:00105ff0       _sf_get_runtime_param_data 10106ff0 f   sfc_mexmsvc80:sfc_sf.obj
 0001:00106030       _sf_call_output_fcn_call   10107030 f   sfc_mexmsvc80:sfc_sf.obj
 0001:00106150       _sf_call_output_fcn_enable 10107150 f   sfc_mexmsvc80:sfc_sf.obj
 0001:001061d0       _sf_call_output_fcn_disable 101071d0 f   sfc_mexmsvc80:sfc_sf.obj
 0001:00106250       _sf_clear_rtw_identifier   10107250 f   sfc_mexmsvc80:sfc_sf.obj
 0001:00106b40       _sf_set_encoded_dwork_info 10107b40 f   sfc_mexmsvc80:sfc_sf.obj
 0001:00106b80       _sf_get_dwork_info_from_mat_file 10107b80 f   sfc_mexmsvc80:sfc_sf.obj
 0001:00106cd0       _sf_set_rtw_dwork_info     10107cd0 f   sfc_mexmsvc80:sfc_sf.obj
 0001:00106e00       _mdlOutputs                10107e00 f   sfc_mexmsvc80:sfc_sf.obj
 0001:00106ea0       _sf_debug_chart_instance_initialized_quick 10107ea0 f   sfc_debugmsvc80:sfcdebug.obj
 0001:00106f20       _sf_debug_disp             10107f20 f   sfc_debugmsvc80:sfcdebug.obj
 0001:00107120       _sf_debug_data_runtime_size_mismatch_error_check 10108120 f   sfc_debugmsvc80:sfcdebug.obj
 0001:00107170       _sf_debug_try_loading_machine 10108170 f   sfc_debugmsvc80:sfcdebug.obj
 0001:00107250       _sf_debug_reset_current_state_configuration 10108250 f   sfc_debugmsvc80:sfcdebug.obj
 0001:00107290       _sf_debug_store_current_state_configuration 10108290 f   sfc_debugmsvc80:sfcdebug.obj
 0001:001072d0       _sf_debug_restore_previous_state_configuration 101082d0 f   sfc_debugmsvc80:sfcdebug.obj
 0001:00107310       _sf_debug_restore_previous_state_configuration2 10108310 f   sfc_debugmsvc80:sfcdebug.obj
 0001:00107350       _sf_debug_get_event_scope  10108350 f   sfc_debugmsvc80:sfcdebug.obj
 0001:00107470       _use_debugger_step_animation 10108470 f   sfc_debugmsvc80:sfcdebug.obj
 0001:001074a0       _sf_debug_get_script_id    101084a0 f   sfc_debugmsvc80:sfcdebug.obj
 0001:00107530       _sf_debug_set_script_translation 10108530 f   sfc_debugmsvc80:sfcdebug.obj
 0001:00107660       _sf_debug_extract_message_post_receive_info 10108660 f   sfc_debugmsvc80:sfcdebug.obj
 0001:00107720       _sf_debug_get_current_machine_id 10108720 f   sfc_debugmsvc80:sfcdebug.obj
 0001:00107740       _sf_debug_get_current_optional_integer 10108740 f   sfc_debugmsvc80:sfcdebug.obj
 0001:00107750       _sf_debug_get_current_machine_number 10108750 f   sfc_debugmsvc80:sfcdebug.obj
 0001:00107770       _sf_debug_get_current_machine_name 10108770 f   sfc_debugmsvc80:sfcdebug.obj
 0001:00107790       _sf_debug_get_current_chart_id 10108790 f   sfc_debugmsvc80:sfcdebug.obj
 0001:001077d0       _sf_debug_get_current_chart_number 101087d0 f   sfc_debugmsvc80:sfcdebug.obj
 0001:001077e0       _sf_debug_get_current_instance_number 101087e0 f   sfc_debugmsvc80:sfcdebug.obj
 0001:001077f0       _sf_debug_get_current_is_minor_time_step 101087f0 f   sfc_debugmsvc80:sfcdebug.obj
 0001:00107870       _sf_debug_get_current_object_type 10108870 f   sfc_debugmsvc80:sfcdebug.obj
 0001:00107880       _sf_debug_get_current_instance_handle 10108880 f   sfc_debugmsvc80:sfcdebug.obj
 0001:001078e0       _sf_debug_get_current_event_type 101088e0 f   sfc_debugmsvc80:sfcdebug.obj
 0001:001078f0       _sf_debug_get_current_object_id 101088f0 f   sfc_debugmsvc80:sfcdebug.obj
 0001:00107920       _sf_debug_get_current_active_event_type 10108920 f   sfc_debugmsvc80:sfcdebug.obj
 0001:00107930       _sf_debug_get_current_active_event_id 10108930 f   sfc_debugmsvc80:sfcdebug.obj
 0001:00107960       _sf_debug_get_current_tag_type 10108960 f   sfc_debugmsvc80:sfcdebug.obj
 0001:00107970       _sf_debug_get_current_simulation_time 10108970 f   sfc_debugmsvc80:sfcdebug.obj
 0001:00107980       _sf_debug_get_current_coverage_percentage 10108980 f   sfc_debugmsvc80:sfcdebug.obj
 0001:00107990       _sf_debug_current_statement_context 10108990 f   sfc_debugmsvc80:sfcdebug.obj
 0001:00107a20       _sf_debug_get_current_statement_info 10108a20 f   sfc_debugmsvc80:sfcdebug.obj
 0001:00107b70       _sf_debug_terminate_instance 10108b70 f   sfc_debugmsvc80:sfcdebug.obj
 0001:00107e20       _sf_debug_assertion_failed 10108e20 f   sfc_debugmsvc80:sfcdebug.obj
 0001:00107ff0       _sf_debug_create_debug_instance_struct 10108ff0 f   sfc_debugmsvc80:sfcdebug.obj
 0001:00108030       _sf_debug_set_number_of_data_with_change_event_for_machine 10109030 f   sfc_debugmsvc80:sfcdebug.obj
 0001:00108080       _sf_debug_set_machine_event_thresholds 10109080 f   sfc_debugmsvc80:sfcdebug.obj
 0001:001080b0       _sf_debug_set_machine_event_scope 101090b0 f   sfc_debugmsvc80:sfcdebug.obj
 0001:00108100       _sf_debug_set_machine_data_thresholds 10109100 f   sfc_debugmsvc80:sfcdebug.obj
 0001:00108150       _sf_debug_set_machine_data_scope 10109150 f   sfc_debugmsvc80:sfcdebug.obj
 0001:001081e0       _sf_debug_set_machine_data_name 101091e0 f   sfc_debugmsvc80:sfcdebug.obj
 0001:00108230       _sf_debug_set_machine_data_size 10109230 f   sfc_debugmsvc80:sfcdebug.obj
 0001:00108330       _sf_debug_set_machine_data_type 10109330 f   sfc_debugmsvc80:sfcdebug.obj
 0001:00108460       _sf_debug_get_chart_data_number 10109460 f   sfc_debugmsvc80:sfcdebug.obj
 0001:00108490       _sf_debug_get_chart_event_number 10109490 f   sfc_debugmsvc80:sfcdebug.obj
 0001:001084c0       _sf_debug_set_chart_state_info 101094c0 f   sfc_debugmsvc80:sfcdebug.obj
 0001:00108540       _sf_debug_set_chart_decomposition 10109540 f   sfc_debugmsvc80:sfcdebug.obj
 0001:001085b0       _sf_debug_set_chart_substate_count 101095b0 f   sfc_debugmsvc80:sfcdebug.obj
 0001:00108680       _sf_debug_set_chart_substate_index 10109680 f   sfc_debugmsvc80:sfcdebug.obj
 0001:00108700       _sf_debug_set_chart_state_substate_count 10109700 f   sfc_debugmsvc80:sfcdebug.obj
 0001:001087f0       _sf_debug_set_chart_state_substate_index 101097f0 f   sfc_debugmsvc80:sfcdebug.obj
 0001:00108870       _sf_debug_set_number_of_data_with_change_event_for_chart 10109870 f   sfc_debugmsvc80:sfcdebug.obj
 0001:001088f0       _sf_debug_set_number_of_states_with_entry_event_for_chart 101098f0 f   sfc_debugmsvc80:sfcdebug.obj
 0001:00108970       _sf_debug_set_number_of_states_with_exit_event_for_chart 10109970 f   sfc_debugmsvc80:sfcdebug.obj
 0001:001089f0       _sf_debug_set_chart_disable_implicit_casting 101099f0 f   sfc_debugmsvc80:sfcdebug.obj
 0001:00108a60       _sf_debug_set_chart_event_thresholds 10109a60 f   sfc_debugmsvc80:sfcdebug.obj
 0001:00108ae0       _sf_debug_set_chart_data_compiled_props 10109ae0 f   sfc_debugmsvc80:sfcdebug.obj
 0001:00108d60       _sf_debug_set_chart_data_props 10109d60 f   sfc_debugmsvc80:sfcdebug.obj
 0001:00108fe0       _sf_debug_check_fi_license 10109fe0 f   sfc_debugmsvc80:sfcdebug.obj
 0001:00109170       _sf_debug_symbol_scope_push 1010a170 f   sfc_debugmsvc80:sfcdebug.obj
 0001:001091a0       _sf_debug_symbol_scope_push_eml 1010a1a0 f   sfc_debugmsvc80:sfcdebug.obj
 0001:001091e0       _sf_debug_symbol_scope_pop 1010a1e0 f   sfc_debugmsvc80:sfcdebug.obj
 0001:00109220       _sf_debug_symbol_scope_add_importable 1010a220 f   sfc_debugmsvc80:sfcdebug.obj
 0001:00109280       _sf_debug_symbol_scope_add 1010a280 f   sfc_debugmsvc80:sfcdebug.obj
 0001:001092d0       _sf_debug_symbol_scope_add_dyn_importable 1010a2d0 f   sfc_debugmsvc80:sfcdebug.obj
 0001:00109340       _sf_debug_symbol_scope_add_dyn 1010a340 f   sfc_debugmsvc80:sfcdebug.obj
 0001:00109370       _sf_debug_symbol_scope_add_eml_importable 1010a370 f   sfc_debugmsvc80:sfcdebug.obj
 0001:001093a0       _sf_debug_symbol_scope_add_eml 1010a3a0 f   sfc_debugmsvc80:sfcdebug.obj
 0001:001093d0       _sf_debug_symbol_scope_add_eml_dyn_importable 1010a3d0 f   sfc_debugmsvc80:sfcdebug.obj
 0001:00109420       _sf_debug_symbol_scope_add_eml_dyn 1010a420 f   sfc_debugmsvc80:sfcdebug.obj
 0001:00109470       _sf_debug_symbol_switch    1010a470 f   sfc_debugmsvc80:sfcdebug.obj
 0001:00109490       _sf_debug_symbol_scope_add_verbose 1010a490 f   sfc_debugmsvc80:sfcdebug.obj
 0001:00109500       _sf_debug_set_machine_data_value_ptr 1010a500 f   sfc_debugmsvc80:sfcdebug.obj
 0001:00109540       _sf_debug_set_instance_data_value_ptr 1010a540 f   sfc_debugmsvc80:sfcdebug.obj
 0001:001095a0       _sf_debug_unset_instance_data_value_ptr 1010a5a0 f   sfc_debugmsvc80:sfcdebug.obj
 0001:001095f0       _sf_debug_set_chart_event_scope 1010a5f0 f   sfc_debugmsvc80:sfcdebug.obj
 0001:00109670       _sf_debug_set_chart_transition_coverage_maps 1010a670 f   sfc_debugmsvc80:sfcdebug.obj
 0001:00109700       _sf_debug_set_chart_state_coverage_maps 1010a700 f   sfc_debugmsvc80:sfcdebug.obj
 0001:00109780       _sf_debug_set_instance_transition_coverage_weights 1010a780 f   sfc_debugmsvc80:sfcdebug.obj
 0001:001097f0       _sf_debug_set_instance_state_coverage_weights 1010a7f0 f   sfc_debugmsvc80:sfcdebug.obj
 0001:001099f0       _sf_debug_unload_machine   1010a9f0 f   sfc_debugmsvc80:sfcdebug.obj
 0001:00109a40       _sf_debug_load_machine     1010aa40 f   sfc_debugmsvc80:sfcdebug.obj
 0001:00109ae0       _sf_debug_set_active_instance_in_data_dictionary 1010aae0 f   sfc_debugmsvc80:sfcdebug.obj
 0001:00109c60       _sf_debug_set_active_instance 1010ac60 f   sfc_debugmsvc80:sfcdebug.obj
 0001:00109d60       _sf_debug_chart_visiblity_change 1010ad60 f   sfc_debugmsvc80:sfcdebug.obj
 0001:00109e00       _sf_debug_select_chart     1010ae00 f   sfc_debugmsvc80:sfcdebug.obj
 0001:00109ef0       _sf_debug_set_instance_cv_ids 1010aef0 f   sfc_debugmsvc80:sfcdebug.obj
 0001:0010a0b0       _sf_debug_select_charts    1010b0b0 f   sfc_debugmsvc80:sfcdebug.obj
 0001:0010a200       _sf_debug_initialized      1010b200 f   sfc_debugmsvc80:sfcdebug.obj
 0001:0010a220       _sf_debug_is_uninterruptible 1010b220 f   sfc_debugmsvc80:sfcdebug.obj
 0001:0010a260       _sf_debug_initialize_debugger_gui 1010b260 f   sfc_debugmsvc80:sfcdebug.obj
 0001:0010a5f0       _sf_debug_resume           1010b5f0 f   sfc_debugmsvc80:sfcdebug.obj
 0001:0010a620       _sf_debug_go               1010b620 f   sfc_debugmsvc80:sfcdebug.obj
 0001:0010a640       _sf_debug_break            1010b640 f   sfc_debugmsvc80:sfcdebug.obj
 0001:0010a660       _sf_debug_step_over        1010b660 f   sfc_debugmsvc80:sfcdebug.obj
 0001:0010a680       _sf_debug_step_out         1010b680 f   sfc_debugmsvc80:sfcdebug.obj
 0001:0010a6a0       _sf_debug_set_disable_all_breakpoints 1010b6a0 f   sfc_debugmsvc80:sfcdebug.obj
 0001:0010a6c0       _sf_debug_disable_all_breakpoints_and_go 1010b6c0 f   sfc_debugmsvc80:sfcdebug.obj
 0001:0010a6e0       _sf_debug_break_on_chart_entry 1010b6e0 f   sfc_debugmsvc80:sfcdebug.obj
 0001:0010a700       _sf_debug_break_on_event_broadcast 1010b700 f   sfc_debugmsvc80:sfcdebug.obj
 0001:0010a720       _sf_debug_break_on_state_entry 1010b720 f   sfc_debugmsvc80:sfcdebug.obj
 0001:0010a740       _sf_debug_break_between_times 1010b740 f   sfc_debugmsvc80:sfcdebug.obj
 0001:0010a770       _sf_debug_browse_data      1010b770 f   sfc_debugmsvc80:sfcdebug.obj
 0001:0010a780       _sf_debug_watch_data       1010b780 f   sfc_debugmsvc80:sfcdebug.obj
 0001:0010a7b0       _sf_debug_assign_data      1010b7b0 f   sfc_debugmsvc80:sfcdebug.obj
 0001:0010a7c0       _sf_debug_whos             1010b7c0 f   sfc_debugmsvc80:sfcdebug.obj
 0001:0010a7e0       _sf_debug_get_consistency_info 1010b7e0 f   sfc_debugmsvc80:sfcdebug.obj
 0001:0010a7f0       _sf_debug_browse_trace     1010b7f0 f   sfc_debugmsvc80:sfcdebug.obj
 0001:0010a800       _sf_debug_set_breakpoints  1010b800 f   sfc_debugmsvc80:sfcdebug.obj
 0001:0010a8c0       _sf_debug_set_eml_breakpoints 1010b8c0 f   sfc_debugmsvc80:sfcdebug.obj
 0001:0010a9d0       _sf_debug_set_script_breakpoints 1010b9d0 f   sfc_debugmsvc80:sfcdebug.obj
 0001:0010aa50       _sf_debug_add_script_breakpoints 1010ba50 f   sfc_debugmsvc80:sfcdebug.obj
 0001:0010aac0       _sf_debug_clear_script_breakpoints 1010bac0 f   sfc_debugmsvc80:sfcdebug.obj
 0001:0010ab30       _sf_debug_query_script_breakpoints 1010bb30 f   sfc_debugmsvc80:sfcdebug.obj
 0001:0010abc0       _sf_debug_get_eml_script_id 1010bbc0 f   sfc_debugmsvc80:sfcdebug.obj
 0001:0010ac10       _sf_debug_set_watch        1010bc10 f   sfc_debugmsvc80:sfcdebug.obj
 0001:0010ada0       _sf_debug_get_instance_handle 1010bda0 f   sfc_debugmsvc80:sfcdebug.obj
 0001:0010ae20       _sf_debug_get_active_states 1010be20 f   sfc_debugmsvc80:sfcdebug.obj
 0001:0010ae40       _sf_debug_set_honor_breakpoints 1010be40 f   sfc_debugmsvc80:sfcdebug.obj
 0001:0010ae60       _sf_debug_get_animation    1010be60 f   sfc_debugmsvc80:sfcdebug.obj
 0001:0010ae70       _sf_debug_set_animation    1010be70 f   sfc_debugmsvc80:sfcdebug.obj
 0001:0010ae90       _sf_debug_animate          1010be90 f   sfc_debugmsvc80:sfcdebug.obj
 0001:0010aec0       _sf_debug_cycle_detection_check 1010bec0 f   sfc_debugmsvc80:sfcdebug.obj
 0001:0010aee0       _sf_debug_data_range_check 1010bee0 f   sfc_debugmsvc80:sfcdebug.obj
 0001:0010af00       _sf_debug_transition_conflict_check 1010bf00 f   sfc_debugmsvc80:sfcdebug.obj
 0001:0010af20       _sf_debug_state_consistency_check 1010bf20 f   sfc_debugmsvc80:sfcdebug.obj
 0001:0010af40       _sf_debug_data_range_check_enabled 1010bf40 f   sfc_debugmsvc80:sfcdebug.obj
 0001:0010af60       _sf_debug_transition_conflict_check_enabled 1010bf60 f   sfc_debugmsvc80:sfcdebug.obj
 0001:0010af80       _sf_debug_transition_conflict_check_begin 1010bf80 f   sfc_debugmsvc80:sfcdebug.obj
 0001:0010afa0       _sf_debug_transition_conflict_check_end 1010bfa0 f   sfc_debugmsvc80:sfcdebug.obj
 0001:0010afc0       _sf_debug_stop_debugging   1010bfc0 f   sfc_debugmsvc80:sfcdebug.obj
 0001:0010aff0       _sf_debug_is_cycle_detected 1010bff0 f   sfc_debugmsvc80:sfcdebug.obj
 0001:0010b000       _sf_debug_is_array_bounds_detected 1010c000 f   sfc_debugmsvc80:sfcdebug.obj
 0001:0010b010       _sf_debug_get_state_vectors_data_size 1010c010 f   sfc_debugmsvc80:sfcdebug.obj
 0001:0010b060       _sf_debug_get_state_vectors_data 1010c060 f   sfc_debugmsvc80:sfcdebug.obj
 0001:0010b130       _sf_debug_set_state_vectors_data 1010c130 f   sfc_debugmsvc80:sfcdebug.obj
 0001:0010b360       _sf_debug_get_script_index 1010c360 f   sfc_debugmsvc80:sfcdebug.obj
 0001:0010b490       _sf_debug_add_script       1010c490 f   sfc_debugmsvc80:sfcdebug.obj
 0001:0010b5e0       _cv_eval_point             1010c5e0 f   sfc_debugmsvc80:sfcdebug.obj
 0001:0010b6b0       _cv_eval_testobjective     1010c6b0 f   sfc_debugmsvc80:sfcdebug.obj
 0001:0010b770       _sf_debug_cv_init_state    1010c770 f   sfc_debugmsvc80:sfcdebug.obj
 0001:0010b810       _sf_debug_cv_init_chart    1010c810 f   sfc_debugmsvc80:sfcdebug.obj
 0001:0010b890       _sf_debug_cv_init_trans    1010c890 f   sfc_debugmsvc80:sfcdebug.obj
 0001:0010b920       _sf_debug_cv_init_saturation 1010c920 f   sfc_debugmsvc80:sfcdebug.obj
 0001:0010b9c0       _sf_debug_cv_init_testobjectives 1010c9c0 f   sfc_debugmsvc80:sfcdebug.obj
 0001:0010bb00       _cv_eml_init_script        1010cb00 f   sfc_debugmsvc80:sfcdebug.obj
 0001:0010bb90       _cv_eml_init_fcn           1010cb90 f   sfc_debugmsvc80:sfcdebug.obj
 0001:0010bbf0       _cv_eml_init_testobjective 1010cbf0 f   sfc_debugmsvc80:sfcdebug.obj
 0001:0010bc70       _cv_eml_init_saturation    1010cc70 f   sfc_debugmsvc80:sfcdebug.obj
 0001:0010bcf0       _cv_eml_init_if            1010ccf0 f   sfc_debugmsvc80:sfcdebug.obj
 0001:0010bd70       _cv_eml_init_for           1010cd70 f   sfc_debugmsvc80:sfcdebug.obj
 0001:0010bdf0       _cv_eml_init_while         1010cdf0 f   sfc_debugmsvc80:sfcdebug.obj
 0001:0010be70       _cv_eml_init_mcdc          1010ce70 f   sfc_debugmsvc80:sfcdebug.obj
 0001:0010bf00       _cv_eml_init_switch        1010cf00 f   sfc_debugmsvc80:sfcdebug.obj
 0001:0010bf90       _cv_eml_eval               1010cf90 f   sfc_debugmsvc80:sfcdebug.obj
 0001:0010c020       _sf_debug_bm_is_a_eml_breakpoint 1010d020 f   sfc_debugmsvc80:sfcdebug.obj
 0001:0010c150       _sf_debug_temporal_threshold 1010d150 f   sfc_debugmsvc80:sfcdebug.obj
 0001:0010c440       _sf_debug_transition_conflict_error 1010d440 f   sfc_debugmsvc80:sfcdebug.obj
 0001:0010c6e0       _sf_debug_state_inconsistency_error 1010d6e0 f   sfc_debugmsvc80:sfcdebug.obj
 0001:0010c7e0       _sf_debug_check_for_state_inconsistency 1010d7e0 f   sfc_debugmsvc80:sfcdebug.obj
 0001:0010c820       _sf_debug_cycle_detecton_error 1010d820 f   sfc_debugmsvc80:sfcdebug.obj
 0001:0010ce60       _sf_debug_size_eq_check_1d 1010de60 f   sfc_debugmsvc80:sfcdebug.obj
 0001:0010ce90       _sf_debug_size_eq_check_nd 1010de90 f   sfc_debugmsvc80:sfcdebug.obj
 0001:0010cf70       _sf_debug_dim_size_eq_check 1010df70 f   sfc_debugmsvc80:sfcdebug.obj
 0001:0010cfa0       _sf_debug_dim_size_geq_check 1010dfa0 f   sfc_debugmsvc80:sfcdebug.obj
 0001:0010cfd0       _sf_debug_sub_assign_size_check_nd 1010dfd0 f   sfc_debugmsvc80:sfcdebug.obj
 0001:0010d110       _sf_debug_matrix_matrix_index_check 1010e110 f   sfc_debugmsvc80:sfcdebug.obj
 0001:0010d150       _sf_debug_vector_vector_index_check 1010e150 f   sfc_debugmsvc80:sfcdebug.obj
 0001:0010d190       _sf_debug_for_loop_vector_check 1010e190 f   sfc_debugmsvc80:sfcdebug.obj
 0001:0010d1f0       _sf_debug_runtime_error_msgid 1010e1f0 f   sfc_debugmsvc80:sfcdebug.obj
 0001:0010d280       _sf_debug_data_array_bounds_error_check 1010e280 f   sfc_debugmsvc80:sfcdebug.obj
 0001:0010d2f0       _sf_debug_eml_data_array_bounds_error_check 1010e2f0 f   sfc_debugmsvc80:sfcdebug.obj
 0001:0010d5f0       _sf_debug_integer_check    1010e5f0 f   sfc_debugmsvc80:sfcdebug.obj
 0001:0010d670       _sf_debug_not_nan_check    1010e670 f   sfc_debugmsvc80:sfcdebug.obj
 0001:0010d6d0       _sf_debug_non_negative_check 1010e6d0 f   sfc_debugmsvc80:sfcdebug.obj
 0001:0010d730       _sf_debug_overflow_detection 1010e730 f   sfc_debugmsvc80:sfcdebug.obj
 0001:0010dc70       _sf_debug_cast_to_real32_T 1010ec70 f   sfc_debugmsvc80:sfcdebug.obj
 0001:0010dce0       _sf_debug_cast_to_int8_T   1010ece0 f   sfc_debugmsvc80:sfcdebug.obj
 0001:0010dd60       _sf_debug_cast_to_uint8_T  1010ed60 f   sfc_debugmsvc80:sfcdebug.obj
 0001:0010ddf0       _sf_debug_cast_to_int16_T  1010edf0 f   sfc_debugmsvc80:sfcdebug.obj
 0001:0010de70       _sf_debug_cast_to_uint16_T 1010ee70 f   sfc_debugmsvc80:sfcdebug.obj
 0001:0010df10       _sf_debug_cast_to_int32_T  1010ef10 f   sfc_debugmsvc80:sfcdebug.obj
 0001:0010df80       _sf_debug_cast_to_uint32_T 1010ef80 f   sfc_debugmsvc80:sfcdebug.obj
 0001:0010e020       _sf_debug_data_range_error 1010f020 f   sfc_debugmsvc80:sfcdebug.obj
 0001:0010e2a0       _sf_debug_read_before_write_check 1010f2a0 f   sfc_debugmsvc80:sfcdebug.obj
 0001:0010e600       _sf_debug_data_range_error_wrapper_min_max 1010f600 f   sfc_debugmsvc80:sfcdebug.obj
 0001:0010e680       _sf_debug_data_range_error_wrapper_min 1010f680 f   sfc_debugmsvc80:sfcdebug.obj
 0001:0010e6f0       _sf_debug_data_range_error_wrapper_max 1010f6f0 f   sfc_debugmsvc80:sfcdebug.obj
 0001:0010e760       _sf_debug_data_range_wrapper 1010f760 f   sfc_debugmsvc80:sfcdebug.obj
 0001:0010e7b0       _sf_debug_set_current_status_info 1010f7b0 f   sfc_debugmsvc80:sfcdebug.obj
 0001:0010eb10       _sf_debug_register_message_post_receive_info 1010fb10 f   sfc_debugmsvc80:sfcdebug.obj
 0001:0010ecd0       _sf_debug_call             1010fcd0 f   sfc_debugmsvc80:sfcdebug.obj
 0001:0010f4d0       _sf_debug_initialize_machine 101104d0 f   sfc_debugmsvc80:sfcdebug.obj
 0001:0010f750       _sf_debug_initialize_chart 10110750 f   sfc_debugmsvc80:sfcdebug.obj
 0001:0010fa50       _sf_debug_ensure_script    10110a50 f   sfc_debugmsvc80:sfcdebug.obj
 0001:0010faf0       _cv_eval_saturation        10110af0 f   sfc_debugmsvc80:sfcdebug.obj
 0001:0010fbd0       _cv_saturation_accum       10110bd0 f   sfc_debugmsvc80:sfcdebug.obj
 0001:0010fc90       _cv_script_init_script     10110c90 f   sfc_debugmsvc80:sfcdebug.obj
 0001:0010fd00       _cv_script_init_fcn        10110d00 f   sfc_debugmsvc80:sfcdebug.obj
 0001:0010fd60       _cv_script_init_testobjective 10110d60 f   sfc_debugmsvc80:sfcdebug.obj
 0001:0010fdc0       _cv_script_init_saturation 10110dc0 f   sfc_debugmsvc80:sfcdebug.obj
 0001:0010fe20       _cv_script_init_if         10110e20 f   sfc_debugmsvc80:sfcdebug.obj
 0001:0010fe80       _cv_script_init_for        10110e80 f   sfc_debugmsvc80:sfcdebug.obj
 0001:0010fee0       _cv_script_init_while      10110ee0 f   sfc_debugmsvc80:sfcdebug.obj
 0001:0010ff40       _cv_script_init_mcdc       10110f40 f   sfc_debugmsvc80:sfcdebug.obj
 0001:0010ffb0       _cv_script_init_switch     10110fb0 f   sfc_debugmsvc80:sfcdebug.obj
 0001:00110020       _cv_script_eval            10111020 f   sfc_debugmsvc80:sfcdebug.obj
 0001:00110090       _eml_debug_line_call       10111090 f   sfc_debugmsvc80:sfcdebug.obj
 0001:00110180       _sf_debug_terminate        10111180 f   sfc_debugmsvc80:sfcdebug.obj
 0001:001102c0       _sf_debug_set_script_cv_ids 101112c0 f   sfc_debugmsvc80:sfcdebug.obj
 0001:001103c0       _sf_debug_api              101113c0 f   sfc_debugmsvc80:sfc_api.obj
 0001:00111e40       _sf_debug_sm_terminate     10112e40 f   sfc_debugmsvc80:sfdb_animation.obj
 0001:00111fa0       _sf_debug_reset_path_objects 10112fa0 f   sfc_debugmsvc80:sfdb_animation.obj
 0001:00112010       _sf_debug_sm_reset_object_selection_status 10113010 f   sfc_debugmsvc80:sfdb_animation.obj
 0001:001120b0       _sf_debug_sm_reset_state_buffer 101130b0 f   sfc_debugmsvc80:sfdb_animation.obj
 0001:00112170       _sf_debug_sm_store_state_buffer 10113170 f   sfc_debugmsvc80:sfdb_animation.obj
 0001:001121f0       _sf_debug_sm_restore_state_buffer1 101131f0 f   sfc_debugmsvc80:sfdb_animation.obj
 0001:00112250       _sf_debug_sm_restore_state_buffer2 10113250 f   sfc_debugmsvc80:sfdb_animation.obj
 0001:001122b0       _sf_debug_sm_chart_active  101132b0 f   sfc_debugmsvc80:sfdb_animation.obj
 0001:00112300       _sf_debug_sm_select_active_objects 10113300 f   sfc_debugmsvc80:sfdb_animation.obj
 0001:001126c0       _sf_debug_sm_is_chart_active 101136c0 f   sfc_debugmsvc80:sfdb_animation.obj
 0001:00112700       _sf_debug_sm_is_state_active 10113700 f   sfc_debugmsvc80:sfdb_animation.obj
 0001:001128b0       _sf_debug_sm_get_active_states 101138b0 f   sfc_debugmsvc80:sfdb_animation.obj
 0001:00112ce0       _sf_debug_sm_initialize_instance 10113ce0 f   sfc_debugmsvc80:sfdb_animation.obj
 0001:00112ef0       _sf_debug_sm_change_object_selection_status 10113ef0 f   sfc_debugmsvc80:sfdb_animation.obj
 0001:001130e0       _cv_create_interface       101140e0 f   sfc_debugmsvc80:cv_sfinterface.obj
 0001:001133d0       _cv_init_trans             101143d0 f   sfc_debugmsvc80:cv_sfinterface.obj
 0001:00113420       _cv_init_saturation        10114420 f   sfc_debugmsvc80:cv_sfinterface.obj
 0001:00113470       _cv_init_testobjective     10114470 f   sfc_debugmsvc80:cv_sfinterface.obj
 0001:001134c0       _cv_init_state             101144c0 f   sfc_debugmsvc80:cv_sfinterface.obj
 0001:00113520       _cv_init_chart             10114520 f   sfc_debugmsvc80:cv_sfinterface.obj
 0001:00113570       _cv_dec_update_call        10114570 f   sfc_debugmsvc80:cv_sfinterface.obj
 0001:001135b0       _cv_cond_update_call       101145b0 f   sfc_debugmsvc80:cv_sfinterface.obj
 0001:001135f0       _cv_saturation_update_call 101145f0 f   sfc_debugmsvc80:cv_sfinterface.obj
 0001:00113630       _cv_saturation_update_accum 10114630 f   sfc_debugmsvc80:cv_sfinterface.obj
 0001:00113670       _cv_testobjective_update_call 10114670 f   sfc_debugmsvc80:cv_sfinterface.obj
 0001:001136b0       _cv_sigrange_update        101146b0 f   sfc_debugmsvc80:cv_sfinterface.obj
 0001:00113700       _cvsf_eml_eval             10114700 f   sfc_debugmsvc80:cv_sfinterface.obj
 0001:001137e0       _cvsf_eml_init_script      101147e0 f   sfc_debugmsvc80:cv_sfinterface.obj
 0001:00113850       _cvsf_eml_init_fcn         10114850 f   sfc_debugmsvc80:cv_sfinterface.obj
 0001:001138b0       _cvsf_eml_init_testobjective 101148b0 f   sfc_debugmsvc80:cv_sfinterface.obj
 0001:00113910       _cvsf_eml_init_saturation  10114910 f   sfc_debugmsvc80:cv_sfinterface.obj
 0001:00113970       _cvsf_eml_init_if          10114970 f   sfc_debugmsvc80:cv_sfinterface.obj
 0001:001139d0       _cvsf_eml_init_for         101149d0 f   sfc_debugmsvc80:cv_sfinterface.obj
 0001:00113a30       _cvsf_eml_init_while       10114a30 f   sfc_debugmsvc80:cv_sfinterface.obj
 0001:00113a90       _cvsf_eml_init_mcdc        10114a90 f   sfc_debugmsvc80:cv_sfinterface.obj
 0001:00113b00       _cvsf_eml_init_switch      10114b00 f   sfc_debugmsvc80:cv_sfinterface.obj
 0001:00113b60       _cvsf_script_eval          10114b60 f   sfc_debugmsvc80:cv_sfinterface.obj
 0001:00113c40       _cvsf_script_init_script   10114c40 f   sfc_debugmsvc80:cv_sfinterface.obj
 0001:00113cb0       _cvsf_script_init_fcn      10114cb0 f   sfc_debugmsvc80:cv_sfinterface.obj
 0001:00113d10       _cvsf_script_init_testobjective 10114d10 f   sfc_debugmsvc80:cv_sfinterface.obj
 0001:00113d70       _cvsf_script_init_saturation 10114d70 f   sfc_debugmsvc80:cv_sfinterface.obj
 0001:00113dd0       _cvsf_script_init_if       10114dd0 f   sfc_debugmsvc80:cv_sfinterface.obj
 0001:00113e30       _cvsf_script_init_for      10114e30 f   sfc_debugmsvc80:cv_sfinterface.obj
 0001:00113e80       _cvsf_script_init_while    10114e80 f   sfc_debugmsvc80:cv_sfinterface.obj
 0001:00113ed0       _cvsf_script_init_mcdc     10114ed0 f   sfc_debugmsvc80:cv_sfinterface.obj
 0001:00113f40       _cvsf_script_init_switch   10114f40 f   sfc_debugmsvc80:cv_sfinterface.obj
 0001:00113fa0       _cv_destroy_interface      10114fa0 f   sfc_debugmsvc80:cv_sfinterface.obj
 0001:00113fc0       _cv_create_instance_objects 10114fc0 f   sfc_debugmsvc80:cv_sfinterface.obj
 0001:001142f0       _cv_is_enabled             101152f0 f   sfc_debugmsvc80:cv_sfinterface.obj
 0001:00114300       _sf_debug_cv_initialize_script 10115300 f   sfc_debugmsvc80:cv_sfinterface.obj
 0001:00114480       _sf_debug_cv_initialize_instance 10115480 f   sfc_debugmsvc80:cv_sfinterface.obj
 0001:00114770       _sf_debug_cv_terminate_chart 10115770 f   sfc_debugmsvc80:cv_sfinterface.obj
 0001:00114870       _cv_call_trans_test        10115870 f   sfc_debugmsvc80:cv_sfinterface.obj
 0001:00114880       _cv_call_sub_cond_test     10115880 f   sfc_debugmsvc80:cv_sfinterface.obj
 0001:001148c0       _sf_debug_st_initialize_machine 101158c0 f   sfc_debugmsvc80:sfdb_data_browse.obj
 0001:00114970       _sf_debug_st_initialize_instance 10115970 f   sfc_debugmsvc80:sfdb_data_browse.obj
 0001:00114b20       _sf_debug_st_terminate     10115b20 f   sfc_debugmsvc80:sfdb_data_browse.obj
 0001:00114c80       _sf_debug_st_set_data_value_ptr_in_machine 10115c80 f   sfc_debugmsvc80:sfdb_data_browse.obj
 0001:00114cf0       _sf_debug_st_set_data_value_ptr_in_instance 10115cf0 f   sfc_debugmsvc80:sfdb_data_browse.obj
 0001:00114da0       _sf_debug_st_unset_data_value_ptr_in_machine 10115da0 f   sfc_debugmsvc80:sfdb_data_browse.obj
 0001:00114e00       _sf_debug_st_unset_data_value_ptr_in_instance 10115e00 f   sfc_debugmsvc80:sfdb_data_browse.obj
 0001:00115110       _sf_debug_mx_value         10116110 f   sfc_debugmsvc80:sfdb_data_browse.obj
 0001:00115160       _sf_debug_mx_packed_vector 10116160 f   sfc_debugmsvc80:sfdb_data_browse.obj
 0001:00115200       _sf_debug_mx_uint_vector   10116200 f   sfc_debugmsvc80:sfdb_data_browse.obj
 0001:00115280       _sf_debug_st_get_double_value_from_void_ptr_vector 10116280 f   sfc_debugmsvc80:sfdb_data_browse.obj
 0001:00115a80       _sf_debug_st_browse_data   10116a80 f   sfc_debugmsvc80:sfdb_data_browse.obj
 0001:00116160       _sf_debug_hm_initialize_instance 10117160 f   sfc_debugmsvc80:sfdb_handle_management.obj
 0001:00116600       _sf_debug_hm_get_object_id 10117600 f   sfc_debugmsvc80:sfdb_handle_management.obj
 0001:00117020       _sf_debug_hm_update_chart_visibility 10118020 f   sfc_debugmsvc80:sfdb_handle_management.obj
 0001:00118020       _sf_debug_object_is_eml_function 10119020 f   sfc_debugmsvc80:sfdb_handle_management.obj
 0001:00118080       _sf_debug_hm_initialize_ids_in_machine 10119080 f   sfc_debugmsvc80:sfdb_handle_management.obj
 0001:001181d0       _sf_debug_hm_initialize_ids_in_chart 101191d0 f   sfc_debugmsvc80:sfdb_handle_management.obj
 0001:001182c0       _sf_debug_hm_initialize_chart 101192c0 f   sfc_debugmsvc80:sfdb_handle_management.obj
 0001:00118980       _sf_debug_hm_terminate     10119980 f   sfc_debugmsvc80:sfdb_handle_management.obj
 0001:001189e0       _sf_debug_hm_initialize_machine 101199e0 f   sfc_debugmsvc80:sfdb_handle_management.obj
 0001:001190b0       _sf_debug_ss_initialize    1011a0b0 f   sfc_debugmsvc80:sfdb_symbol_scope.obj
 0001:001190d0       _sf_debug_ss_terminate     1011a0d0 f   sfc_debugmsvc80:sfdb_symbol_scope.obj
 0001:00119150       _sf_debug_ss_push_symbol_scope 1011a150 f   sfc_debugmsvc80:sfdb_symbol_scope.obj
 0001:00119210       _sf_debug_ss_push_symbol_scope_eml 1011a210 f   sfc_debugmsvc80:sfdb_symbol_scope.obj
 0001:00119260       _sf_debug_ss_pop_symbol_scope 1011a260 f   sfc_debugmsvc80:sfdb_symbol_scope.obj
 0001:00119300       _sf_debug_ss_add_symbol    1011a300 f   sfc_debugmsvc80:sfdb_symbol_scope.obj
 0001:001193f0       _sf_debug_ss_add_symbol_eml 1011a3f0 f   sfc_debugmsvc80:sfdb_symbol_scope.obj
 0001:00119d00       _sf_debug_ss_set_data_value 1011ad00 f   sfc_debugmsvc80:sfdb_symbol_scope.obj
 0001:0011a050       _getInstanceNumber         1011b050 f   sfc_debugmsvc80:sfdb_symbol_scope.obj
 0001:0011a120       _sf_debug_ss_watch_data    1011b120 f   sfc_debugmsvc80:sfdb_symbol_scope.obj
 0001:0011a210       _sf_debug_ss_assign_data   1011b210 f   sfc_debugmsvc80:sfdb_symbol_scope.obj
 0001:0011aab0       _get_data_entry_name       1011bab0 f   sfc_debugmsvc80:sfdb_symbol_scope.obj
 0001:0011ab00       _sf_debug_ss_whos          1011bb00 f   sfc_debugmsvc80:sfdb_symbol_scope.obj
 0001:0011afb0       _sf_debug_cc_initialize_chart 1011bfb0 f   sfc_debugmsvc80:sfdb_coverage.obj
 0001:0011b910       _sf_debug_cc_initialize_instance 1011c910 f   sfc_debugmsvc80:sfdb_coverage.obj
 0001:0011c540       _sf_debug_cc_terminate     1011d540 f   sfc_debugmsvc80:sfdb_coverage.obj
 0001:0011c610       _sf_debug_cc_set_transition_maps 1011d610 f   sfc_debugmsvc80:sfdb_coverage.obj
 0001:0011c710       _sf_debug_cc_set_state_maps 1011d710 f   sfc_debugmsvc80:sfdb_coverage.obj
 0001:0011c7e0       _sf_debug_cc_set_transition_weights 1011d7e0 f   sfc_debugmsvc80:sfdb_coverage.obj
 0001:0011ca10       _sf_debug_cc_set_state_weights 1011da10 f   sfc_debugmsvc80:sfdb_coverage.obj
 0001:0011cc40       _sf_debug_cc_mark_transition_guard 1011dc40 f   sfc_debugmsvc80:sfdb_coverage.obj
 0001:0011ccc0       _sf_debug_cc_mark_transition_trigger 1011dcc0 f   sfc_debugmsvc80:sfdb_coverage.obj
 0001:0011cd40       _sf_debug_cc_mark_transition_decision 1011dd40 f   sfc_debugmsvc80:sfdb_coverage.obj
 0001:0011cda0       _sf_debug_cc_mark_transition_condition_action 1011dda0 f   sfc_debugmsvc80:sfdb_coverage.obj
[...]
 0001:000ff240       _sfrtGenSizeString         10100240 f   sfc_mexmsvc80:sfc_mex.obj
 0001:000ff270       _sfIsProperVector          10100270 f   sfc_mexmsvc80:sfc_mex.obj
 0001:000ff2a0       _sfIsRowVector             101002a0 f   sfc_mexmsvc80:sfc_mex.obj
 0001:000ff3d0       _sf_ExtractMessageId       101003d0 f   sfc_mexmsvc80:sfc_mex.obj
 0001:000ff620       _sf_mex_err                10100620 f   sfc_mexmsvc80:sfc_mex.obj
 0001:000ff6b0       _sf_error_dimension_out_of_bound 101006b0 f   sfc_mexmsvc80:sfc_mex.obj
 0001:000ff750       _sf_mex_check_and_set_actual_dimensions 10100750 f   sfc_mexmsvc80:sfc_mex.obj
 0001:000ff8d0       _sf_mex_check_complex      101008d0 f   sfc_mexmsvc80:sfc_mex.obj
 0001:000ff940       _sf_mex_check_sparse       10100940 f   sfc_mexmsvc80:sfc_mex.obj
 0001:000ff980       _sf_mex_check_numerictype  10100980 f   sfc_mexmsvc80:sfc_mex.obj
 0001:000ffa10       _sf_mex_check_fimath       10100a10 f   sfc_mexmsvc80:sfc_mex.obj
 0001:00100110       _size_mismatch_error       10101110 f   sfc_mexmsvc80:sfc_mex.obj
 0001:00100960       _check_array_dimensions    10101960 f   sfc_mexmsvc80:sfc_mex.obj
 0001:001009b0       _check_input_mxarray       101019b0 f   sfc_mexmsvc80:sfc_mex.obj
 0001:00101050       _sf_numeric_value_to_double 10102050 f   sfc_mexmsvc80:sfc_mex.obj
 0001:00101090       _ml_generic_out_of_bounds_check 10102090 f   sfc_mexmsvc80:sfc_mex.obj
 0001:00101220       _ml_get_element_value_from_array 10102220 f   sfc_mexmsvc80:sfc_mex.obj
 0001:001016f0       __ml_generic_castability_check 101026f0 f   sfc_mexmsvc80:sfc_mex.obj
 0001:00101f80       _ml_generic_castability_check 10102f80 f   sfc_mexmsvc80:sfc_mex.obj
 0001:00101fe0       _ml_check_mx_array_for_single_castability 10102fe0 f   sfc_mexmsvc80:sfc_mex.obj
 0001:00102050       _ml_check_mx_array_for_logical_castability 10103050 f   sfc_mexmsvc80:sfc_mex.obj
 0001:001020b0       _ml_check_mx_array_for_int8_castability 101030b0 f   sfc_mexmsvc80:sfc_mex.obj
 0001:00102140       _ml_check_mx_array_for_uint8_castability 10103140 f   sfc_mexmsvc80:sfc_mex.obj
 0001:001021b0       _ml_check_mx_array_for_int16_castability 101031b0 f   sfc_mexmsvc80:sfc_mex.obj
 0001:00102220       _ml_check_mx_array_for_uint16_castability 10103220 f   sfc_mexmsvc80:sfc_mex.obj
 0001:00102290       _ml_check_mx_array_for_int32_castability 10103290 f   sfc_mexmsvc80:sfc_mex.obj
 0001:00102300       _ml_check_mx_array_for_uint32_castability 10103300 f   sfc_mexmsvc80:sfc_mex.obj
 0001:00102370       _ml_check_mx_array_for_castability 10103370 f   sfc_mexmsvc80:sfc_mex.obj
 0001:00102a00       _set_data_value            10103a00 f   sfc_mexmsvc80:sfc_mex.obj
 0001:00102ed0       _get_data_value            10103ed0 f   sfc_mexmsvc80:sfc_mex.obj
 0001:00102fd0       _get_next_element_address  10103fd0 f   sfc_mexmsvc80:sfc_mex.obj
 0001:00103070       _sf_normalize_index        10104070 f   sfc_mexmsvc80:sfc_mex.obj
 0001:00103300       _ml_array_index_bound_check 10104300 f   sfc_mexmsvc80:sfc_mex.obj
 0001:00103bf0       _mx_value                  10104bf0 f   sfc_mexmsvc80:sfc_mex.obj
 0001:00103c40       _sf_create_numeric_array   10104c40 f   sfc_mexmsvc80:sfc_mex.obj
 0001:00103cc0       _sf_mex_assign_to_mx_array 10104cc0 f   sfc_mexmsvc80:sfc_mex.obj
 0001:00103f20       _assign_from_mx_array      10104f20 f   sfc_mexmsvc80:sfc_mex.obj
 0001:001046e0       _sf_mex_import_v           101056e0 f   sfc_mexmsvc80:sfc_mex.obj
 0001:00104ba0       _get_machine_and_chart_file_number 10105ba0 f   sfc_mexmsvc80:sfc_sf.obj
 0001:00104c60       _get_sfun_block_specialization 10105c60 f   sfc_mexmsvc80:sfc_sf.obj
 0001:00104ce0       _call_sf_machine_global_method_dispatcher 10105ce0 f   sfc_mexmsvc80:sfc_sf.obj
 0001:00104ea0       _mdl_zeroCrossings_processing 10105ea0 f   sfc_mexmsvc80:sfc_sf.obj
 0001:00104f50       _mdl_derivatives_processing 10105f50 f   sfc_mexmsvc80:sfc_sf.obj
 0001:001051d0       _mdl_outputs_continuous_legacy 101061d0 f   sfc_mexmsvc80:sfc_sf.obj
 0001:00105250       _mdl_outputs_processing    10106250 f   sfc_mexmsvc80:sfc_sf.obj
 0001:00105480       _mdl_enable_processing     10106480 f   sfc_mexmsvc80:sfc_sf.obj
 0001:00105530       _mdl_disable_processing    10106530 f   sfc_mexmsvc80:sfc_sf.obj
 0001:001060a0       _sf_call_output_fcn_enable_disable 101070a0 f   sfc_mexmsvc80:sfc_sf.obj
 0001:001062c0       _set_dwork_information_from_mx_array 101072c0 f   sfc_mexmsvc80:sfc_sf.obj
 0001:00106c60       _ptr2mxStruct              10107c60 f   sfc_mexmsvc80:sfc_sf.obj
 0001:00106e80       _SNPRINTF_WRAPPER          10107e80 f   sfc_debugmsvc80:sfcdebug.obj
 0001:00106ec0       _sf_debug_chart_instance_initialized 10107ec0 f   sfc_debugmsvc80:sfcdebug.obj
 0001:00107040       _sfrtAddSize               10108040 f   sfc_debugmsvc80:sfcdebug.obj
 0001:001070f0       _sfrtGenSizeString         101080f0 f   sfc_debugmsvc80:sfcdebug.obj
 0001:001075a0       _fill_single_message_info  101085a0 f   sfc_debugmsvc80:sfcdebug.obj
 0001:00107700       _sf_debug_sim_status_listener 10108700 f   sfc_debugmsvc80:sfcdebug.obj
 0001:00107bd0       _sf_debug_form_mask_bits   10108bd0 f   sfc_debugmsvc80:sfcdebug.obj
 0001:00107c10       _sf_debug_form_sf_data_type_offsets 10108c10 f   sfc_debugmsvc80:sfcdebug.obj
 0001:00107ca0       _sf_debug_free_all         10108ca0 f   sfc_debugmsvc80:sfcdebug.obj
 0001:00107e40       _sf_debug_append_debugger_context 10108e40 f   sfc_debugmsvc80:sfcdebug.obj
 0001:001081a0       _local_strdup              101091a0 f   sfc_debugmsvc80:sfcdebug.obj
 0001:00108ea0       _sf_debug_em_terminate     10109ea0 f   sfc_debugmsvc80:sfcdebug.obj
 0001:00108ee0       _sf_debug_push_eml_function 10109ee0 f   sfc_debugmsvc80:sfcdebug.obj
 0001:00108f70       _sf_debug_pop_eml_function 10109f70 f   sfc_debugmsvc80:sfcdebug.obj
 0001:00109840       _sf_debug_get_machine_number_from_id_or_name 1010a840 f   sfc_debugmsvc80:sfcdebug.obj
 0001:001099a0       _sf_debug_get_chart_number_from_id 1010a9a0 f   sfc_debugmsvc80:sfcdebug.obj
 0001:0010a3b0       _sf_debug_transfer_control_to_debugger_GUI 1010b3b0 f   sfc_debugmsvc80:sfcdebug.obj
 0001:0010b200       _sf_debug_scripts_rehash   1010c200 f   sfc_debugmsvc80:sfcdebug.obj
 0001:0010b3b0       _sf_debug_get_script_line_count 1010c3b0 f   sfc_debugmsvc80:sfcdebug.obj
 0001:0010ba60       _cv_eml_state_cvId         1010ca60 f   sfc_debugmsvc80:sfcdebug.obj
 0001:0010bab0       _cv_eml_trans_cvId         1010cab0 f   sfc_debugmsvc80:sfcdebug.obj
 0001:0010c920       _sf_debug_data_array_bounds_error 1010d920 f   sfc_debugmsvc80:sfcdebug.obj
 0001:0010cc30       _eml_debug_runtime_error_doclink 1010dc30 f   sfc_debugmsvc80:sfcdebug.obj
 0001:0010cd60       _sf_debug_runtime_error    1010dd60 f   sfc_debugmsvc80:sfcdebug.obj
 0001:0010cdb0       _sf_debug_matlab_error     1010ddb0 f   sfc_debugmsvc80:sfcdebug.obj
 0001:0010d380       _sf_debug_data_value_error 1010e380 f   sfc_debugmsvc80:sfcdebug.obj
 0001:0010d9a0       _sf_debug_data_loss_error  1010e9a0 f   sfc_debugmsvc80:sfcdebug.obj
 0001:0010e510       _call_cv_range_check       1010f510 f   sfc_debugmsvc80:sfcdebug.obj
 0001:0010eab0       _sf_debug_invoke_cycle_detection_code 1010fab0 f   sfc_debugmsvc80:sfcdebug.obj
 0001:0010f430       _sf_reset_debug_info_struct 10110430 f   sfc_debugmsvc80:sfcdebug.obj
 0001:0010fa90       _cv_script_cvId            10110a90 f   sfc_debugmsvc80:sfcdebug.obj
 0001:001104f0       _sfc_api_chart_visible     101114f0 f   sfc_debugmsvc80:sfc_api.obj
 0001:001105b0       _sfc_api_active_instance   101115b0 f   sfc_debugmsvc80:sfc_api.obj
 0001:00110650       _sfc_api_machine_load      10111650 f   sfc_debugmsvc80:sfc_api.obj
 0001:00110760       _sfc_api_debugger_alive    10111760 f   sfc_debugmsvc80:sfc_api.obj
 0001:00110780       _sfc_api_go                10111780 f   sfc_debugmsvc80:sfc_api.obj
 0001:001107a0       _sfc_api_step_over         101117a0 f   sfc_debugmsvc80:sfc_api.obj
 0001:001107c0       _sfc_api_step_out          101117c0 f   sfc_debugmsvc80:sfc_api.obj
 0001:001107e0       _sfc_api_resume            101117e0 f   sfc_debugmsvc80:sfc_api.obj
 0001:00110800       _sfc_api_break             10111800 f   sfc_debugmsvc80:sfc_api.obj
 0001:00110820       _sfc_api_stop_debugging    10111820 f   sfc_debugmsvc80:sfc_api.obj
 0001:00110870       _sfc_api_is_cycle_detected 10111870 f   sfc_debugmsvc80:sfc_api.obj
 0001:001108c0       _sfc_api_is_array_bounds_detected 101118c0 f   sfc_debugmsvc80:sfc_api.obj
 0001:00110910       _sfc_api_set_disable_all_breakpoints 10111910 f   sfc_debugmsvc80:sfc_api.obj
 0001:001109a0       _sfc_api_disable_all_breakpoints_and_go 101119a0 f   sfc_debugmsvc80:sfc_api.obj
 0001:001109c0       _sfc_api_close             101119c0 f   sfc_debugmsvc80:sfc_api.obj
 0001:001109e0       _sfc_api_browse_data       101119e0 f   sfc_debugmsvc80:sfc_api.obj
 0001:00110a60       _sfc_api_watch_data        10111a60 f   sfc_debugmsvc80:sfc_api.obj
 0001:00110b60       _sfc_api_extract_message_post_receive_info 10111b60 f   sfc_debugmsvc80:sfc_api.obj
 0001:00110b80       _sfc_api_assign_data       10111b80 f   sfc_debugmsvc80:sfc_api.obj
 0001:00110c00       _sfc_api_whos              10111c00 f   sfc_debugmsvc80:sfc_api.obj
 0001:00110c90       _sfc_api_get_consistency_info 10111c90 f   sfc_debugmsvc80:sfc_api.obj
 0001:00110cb0       _sfc_api_browse_trace      10111cb0 f   sfc_debugmsvc80:sfc_api.obj
 0001:00110cd0       _sfc_api_break_on_chart_entry 10111cd0 f   sfc_debugmsvc80:sfc_api.obj
 0001:00110d10       _sfc_api_break_on_event_broadcast 10111d10 f   sfc_debugmsvc80:sfc_api.obj
 0001:00110d50       _sfc_api_break_on_state_entry 10111d50 f   sfc_debugmsvc80:sfc_api.obj
 0001:00110d90       _sfc_api_set_watch         10111d90 f   sfc_debugmsvc80:sfc_api.obj
 0001:00110e70       _sfc_api_set_breakpoints   10111e70 f   sfc_debugmsvc80:sfc_api.obj
 0001:00110f50       _sfc_api_set_eml_breakpoints 10111f50 f   sfc_debugmsvc80:sfc_api.obj
 0001:00111000       _sfc_api_set_script_breakpoints 10112000 f   sfc_debugmsvc80:sfc_api.obj
 0001:00111070       _sfc_api_add_script_breakpoints 10112070 f   sfc_debugmsvc80:sfc_api.obj
 0001:001110e0       _sfc_api_clear_script_breakpoints 101120e0 f   sfc_debugmsvc80:sfc_api.obj
 0001:00111150       _sfc_api_query_script_breakpoints 10112150 f   sfc_debugmsvc80:sfc_api.obj
 0001:001111c0       _sfc_api_get_script_id     101121c0 f   sfc_debugmsvc80:sfc_api.obj
 0001:00111260       _sfc_api_get_active_states 10112260 f   sfc_debugmsvc80:sfc_api.obj
 0001:001112d0       _sfc_api_break_between_times 101122d0 f   sfc_debugmsvc80:sfc_api.obj
 0001:00111330       _sfc_api_get_instance_handle 10112330 f   sfc_debugmsvc80:sfc_api.obj
 0001:00111410       _sfc_api_set_animation     10112410 f   sfc_debugmsvc80:sfc_api.obj
 0001:00111470       _sfc_api_select_chart      10112470 f   sfc_debugmsvc80:sfc_api.obj
 0001:00111500       _sfc_api_select_charts     10112500 f   sfc_debugmsvc80:sfc_api.obj
 0001:00111530       _sfc_api_cycle_detection_check 10112530 f   sfc_debugmsvc80:sfc_api.obj
 0001:00111590       _sfc_api_data_range_check  10112590 f   sfc_debugmsvc80:sfc_api.obj
 0001:001115f0       _sfc_api_transition_conflict_check 101125f0 f   sfc_debugmsvc80:sfc_api.obj
 0001:00111650       _sfc_api_state_consistency_check 10112650 f   sfc_debugmsvc80:sfc_api.obj
 0001:001116b0       _sfc_api_set_instance_cv_ids 101126b0 f   sfc_debugmsvc80:sfc_api.obj
 0001:001117e0       _sfc_api_set_script_cv_ids 101127e0 f   sfc_debugmsvc80:sfc_api.obj
 0001:001118b0       _sfc_api_get_current_machine_id 101128b0 f   sfc_debugmsvc80:sfc_api.obj
 0001:001118f0       _sfc_api_get_current_machine_number 101128f0 f   sfc_debugmsvc80:sfc_api.obj
 0001:00111930       _sfc_api_get_current_chart_number 10112930 f   sfc_debugmsvc80:sfc_api.obj
 0001:00111970       _sfc_api_get_current_instance_number 10112970 f   sfc_debugmsvc80:sfc_api.obj
 0001:001119b0       _sfc_api_get_current_instance_handle 101129b0 f   sfc_debugmsvc80:sfc_api.obj
 0001:001119d0       _sfc_api_get_current_is_minor_time_step 101129d0 f   sfc_debugmsvc80:sfc_api.obj
 0001:00111a10       _sfc_api_get_current_machine_name 10112a10 f   sfc_debugmsvc80:sfc_api.obj
 0001:00111a30       _sfc_api_get_current_chart_id 10112a30 f   sfc_debugmsvc80:sfc_api.obj
 0001:00111a70       _sfc_api_get_current_object_type 10112a70 f   sfc_debugmsvc80:sfc_api.obj
 0001:00111ab0       _sfc_api_get_current_event_type 10112ab0 f   sfc_debugmsvc80:sfc_api.obj
 0001:00111af0       _sfc_api_get_current_object_id 10112af0 f   sfc_debugmsvc80:sfc_api.obj
 0001:00111b30       _sfc_get_current_active_event_type 10112b30 f   sfc_debugmsvc80:sfc_api.obj
 0001:00111b70       _sfc_api_get_current_active_event_id 10112b70 f   sfc_debugmsvc80:sfc_api.obj
 0001:00111bb0       _sfc_api_get_current_simulation_time 10112bb0 f   sfc_debugmsvc80:sfc_api.obj
 0001:00111bd0       _sfc_get_current_tag_type  10112bd0 f   sfc_debugmsvc80:sfc_api.obj
 0001:00111c10       _sfc_get_current_coverage_percentage 10112c10 f   sfc_debugmsvc80:sfc_api.obj
 0001:00111c30       _sfc_get_current_statement_context 10112c30 f   sfc_debugmsvc80:sfc_api.obj
 0001:00111c50       _sfc_get_current_optional_integer 10112c50 f   sfc_debugmsvc80:sfc_api.obj
 0001:00111c80       _sfc_get_current_statement_info 10112c80 f   sfc_debugmsvc80:sfc_api.obj
 0001:00111d20       _sfc_api_get               10112d20 f   sfc_debugmsvc80:sfc_api.obj
 0001:00112770       _sf_debug_sm_fill_state_activity_data 10113770 f   sfc_debugmsvc80:sfdb_animation.obj
 0001:00114a40       _void_ptr_stack_vector_free_total 10115a40 f   sfc_debugmsvc80:sfdb_data_browse.obj
 0001:00114aa0       _sf_debug_st_terminate_machine 10115aa0 f   sfc_debugmsvc80:sfdb_data_browse.obj
 0001:00114ad0       _sf_debug_st_terminate_instance 10115ad0 f   sfc_debugmsvc80:sfdb_data_browse.obj
 0001:00114c50       _push_on_to_void_ptr_stack 10115c50 f   sfc_debugmsvc80:sfdb_data_browse.obj
 0001:00114d80       _pop_from_void_ptr_stack   10115d80 f   sfc_debugmsvc80:sfdb_data_browse.obj
 0001:00114e80       _sf_debug_st_get_data_value 10115e80 f   sfc_debugmsvc80:sfdb_data_browse.obj
 0001:00115320       _mx_value                  10116320 f   sfc_debugmsvc80:sfdb_data_browse.obj
 0001:00115350       _sf_debug_st_fill_data_struct 10116350 f   sfc_debugmsvc80:sfdb_data_browse.obj
 0001:00115620       _data_type_format_strings  10116620 f   sfc_debugmsvc80:sfdb_data_browse.obj
 0001:00115690       _sf_debug_st_fill_data     10116690 f   sfc_debugmsvc80:sfdb_data_browse.obj
 0001:00116090       _sf_debug_hm_get_simulink_handle 10117090 f   sfc_debugmsvc80:sfdb_handle_management.obj
 0001:00116a10       _sf_debug_hm_initialize_globals 10117a10 f   sfc_debugmsvc80:sfdb_handle_management.obj
 0001:00116b00       _sf_debug_hm_get_machine_debug_flag 10117b00 f   sfc_debugmsvc80:sfdb_handle_management.obj
 0001:00116c50       _sf_debug_hm_get_machine_id 10117c50 f   sfc_debugmsvc80:sfdb_handle_management.obj
 0001:00116d60       _sf_debug_hm_get_chart_id  10117d60 f   sfc_debugmsvc80:sfdb_handle_management.obj
 0001:00116ed0       _sf_debug_hm_register_executing_SFunction 10117ed0 f   sfc_debugmsvc80:sfdb_handle_management.obj
 0001:001171d0       _sf_debug_hm_form_object_boolean_properties 101181d0 f   sfc_debugmsvc80:sfdb_handle_management.obj
 0001:00117440       _sf_debug_hm_form_object_properties 10118440 f   sfc_debugmsvc80:sfdb_handle_management.obj
 0001:00117640       _sf_debug_hm_terminate_charts 10118640 f   sfc_debugmsvc80:sfdb_handle_management.obj
 0001:00117c60       _sf_debug_hm_terminate_machines 10118c60 f   sfc_debugmsvc80:sfdb_handle_management.obj
 0001:00119480       _sf_debug_ss_copy_dimension 1011a480 f   sfc_debugmsvc80:sfdb_symbol_scope.obj
 0001:001194f0       _sf_debug_ss_get_number_elements 1011a4f0 f   sfc_debugmsvc80:sfdb_symbol_scope.obj
 0001:00119510       _sf_debug_ss_fill_data_struct 1011a510 f   sfc_debugmsvc80:sfdb_symbol_scope.obj
 0001:00119700       _sf_debug_ss_reset_data_info 1011a700 f   sfc_debugmsvc80:sfdb_symbol_scope.obj
 0001:00119750       _sf_debug_fill_data_info_by_symbol_scope_entry 1011a750 f   sfc_debugmsvc80:sfdb_symbol_scope.obj
 0001:00119800       _sf_debug_fill_data_info_by_data_vector 1011a800 f   sfc_debugmsvc80:sfdb_symbol_scope.obj
 0001:001199c0       _get_data_info_helper      1011a9c0 f   sfc_debugmsvc80:sfdb_symbol_scope.obj
 0001:00119a40       _sf_debug_ss_get_data_info 1011aa40 f   sfc_debugmsvc80:sfdb_symbol_scope.obj
 0001:00119bf0       _sf_debug_select_mex_function 1011abf0 f   sfc_debugmsvc80:sfdb_symbol_scope.obj
 0001:00119c20       _sf_debug_is_dyn_matrix_initialized 1011ac20 f   sfc_debugmsvc80:sfdb_symbol_scope.obj
 0001:00119c40       _sf_debug_ss_set_data_value_try 1011ac40 f   sfc_debugmsvc80:sfdb_symbol_scope.obj
 0001:00119d70       _sf_debug_ss_get_data_value 1011ad70 f   sfc_debugmsvc80:sfdb_symbol_scope.obj
 0001:0011a2a0       _sf_debug_ss_data_bytes_string 1011b2a0 f   sfc_debugmsvc80:sfdb_symbol_scope.obj
 0001:0011a310       _sf_debug_ss_data_class_string 1011b310 f   sfc_debugmsvc80:sfdb_symbol_scope.obj
 0001:0011a660       _sf_debug_ss_data_size_string 1011b660 f   sfc_debugmsvc80:sfdb_symbol_scope.obj
 0001:0011a720       _sf_debug_ss_data_create_data_info_struct 1011b720 f   sfc_debugmsvc80:sfdb_symbol_scope.obj
 0001:0011a980       _sf_debug_ss_data_create_name_value_pair 1011b980 f   sfc_debugmsvc80:sfdb_symbol_scope.obj
 0001:0011a9e0       _sf_debug_ss_data_get_whos_info 1011b9e0 f   sfc_debugmsvc80:sfdb_symbol_scope.obj
 0001:0011aa10       _same_named_data_in_data_array 1011ba10 f   sfc_debugmsvc80:sfdb_symbol_scope.obj
 0001:0011bea0       _sf_debug_cc_terminate_chart 1011cea0 f   sfc_debugmsvc80:sfdb_coverage.obj
 0001:0011c1b0       _sf_debug_cc_terminate_instance 1011d1b0 f   sfc_debugmsvc80:sfdb_coverage.obj
 0001:0011cbe0       _sf_debug_cc_mark_object_if_needed 1011dbe0 f   sfc_debugmsvc80:sfdb_coverage.obj
 0001:0011d360       _sf_debug_bm_initialize_eml 1011e360 f   sfc_debugmsvc80:sfdb_breakpoints.obj
 0001:0011e330       _sf_debug_bm_map_debug_tag_to_breakpoint_tag 1011f330 f   sfc_debugmsvc80:sfdb_breakpoints.obj
 0001:0011e3d0       _sf_debug_bm_is_a_eml_breakpoint_impl 1011f3d0 f   sfc_debugmsvc80:sfdb_breakpoints.obj
 0001:0011fa30       _sf_debug_sc_push_on_error_stack 10120a30 f   sfc_debugmsvc80:sfdb_state_consistency.obj
 0001:0011fb30       _sf_debug_sc_reset_error_stack 10120b30 f   sfc_debugmsvc80:sfdb_state_consistency.obj
 0001:0011fc80       _sf_debug_sc_is_state_inconsistent 10120c80 f   sfc_debugmsvc80:sfdb_state_consistency.obj
 0001:0011fea0       _sf_debug_sc_fill_consistency_info 10120ea0 f   sfc_debugmsvc80:sfdb_state_consistency.obj
 0001:00120330       _void_assertion_fcn        10121330 f   sfc_debugmsvc80:sfdb_call_stack.obj
 0001:00120810       _sf_debug_tm_fill_local_trace 10121810 f   sfc_debugmsvc80:sfdb_call_stack.obj
 0001:00120c90       _sf_debug_cd_terminate_instance 10121c90 f   sfc_debugmsvc80:sfdb_cycle_detection.obj
 0001:00120cf0       _sf_debug_cd_free_checksum_stack 10121cf0 f   sfc_debugmsvc80:sfdb_cycle_detection.obj
 0001:00120d20       _sf_debug_cd_reset_pack_strings 10121d20 f   sfc_debugmsvc80:sfdb_cycle_detection.obj
 0001:00121360       _md5file_clear             10122360 f   sfc_debugmsvc80:ckmd5.obj
 0001:00121390       _Encode                    10122390 f   sfc_debugmsvc80:ckmd5.obj
 0001:001213d0       _Decode                    101223d0 f   sfc_debugmsvc80:ckmd5.obj
 0001:00121450       _MD5Transform              10122450 f   sfc_debugmsvc80:ckmd5.obj
 0001:00121b10       _md5file_addn              10122b10 f   sfc_debugmsvc80:ckmd5.obj
 0001:00121bc0       _md5file_hash              10122bc0 f   sfc_debugmsvc80:ckmd5.obj
 0001:001220f7       _pre_c_init                101230f7 f   MSVCRT:crtdll.obj
 0001:0012234f       ___DllMainCRTStartup       1012334f f   MSVCRT:crtdll.obj
